Archive member included to satisfy reference by file (symbol)

c:/chibistudio/tools/gnu tools arm embedded/11.3 2022.08/bin/../lib/gcc/arm-none-eabi/11.3.1/thumb/v7e-m/nofp\libg.a(libc_a-malloc.o)
                              C:\Users\Ridwane\AppData\Local\Temp\ccbHz2Im.ltrans1.ltrans.o (malloc)
c:/chibistudio/tools/gnu tools arm embedded/11.3 2022.08/bin/../lib/gcc/arm-none-eabi/11.3.1/thumb/v7e-m/nofp\libg.a(libc_a-mallocr.o)
                              c:/chibistudio/tools/gnu tools arm embedded/11.3 2022.08/bin/../lib/gcc/arm-none-eabi/11.3.1/thumb/v7e-m/nofp\libg.a(libc_a-malloc.o) (_malloc_r)
c:/chibistudio/tools/gnu tools arm embedded/11.3 2022.08/bin/../lib/gcc/arm-none-eabi/11.3.1/thumb/v7e-m/nofp\libg.a(libc_a-mlock.o)
                              c:/chibistudio/tools/gnu tools arm embedded/11.3 2022.08/bin/../lib/gcc/arm-none-eabi/11.3.1/thumb/v7e-m/nofp\libg.a(libc_a-mallocr.o) (__malloc_lock)
c:/chibistudio/tools/gnu tools arm embedded/11.3 2022.08/bin/../lib/gcc/arm-none-eabi/11.3.1/thumb/v7e-m/nofp\libg.a(libc_a-memcmp.o)
                              C:\Users\Ridwane\AppData\Local\Temp\ccbHz2Im.ltrans0.ltrans.o (memcmp)
c:/chibistudio/tools/gnu tools arm embedded/11.3 2022.08/bin/../lib/gcc/arm-none-eabi/11.3.1/thumb/v7e-m/nofp\libg.a(libc_a-memmove.o)
                              C:\Users\Ridwane\AppData\Local\Temp\ccbHz2Im.ltrans1.ltrans.o (memmove)
c:/chibistudio/tools/gnu tools arm embedded/11.3 2022.08/bin/../lib/gcc/arm-none-eabi/11.3.1/thumb/v7e-m/nofp\libg.a(libc_a-memset.o)
                              C:\Users\Ridwane\AppData\Local\Temp\ccbHz2Im.ltrans0.ltrans.o (memset)
c:/chibistudio/tools/gnu tools arm embedded/11.3 2022.08/bin/../lib/gcc/arm-none-eabi/11.3.1/thumb/v7e-m/nofp\libg.a(libc_a-strncmp.o)
                              C:\Users\Ridwane\AppData\Local\Temp\ccbHz2Im.ltrans0.ltrans.o (strncmp)
c:/chibistudio/tools/gnu tools arm embedded/11.3 2022.08/bin/../lib/gcc/arm-none-eabi/11.3.1/thumb/v7e-m/nofp\libg.a(libc_a-impure.o)
                              c:/chibistudio/tools/gnu tools arm embedded/11.3 2022.08/bin/../lib/gcc/arm-none-eabi/11.3.1/thumb/v7e-m/nofp\libg.a(libc_a-malloc.o) (_impure_ptr)
c:/chibistudio/tools/gnu tools arm embedded/11.3 2022.08/bin/../lib/gcc/arm-none-eabi/11.3.1/thumb/v7e-m/nofp\libg.a(libc_a-sbrkr.o)
                              c:/chibistudio/tools/gnu tools arm embedded/11.3 2022.08/bin/../lib/gcc/arm-none-eabi/11.3.1/thumb/v7e-m/nofp\libg.a(libc_a-mallocr.o) (_sbrk_r)
c:/chibistudio/tools/gnu tools arm embedded/11.3 2022.08/bin/../lib/gcc/arm-none-eabi/11.3.1/thumb/v7e-m/nofp\libg.a(libc_a-lock.o)
                              c:/chibistudio/tools/gnu tools arm embedded/11.3 2022.08/bin/../lib/gcc/arm-none-eabi/11.3.1/thumb/v7e-m/nofp\libg.a(libc_a-mlock.o) (__retarget_lock_acquire_recursive)
c:/chibistudio/tools/gnu tools arm embedded/11.3 2022.08/bin/../lib/gcc/arm-none-eabi/11.3.1/thumb/v7e-m/nofp\libg.a(libc_a-strcmp.o)
                              C:\Users\Ridwane\AppData\Local\Temp\ccbHz2Im.ltrans1.ltrans.o (strcmp)
c:/chibistudio/tools/gnu tools arm embedded/11.3 2022.08/bin/../lib/gcc/arm-none-eabi/11.3.1/thumb/v7e-m/nofp\libg.a(libc_a-memcpy.o)
                              C:\Users\Ridwane\AppData\Local\Temp\ccbHz2Im.ltrans0.ltrans.o (memcpy)
c:/chibistudio/tools/gnu tools arm embedded/11.3 2022.08/bin/../lib/gcc/arm-none-eabi/11.3.1/thumb/v7e-m/nofp\libg.a(libc_a-freer.o)
                              c:/chibistudio/tools/gnu tools arm embedded/11.3 2022.08/bin/../lib/gcc/arm-none-eabi/11.3.1/thumb/v7e-m/nofp\libg.a(libc_a-malloc.o) (_free_r)
c:/chibistudio/tools/gnu tools arm embedded/11.3 2022.08/bin/../lib/gcc/arm-none-eabi/11.3.1/thumb/v7e-m/nofp\libg.a(libc_a-findfp.o)
                              c:/chibistudio/tools/gnu tools arm embedded/11.3 2022.08/bin/../lib/gcc/arm-none-eabi/11.3.1/thumb/v7e-m/nofp\libg.a(libc_a-impure.o) (__sf)
c:/chibistudio/tools/gnu tools arm embedded/11.3 2022.08/bin/../lib/gcc/arm-none-eabi/11.3.1/thumb/v7e-m/nofp\libg.a(libc_a-fwalk.o)
                              c:/chibistudio/tools/gnu tools arm embedded/11.3 2022.08/bin/../lib/gcc/arm-none-eabi/11.3.1/thumb/v7e-m/nofp\libg.a(libc_a-findfp.o) (_fwalk_sglue)
c:/chibistudio/tools/gnu tools arm embedded/11.3 2022.08/bin/../lib/gcc/arm-none-eabi/11.3.1/thumb/v7e-m/nofp\libg.a(libc_a-stdio.o)
                              c:/chibistudio/tools/gnu tools arm embedded/11.3 2022.08/bin/../lib/gcc/arm-none-eabi/11.3.1/thumb/v7e-m/nofp\libg.a(libc_a-findfp.o) (__sread)
c:/chibistudio/tools/gnu tools arm embedded/11.3 2022.08/bin/../lib/gcc/arm-none-eabi/11.3.1/thumb/v7e-m/nofp\libg.a(libc_a-closer.o)
                              c:/chibistudio/tools/gnu tools arm embedded/11.3 2022.08/bin/../lib/gcc/arm-none-eabi/11.3.1/thumb/v7e-m/nofp\libg.a(libc_a-stdio.o) (_close_r)
c:/chibistudio/tools/gnu tools arm embedded/11.3 2022.08/bin/../lib/gcc/arm-none-eabi/11.3.1/thumb/v7e-m/nofp\libg.a(libc_a-reent.o)
[...]
Memory Configuration

Name             Origin             Length             Attributes
flash0           0x08000000         0x00100000         xr
flash1           0x00000000         0x00000000         xr
flash2           0x00000000         0x00000000         xr
flash3           0x00000000         0x00000000         xr
flash4           0x00000000         0x00000000         xr
flash5           0x00000000         0x00000000         xr
flash6           0x00000000         0x00000000         xr
flash7           0x00000000         0x00000000         xr
ram0             0x20000000         0x00020000         xw
ram1             0x20000000         0x0001c000         xw
ram2             0x2001c000         0x00004000         xw
ram3             0x00000000         0x00000000         xw
ram4             0x10000000         0x00010000         xw
ram5             0x40024000         0x00001000         xw
ram6             0x00000000         0x00000000         xw
ram7             0x00000000         0x00000000         xw
*default*        0x00000000         0xffffffff

Linker script and memory map

LOAD ./build/obj/crt0_v7m.o
LOAD ./build/obj/vectors.o
LOAD ./build/obj/chcoreasm.o
LOAD ./build/obj/crt1.o
LOAD C:\Users\Ridwane\AppData\Local\Temp\ccbHz2Im.ltrans0.ltrans.o
LOAD C:\Users\Ridwane\AppData\Local\Temp\ccbHz2Im.ltrans1.ltrans.o
LOAD C:\Users\Ridwane\AppData\Local\Temp\cc77RtQY.debug.temp.o
LOAD C:\Users\Ridwane\AppData\Local\Temp\ccAV2byo.debug.temp.o
LOAD C:\Users\Ridwane\AppData\Local\Temp\ccHXeggN.debug.temp.o
LOAD C:\Users\Ridwane\AppData\Local\Temp\cc8Jzz0b.debug.temp.o
LOAD C:\Users\Ridwane\AppData\Local\Temp\ccPokwGA.debug.temp.o
LOAD C:\Users\Ridwane\AppData\Local\Temp\ccGCsLxZ.debug.temp.o
LOAD C:\Users\Ridwane\AppData\Local\Temp\ccrV6Uqo.debug.temp.o
LOAD C:\Users\Ridwane\AppData\Local\Temp\ccC36fdN.debug.temp.o
LOAD C:\Users\Ridwane\AppData\Local\Temp\cc39H6cc.debug.temp.o
LOAD C:\Users\Ridwane\AppData\Local\Temp\ccmmEpfB.debug.temp.o
LOAD C:\Users\Ridwane\AppData\Local\Temp\ccZssOc0.debug.temp.o
LOAD C:\Users\Ridwane\AppData\Local\Temp\ccWDpJnp.debug.temp.o
LOAD C:\Users\Ridwane\AppData\Local\Temp\cc9GMhuO.debug.temp.o
LOAD C:\Users\Ridwane\AppData\Local\Temp\ccYn4vwc.debug.temp.o
LOAD C:\Users\Ridwane\AppData\Local\Temp\cc7QxgBA.debug.temp.o
LOAD C:\Users\Ridwane\AppData\Local\Temp\ccWpFrTY.debug.temp.o
LOAD C:\Users\Ridwane\AppData\Local\Temp\cchVUx4m.debug.temp.o
LOAD C:\Users\Ridwane\AppData\Local\Temp\cccVyttL.debug.temp.o
LOAD C:\Users\Ridwane\AppData\Local\Temp\cc57jBU9.debug.temp.o
LOAD C:\Users\Ridwane\AppData\Local\Temp\cc2CpRey.debug.temp.o
LOAD C:\Users\Ridwane\AppData\Local\Temp\ccrmHnMW.debug.temp.o
LOAD C:\Users\Ridwane\AppData\Local\Temp\ccUFKvfl.debug.temp.o
LOAD C:\Users\Ridwane\AppData\Local\Temp\ccvXOZKJ.debug.temp.o
LOAD C:\Users\Ridwane\AppData\Local\Temp\ccQmBUi7.debug.temp.o
LOAD C:\Users\Ridwane\AppData\Local\Temp\ccxNCtMu.debug.temp.o
LOAD C:\Users\Ridwane\AppData\Local\Temp\ccmG8fiS.debug.temp.o
LOAD C:\Users\Ridwane\AppData\Local\Temp\cclmng1f.debug.temp.o
LOAD C:\Users\Ridwane\AppData\Local\Temp\ccSBDSDD.debug.temp.o
LOAD C:\Users\Ridwane\AppData\Local\Temp\ccXKrUt1.debug.temp.o
LOAD C:\Users\Ridwane\AppData\Local\Temp\ccwxYUep.debug.temp.o
LOAD C:\Users\Ridwane\AppData\Local\Temp\ccdMZ81M.debug.temp.o
LOAD C:\Users\Ridwane\AppData\Local\Temp\ccidLa3a.debug.temp.o
LOAD C:\Users\Ridwane\AppData\Local\Temp\ccvgKgZy.debug.temp.o
LOAD C:\Users\Ridwane\AppData\Local\Temp\ccsPjFC0.debug.temp.o
LOAD C:\Users\Ridwane\AppData\Local\Temp\ccFgjHbs.debug.temp.o
LOAD C:\Users\Ridwane\AppData\Local\Temp\cc8DQXXT.debug.temp.o
LOAD C:\Users\Ridwane\AppData\Local\Temp\ccPCHsMl.debug.temp.o
LOAD C:\Users\Ridwane\AppData\Local\Temp\ccGk9zwN.debug.temp.o
LOAD C:\Users\Ridwane\AppData\Local\Temp\ccR6Jduf.debug.temp.o
LOAD C:\Users\Ridwane\AppData\Local\Temp\ccavyVmH.debug.temp.o
LOAD C:\Users\Ridwane\AppData\Local\Temp\ccR56qt9.debug.temp.o
LOAD C:\Users\Ridwane\AppData\Local\Temp\ccikgVvB.debug.temp.o
LOAD C:\Users\Ridwane\AppData\Local\Temp\ccdm1lB2.debug.temp.o
LOAD C:\Users\Ridwane\AppData\Local\Temp\cc6c3pBt.debug.temp.o
LOAD C:\Users\Ridwane\AppData\Local\Temp\cc7x8uMU.debug.temp.o
LOAD C:\Users\Ridwane\AppData\Local\Temp\cckD2VSl.debug.temp.o
LOAD C:\Users\Ridwane\AppData\Local\Temp\ccVUGadN.debug.temp.o
LOAD C:\Users\Ridwane\AppData\Local\Temp\ccIYIyBe.debug.temp.o
LOAD C:\Users\Ridwane\AppData\Local\Temp\ccJ94MTF.debug.temp.o
LOAD C:\Users\Ridwane\AppData\Local\Temp\ccYHb7o7.debug.temp.o
LOAD C:\Users\Ridwane\AppData\Local\Temp\cclSvvPy.debug.temp.o
LOAD C:\Users\Ridwane\AppData\Local\Temp\ccG32LiZ.debug.temp.o
LOAD C:\Users\Ridwane\AppData\Local\Temp\ccjYuyOp.debug.temp.o
LOAD C:\Users\Ridwane\AppData\Local\Temp\ccYnoFfQ.debug.temp.o
LOAD C:\Users\Ridwane\AppData\Local\Temp\ccRqaORg.debug.temp.o
LOAD C:\Users\Ridwane\AppData\Local\Temp\ccmVqUpH.debug.temp.o
LOAD C:\Users\Ridwane\AppData\Local\Temp\ccDC7ab8.debug.temp.o
LOAD C:\Users\Ridwane\AppData\Local\Temp\cc2V1vRy.debug.temp.o
LOAD C:\Users\Ridwane\AppData\Local\Temp\ccDP1lAZ.debug.temp.o
LOAD C:\Users\Ridwane\AppData\Local\Temp\ccyNaIwq.debug.temp.o
LOAD C:\Users\Ridwane\AppData\Local\Temp\ccbS9apR.debug.temp.o
LOAD C:\Users\Ridwane\AppData\Local\Temp\ccwXtwjh.debug.temp.o
LOAD C:\Users\Ridwane\AppData\Local\Temp\ccz3u98G.debug.temp.o
LOAD C:\Users\Ridwane\AppData\Local\Temp\ccWdFic7.debug.temp.o
LOAD C:\Users\Ridwane\AppData\Local\Temp\cczgf5ax.debug.temp.o
LOAD C:\Users\Ridwane\AppData\Local\Temp\ccuEVRlX.debug.temp.o
LOAD C:\Users\Ridwane\AppData\Local\Temp\cc1Nk6qn.debug.temp.o
LOAD C:\Users\Ridwane\AppData\Local\Temp\ccmhx3JN.debug.temp.o
LOAD C:\Users\Ridwane\AppData\Local\Temp\ccPmX4Xd.debug.temp.o
LOAD C:\Users\Ridwane\AppData\Local\Temp\ccaqsCVH.debug.temp.o
LOAD C:\Users\Ridwane\AppData\Local\Temp\ccLlnNOb.debug.temp.o
LOAD C:\Users\Ridwane\AppData\Local\Temp\ccy3F7LF.debug.temp.o
LOAD C:\Users\Ridwane\AppData\Local\Temp\ccJXIfX9.debug.temp.o
LOAD C:\Users\Ridwane\AppData\Local\Temp\ccY95v1D.debug.temp.o
LOAD C:\Users\Ridwane\AppData\Local\Temp\ccHFZjj8.debug.temp.o
LOAD C:\Users\Ridwane\AppData\Local\Temp\ccsGkswC.debug.temp.o
LOAD C:\Users\Ridwane\AppData\Local\Temp\ccB5H2Y6.debug.temp.o
LOAD C:\Users\Ridwane\AppData\Local\Temp\cc8mduwA.debug.temp.o
LOAD C:\Users\Ridwane\AppData\Local\Temp\cc3YCM13.debug.temp.o
LOAD C:\Users\Ridwane\AppData\Local\Temp\ccmXvJDx.debug.temp.o
LOAD C:\Users\Ridwane\AppData\Local\Temp\ccB7h9h1.debug.temp.o
LOAD C:\Users\Ridwane\AppData\Local\Temp\cciudy9u.debug.temp.o
LOAD ./build/obj/hal.o
LOAD ./build/obj/hal_st.o
LOAD ./build/obj/hal_buffered_serial.o
LOAD ./build/obj/hal_buffers.o
LOAD ./build/obj/hal_queues.o
LOAD ./build/obj/hal_flash.o
LOAD ./build/obj/hal_mmcsd.o
LOAD ./build/obj/hal_pal.o
LOAD ./build/obj/hal_serial.o
LOAD ./build/obj/nvic.o
LOAD ./build/obj/stm32_isr.o
LOAD ./build/obj/hal_lld.o
LOAD ./build/obj/hal_efl_lld.o
LOAD ./build/obj/stm32_dma.o
LOAD ./build/obj/stm32_exti.o
LOAD ./build/obj/hal_pal_lld.o
LOAD ./build/obj/hal_st_lld.o
LOAD ./build/obj/hal_serial_lld.o
LOAD ./build/obj/board.o
LOAD ./build/obj/osal.o
LOAD ./build/obj/chsys.o
LOAD ./build/obj/chrfcu.o
LOAD ./build/obj/chdebug.o
LOAD ./build/obj/chtrace.o
LOAD ./build/obj/chvt.o
LOAD ./build/obj/chschd.o
LOAD ./build/obj/chinstances.o
LOAD ./build/obj/chthreads.o
LOAD ./build/obj/chtm.o
LOAD ./build/obj/chregistry.o
LOAD ./build/obj/chsem.o
LOAD ./build/obj/chmtx.o
LOAD ./build/obj/chcond.o
LOAD ./build/obj/chevents.o
LOAD ./build/obj/chmsg.o
LOAD ./build/obj/chdynamic.o
LOAD ./build/obj/chmboxes.o
LOAD ./build/obj/chmemcore.o
LOAD ./build/obj/chmemheaps.o
LOAD ./build/obj/chmempools.o
LOAD ./build/obj/chpipes.o
LOAD ./build/obj/chobjcaches.o
LOAD ./build/obj/chdelegates.o
LOAD ./build/obj/chfactory.o
LOAD ./build/obj/chcore.o
LOAD ./build/obj/ch_test.o
LOAD ./build/obj/ch_test_printf.o
LOAD ./build/obj/rt_test_root.o
LOAD ./build/obj/rt_test_sequence_001.o
LOAD ./build/obj/rt_test_sequence_002.o
LOAD ./build/obj/rt_test_sequence_003.o
LOAD ./build/obj/rt_test_sequence_004.o
LOAD ./build/obj/rt_test_sequence_005.o
LOAD ./build/obj/rt_test_sequence_006.o
LOAD ./build/obj/rt_test_sequence_007.o
LOAD ./build/obj/rt_test_sequence_008.o
LOAD ./build/obj/rt_test_sequence_009.o
LOAD ./build/obj/rt_test_sequence_010.o
LOAD ./build/obj/rt_test_sequence_011.o
LOAD ./build/obj/rt_test_sequence_012.o
LOAD ./build/obj/oslib_test_root.o
LOAD ./build/obj/oslib_test_sequence_001.o
LOAD ./build/obj/oslib_test_sequence_002.o
LOAD ./build/obj/oslib_test_sequence_003.o
LOAD ./build/obj/oslib_test_sequence_004.o
LOAD ./build/obj/oslib_test_sequence_005.o
LOAD ./build/obj/oslib_test_sequence_006.o
LOAD ./build/obj/oslib_test_sequence_007.o
LOAD ./build/obj/oslib_test_sequence_008.o
LOAD ./build/obj/oslib_test_sequence_009.o
LOAD ./build/obj/main.o
LOAD ./build/obj/sign.o
LOAD ./build/obj/nist.o
LOAD ./build/obj/codec.o
LOAD ./build/obj/common.o
LOAD ./build/obj/fft.o
LOAD ./build/obj/fpr.o
LOAD ./build/obj/keygen.o
LOAD ./build/obj/rng.o
LOAD ./build/obj/shake.o
LOAD ./build/obj/vrfy.o

.mstack         0x20000000      0x400
                0x20000000                . = ALIGN (0x8)
                0x20000000                __main_stack_base__ = .
                0x20000400                . = (. + __main_stack_size__)
 *fill*         0x20000000      0x400 
                0x20000400                . = ALIGN (0x8)
                0x20000400                __main_stack_end__ = .

.pstack         0x20000400      0x400
                0x20000400                . = ALIGN (0x8)
                0x20000400                __process_stack_base__ = .
                0x20000400                __main_thread_stack_base__ = .
                0x20000800                . = (. + __process_stack_size__)
 *fill*         0x20000400      0x400 
                0x20000800                . = ALIGN (0x8)
                0x20000800                __process_stack_end__ = .
                0x20000800                __main_thread_stack_end__ = .

.vectors        0x08000000      0x1e0
                0x08000000                __textvectors_base__ = LOADADDR (.vectors)
                0x08000000                __vectors_base__ = .
 *(.vectors)
 .vectors       0x08000000      0x1e0 ./build/obj/vectors.o
                0x08000000                _vectors
                0x080001e0                __vectors_end__ = .

.xtors          0x080001e0        0x0
                0x080001e0                __init_array_base__ = .
 *(SORT_BY_NAME(.init_array.*))
 *(.init_array)
                0x080001e0                __init_array_end__ = .
                0x080001e0                __fini_array_base__ = .
 *(.fini_array)
 *(SORT_BY_NAME(.fini_array.*))
                0x080001e0                __fini_array_end__ = .

.text           0x080001e0    0x12264
                0x080001e0                __text_base__ = .
 *(.text)
 .text          0x080001e0       0xd8 ./build/obj/crt0_v7m.o
                0x080001e0                _crt0_entry
 .text          0x080002b8        0x8 ./build/obj/vectors.o
                0x080002b8                Reset_Handler
                0x080002ba                VectorE8
                0x080002ba                Vector9C
                0x080002ba                VectorAC
                0x080002ba                DebugMon_Handler
                0x080002ba                Vector1A0
                0x080002ba                Vector5C
                0x080002ba                Vector11C
                0x080002ba                HardFault_Handler
                0x080002ba                Vector1B8
                0x080002ba                Vector19C
                0x080002ba                Vector8C
                0x080002ba                SysTick_Handler
                0x080002ba                VectorDC
                0x080002ba                PendSV_Handler
                0x080002ba                Vector168
                0x080002ba                NMI_Handler
                0x080002ba                Vector110
                0x080002ba                Vector120
                0x080002ba                Vector1D8
                0x080002ba                VectorC8
                0x080002ba                Vector94
                0x080002ba                VectorA8
                0x080002ba                VectorB4
                0x080002ba                Vector74
                0x080002ba                Vector160
                0x080002ba                Vector1B0
                0x080002ba                UsageFault_Handler
                0x080002ba                VectorEC
                0x080002ba                Vector40
                0x080002ba                VectorF8
                0x080002ba                Vector108
                0x080002ba                VectorBC
                0x080002ba                Vector190
                0x080002ba                Vector150
                0x080002ba                Vector124
                0x080002ba                Vector1C4
                0x080002ba                Vector1CC
                0x080002ba                Vector148
                0x080002ba                Vector188
                0x080002ba                Vector198
                0x080002ba                Vector118
                0x080002ba                Vector64
                0x080002ba                Vector58
                0x080002ba                VectorCC
                0x080002ba                Vector54
                0x080002ba                Vector98
                0x080002ba                Vector138
                0x080002ba                Vector24
                0x080002ba                Vector1AC
                0x080002ba                Vector178
                0x080002ba                Vector84
                0x080002ba                SecureFault_Handler
                0x080002ba                Vector1A4
                0x080002ba                VectorD0
                0x080002ba                Vector1B4
                0x080002ba                Vector140
                0x080002ba                VectorE4
                0x080002ba                VectorC0
                0x080002ba                Vector158
                0x080002ba                Vector130
                0x080002ba                Vector1C0
                0x080002ba                Vector134
                0x080002ba                Vector1D0
                0x080002ba                VectorF0
                0x080002ba                Vector12C
                0x080002ba                Vector13C
                0x080002ba                Vector100
                0x080002ba                VectorE0
                0x080002ba                VectorF4
                0x080002ba                MemManage_Handler
                0x080002ba                Vector6C
                0x080002ba                VectorA0
                0x080002ba                VectorC4
                0x080002ba                Vector7C
                0x080002ba                Vector180
                0x080002ba                Vector90
                0x080002ba                Vector114
                0x080002ba                Vector164
                0x080002ba                Vector60
                0x080002ba                Vector1BC
                0x080002ba                Vector1D4
                0x080002ba                Vector17C
                0x080002ba                Vector48
                0x080002ba                Vector1A8
                0x080002ba                Vector16C
                0x080002ba                Vector70
                0x080002ba                VectorD4
                0x080002ba                Vector4C
                0x080002ba                Vector144
                0x080002ba                Vector80
                0x080002ba                Vector15C
                0x080002ba                Vector68
                0x080002ba                Vector78
                0x080002ba                Vector18C
                0x080002ba                Vector170
                0x080002ba                Vector88
                0x080002ba                Vector104
                0x080002ba                Vector184
                0x080002ba                Vector10C
                0x080002ba                Vector14C
                0x080002ba                BusFault_Handler
                0x080002ba                Vector50
                0x080002ba                Vector1C8
                0x080002ba                Vector194
                0x080002ba                Vector1DC
                0x080002ba                Vector154
                0x080002ba                Vector44
                0x080002ba                Vector28
                0x080002ba                VectorB8
                0x080002ba                VectorFC
                0x080002ba                Vector34
                0x080002ba                Vector128
                0x080002ba                VectorA4
                0x080002ba                Vector20
                0x080002ba                Vector174
                0x080002be                _unhandled_exception
 .text          0x080002c0       0x2a ./build/obj/chcoreasm.o
                0x080002c0                __port_switch
                0x080002d0                __port_thread_start
                0x080002e2                __port_switch_from_isr
                0x080002e6                __port_exit_from_isr
 *fill*         0x080002ea       0x16 
 .text          0x08000300      0x2dc c:/chibistudio/tools/gnu tools arm embedded/11.3 2022.08/bin/../lib/gcc/arm-none-eabi/11.3.1/thumb/v7e-m/nofp\libg.a(libc_a-strcmp.o)
                0x08000308                strcmp
 .text          0x080005dc      0x134 c:/chibistudio/tools/gnu tools arm embedded/11.3 2022.08/bin/../lib/gcc/arm-none-eabi/11.3.1/thumb/v7e-m/nofp\libg.a(libc_a-memcpy.o)
                0x080005dc                memcpy
 *(.text.*)
 .text._ctl.lto_priv.0
                0x08000710        0xc C:\Users\Ridwane\AppData\Local\Temp\ccbHz2Im.ltrans0.ltrans.o
                0x08000710                _ctl.lto_priv.0
 *fill*         0x0800071c        0x4 
 .text.notify2.lto_priv.0
                0x08000720       0x10 C:\Users\Ridwane\AppData\Local\Temp\ccbHz2Im.ltrans0.ltrans.o
                0x08000720                notify2.lto_priv.0
 .text.__idle_thread.lto_priv.0
                0x08000730        0x4 C:\Users\Ridwane\AppData\Local\Temp\ccbHz2Im.ltrans0.ltrans.o
                0x08000730                __idle_thread.lto_priv.0
 *fill*         0x08000734        0xc 
 .text.chCoreAllocFromTop
                0x08000740       0x3c C:\Users\Ridwane\AppData\Local\Temp\ccbHz2Im.ltrans0.ltrans.o
                0x08000740                chCoreAllocFromTop
 *fill*         0x0800077c        0x4 
 .text.__ch_delegate_fn0
                0x08000780        0xc C:\Users\Ridwane\AppData\Local\Temp\ccbHz2Im.ltrans0.ltrans.o
 *fill*         0x0800078c        0x4 
 .text.__ch_delegate_fn1
                0x08000790       0x1c C:\Users\Ridwane\AppData\Local\Temp\ccbHz2Im.ltrans0.ltrans.o
 *fill*         0x080007ac        0x4 
 .text.__ch_delegate_fn2
                0x080007b0       0x1c C:\Users\Ridwane\AppData\Local\Temp\ccbHz2Im.ltrans0.ltrans.o
 *fill*         0x080007cc        0x4 
 .text.__ch_delegate_fn3
                0x080007d0       0x20 C:\Users\Ridwane\AppData\Local\Temp\ccbHz2Im.ltrans0.ltrans.o
 .text.__ch_delegate_fn4
                0x080007f0       0x24 C:\Users\Ridwane\AppData\Local\Temp\ccbHz2Im.ltrans0.ltrans.o
 *fill*         0x08000814        0xc 
 .text.chCoreAllocAlignedI.lto_priv.0
                0x08000820       0x20 C:\Users\Ridwane\AppData\Local\Temp\ccbHz2Im.ltrans0.ltrans.o
                0x08000820                chCoreAllocAlignedI.lto_priv.0
 .text.test_stream_putchar.lto_priv.0
                0x08000840       0x18 C:\Users\Ridwane\AppData\Local\Temp\ccbHz2Im.ltrans0.ltrans.o
                0x08000840                test_stream_putchar.lto_priv.0
 *fill*         0x08000858        0x8 
 .text.__test_assert_sequence
                0x08000860       0x3c C:\Users\Ridwane\AppData\Local\Temp\ccbHz2Im.ltrans0.ltrans.o
 *fill*         0x0800089c        0x4 
 .text.rt_test_002_001_execute.lto_priv.0
                0x080008a0      0x128 C:\Users\Ridwane\AppData\Local\Temp\ccbHz2Im.ltrans0.ltrans.o
                0x080008a0                rt_test_002_001_execute.lto_priv.0
 *fill*         0x080009c8        0x8 
 .text.rt_test_002_003_execute.lto_priv.0
                0x080009d0       0x24 C:\Users\Ridwane\AppData\Local\Temp\ccbHz2Im.ltrans0.ltrans.o
                0x080009d0                rt_test_002_003_execute.lto_priv.0
 *fill*         0x080009f4        0xc 
 .text.rt_test_003_001_execute.lto_priv.0
                0x08000a00       0x18 C:\Users\Ridwane\AppData\Local\Temp\ccbHz2Im.ltrans0.ltrans.o
                0x08000a00                rt_test_003_001_execute.lto_priv.0
 *fill*         0x08000a18        0x8 
 .text.rt_test_003_002_execute.lto_priv.0
                0x08000a20        0xc C:\Users\Ridwane\AppData\Local\Temp\ccbHz2Im.ltrans0.ltrans.o
                0x08000a20                rt_test_003_002_execute.lto_priv.0
 *fill*         0x08000a2c        0x4 
 .text.thread   0x08000a30       0x1c C:\Users\Ridwane\AppData\Local\Temp\ccbHz2Im.ltrans0.ltrans.o
 *fill*         0x08000a4c        0x4 
 .text.rt_test_006_001_setup.lto_priv.0
                0x08000a50        0xc C:\Users\Ridwane\AppData\Local\Temp\ccbHz2Im.ltrans0.ltrans.o
                0x08000a50                rt_test_006_001_setup.lto_priv.0
 *fill*         0x08000a5c        0x4 
 .text.rt_test_007_001_setup.lto_priv.0
                0x08000a60       0x10 C:\Users\Ridwane\AppData\Local\Temp\ccbHz2Im.ltrans0.ltrans.o
                0x08000a60                rt_test_007_001_setup.lto_priv.0
 .text.rt_test_007_005_setup.lto_priv.0
                0x08000a70       0x10 C:\Users\Ridwane\AppData\Local\Temp\ccbHz2Im.ltrans0.ltrans.o
                0x08000a70                rt_test_007_005_setup.lto_priv.0
 .text.rt_test_007_002_setup
                0x08000a80       0x10 C:\Users\Ridwane\AppData\Local\Temp\ccbHz2Im.ltrans0.ltrans.o
                0x08000a80                rt_test_007_002_setup.lto_priv.0
 .text.rt_test_007_003_setup
                0x08000a90       0x10 C:\Users\Ridwane\AppData\Local\Temp\ccbHz2Im.ltrans0.ltrans.o
                0x08000a90                rt_test_007_003_setup.lto_priv.0
 .text.rt_test_007_004_setup
                0x08000aa0       0x10 C:\Users\Ridwane\AppData\Local\Temp\ccbHz2Im.ltrans0.ltrans.o
                0x08000aa0                rt_test_007_004_setup.lto_priv.0
 .text.rt_test_008_005_setup.lto_priv.0
                0x08000ab0       0x10 C:\Users\Ridwane\AppData\Local\Temp\ccbHz2Im.ltrans0.ltrans.o
                0x08000ab0                rt_test_008_005_setup.lto_priv.0
 .text.rt_test_008_001_setup
                0x08000ac0       0x10 C:\Users\Ridwane\AppData\Local\Temp\ccbHz2Im.ltrans0.ltrans.o
                0x08000ac0                rt_test_008_001_setup.lto_priv.0
 .text.rt_test_008_004_setup.lto_priv.0
                0x08000ad0       0x1c C:\Users\Ridwane\AppData\Local\Temp\ccbHz2Im.ltrans0.ltrans.o
                0x08000ad0                rt_test_008_004_setup.lto_priv.0
 *fill*         0x08000aec        0x4 
 .text.rt_test_008_008_setup.lto_priv.0
                0x08000af0       0x1c C:\Users\Ridwane\AppData\Local\Temp\ccbHz2Im.ltrans0.ltrans.o
                0x08000af0                rt_test_008_008_setup.lto_priv.0
 *fill*         0x08000b0c        0x4 
 .text.rt_test_008_007_setup
                0x08000b10       0x1c C:\Users\Ridwane\AppData\Local\Temp\ccbHz2Im.ltrans0.ltrans.o
                0x08000b10                rt_test_008_007_setup.lto_priv.0
 *fill*         0x08000b2c        0x4 
 .text.rt_test_008_009_setup.lto_priv.0
                0x08000b30       0x28 C:\Users\Ridwane\AppData\Local\Temp\ccbHz2Im.ltrans0.ltrans.o
                0x08000b30                rt_test_008_009_setup.lto_priv.0
 *fill*         0x08000b58        0x8 
 .text.h1       0x08000b60       0x1c C:\Users\Ridwane\AppData\Local\Temp\ccbHz2Im.ltrans0.ltrans.o
 *fill*         0x08000b7c        0x4 
 .text.h2       0x08000b80       0x1c C:\Users\Ridwane\AppData\Local\Temp\ccbHz2Im.ltrans0.ltrans.o
 *fill*         0x08000b9c        0x4 
 .text.h3       0x08000ba0       0x1c C:\Users\Ridwane\AppData\Local\Temp\ccbHz2Im.ltrans0.ltrans.o
 *fill*         0x08000bbc        0x4 
 .text.rt_test_010_001_execute.lto_priv.0
                0x08000bc0       0xfc C:\Users\Ridwane\AppData\Local\Temp\ccbHz2Im.ltrans0.ltrans.o
                0x08000bc0                rt_test_010_001_execute.lto_priv.0
 *fill*         0x08000cbc        0x4 
 .text.rt_test_010_002_setup
                0x08000cc0       0x18 C:\Users\Ridwane\AppData\Local\Temp\ccbHz2Im.ltrans0.ltrans.o
                0x08000cc0                rt_test_010_002_setup.lto_priv.0
 *fill*         0x08000cd8        0x8 
 .text.rt_test_010_002_execute.lto_priv.0
                0x08000ce0       0x50 C:\Users\Ridwane\AppData\Local\Temp\ccbHz2Im.ltrans0.ltrans.o
                0x08000ce0                rt_test_010_002_execute.lto_priv.0
 .text.rt_test_010_003_setup
                0x08000d30       0x18 C:\Users\Ridwane\AppData\Local\Temp\ccbHz2Im.ltrans0.ltrans.o
                0x08000d30                rt_test_010_003_setup.lto_priv.0
 *fill*         0x08000d48        0x8 
 .text.rt_test_010_004_setup
                0x08000d50       0x18 C:\Users\Ridwane\AppData\Local\Temp\ccbHz2Im.ltrans0.ltrans.o
                0x08000d50                rt_test_010_004_setup.lto_priv.0
 *fill*         0x08000d68        0x8 
 .text.rt_test_010_005_setup
                0x08000d70       0x18 C:\Users\Ridwane\AppData\Local\Temp\ccbHz2Im.ltrans0.ltrans.o
                0x08000d70                rt_test_010_005_setup.lto_priv.0
 *fill*         0x08000d88        0x8 
 .text.rt_test_010_006_setup.lto_priv.0
                0x08000d90       0x18 C:\Users\Ridwane\AppData\Local\Temp\ccbHz2Im.ltrans0.ltrans.o
                0x08000d90                rt_test_010_006_setup.lto_priv.0
 *fill*         0x08000da8        0x8 
 .text.rt_test_010_007_setup.lto_priv.0
                0x08000db0       0x28 C:\Users\Ridwane\AppData\Local\Temp\ccbHz2Im.ltrans0.ltrans.o
                0x08000db0                rt_test_010_007_setup.lto_priv.0
 *fill*         0x08000dd8        0x8 
 .text.dyn_thread1
                0x08000de0       0x1c C:\Users\Ridwane\AppData\Local\Temp\ccbHz2Im.ltrans0.ltrans.o
                0x08000de0                dyn_thread1.lto_priv.0
 *fill*         0x08000dfc        0x4 
 .text.rt_test_011_001_setup.lto_priv.0
                0x08000e00       0x34 C:\Users\Ridwane\AppData\Local\Temp\ccbHz2Im.ltrans0.ltrans.o
                0x08000e00                rt_test_011_001_setup.lto_priv.0
 *fill*         0x08000e34        0xc 
 .text.rt_test_011_002_setup.lto_priv.0
                0x08000e40       0x18 C:\Users\Ridwane\AppData\Local\Temp\ccbHz2Im.ltrans0.ltrans.o
                0x08000e40                rt_test_011_002_setup.lto_priv.0
 *fill*         0x08000e58        0x8 
 .text.tmo      0x08000e60        0x4 C:\Users\Ridwane\AppData\Local\Temp\ccbHz2Im.ltrans0.ltrans.o
 *fill*         0x08000e64        0xc 
 .text.rt_test_012_007_setup.lto_priv.0
                0x08000e70       0x10 C:\Users\Ridwane\AppData\Local\Temp\ccbHz2Im.ltrans0.ltrans.o
                0x08000e70                rt_test_012_007_setup.lto_priv.0
 .text.rt_test_012_010_setup.lto_priv.0
                0x08000e80       0x10 C:\Users\Ridwane\AppData\Local\Temp\ccbHz2Im.ltrans0.ltrans.o
                0x08000e80                rt_test_012_010_setup.lto_priv.0
 .text.rt_test_012_011_setup.lto_priv.0
                0x08000e90       0x10 C:\Users\Ridwane\AppData\Local\Temp\ccbHz2Im.ltrans0.ltrans.o
                0x08000e90                rt_test_012_011_setup.lto_priv.0
 .text.oslib_test_002_003_setup.lto_priv.0
                0x08000ea0       0x34 C:\Users\Ridwane\AppData\Local\Temp\ccbHz2Im.ltrans0.ltrans.o
                0x08000ea0                oslib_test_002_003_setup.lto_priv.0
 *fill*         0x08000ed4        0xc 
 .text.oslib_test_002_001_setup
                0x08000ee0       0x34 C:\Users\Ridwane\AppData\Local\Temp\ccbHz2Im.ltrans0.ltrans.o
                0x08000ee0                oslib_test_002_001_setup.lto_priv.0
 *fill*         0x08000f14        0xc 
 .text.oslib_test_002_002_setup
                0x08000f20       0x34 C:\Users\Ridwane\AppData\Local\Temp\ccbHz2Im.ltrans0.ltrans.o
                0x08000f20                oslib_test_002_002_setup.lto_priv.0
 *fill*         0x08000f54        0xc 
 .text.oslib_test_003_001_setup.lto_priv.0
                0x08000f60       0x48 C:\Users\Ridwane\AppData\Local\Temp\ccbHz2Im.ltrans0.ltrans.o
                0x08000f60                oslib_test_003_001_setup.lto_priv.0
 *fill*         0x08000fa8        0x8 
 .text.oslib_test_003_002_setup.lto_priv.0
                0x08000fb0       0x48 C:\Users\Ridwane\AppData\Local\Temp\ccbHz2Im.ltrans0.ltrans.o
                0x08000fb0                oslib_test_003_002_setup.lto_priv.0
 *fill*         0x08000ff8        0x8 
 .text.dis_func0
                0x08001000       0x20 C:\Users\Ridwane\AppData\Local\Temp\ccbHz2Im.ltrans0.ltrans.o
 .text.dis_func1
                0x08001020       0x18 C:\Users\Ridwane\AppData\Local\Temp\ccbHz2Im.ltrans0.ltrans.o
 *fill*         0x08001038        0x8 
 .text.dis_func2
                0x08001040       0x2c C:\Users\Ridwane\AppData\Local\Temp\ccbHz2Im.ltrans0.ltrans.o
 *fill*         0x0800106c        0x4 
 .text.dis_func3
                0x08001070       0x38 C:\Users\Ridwane\AppData\Local\Temp\ccbHz2Im.ltrans0.ltrans.o
 *fill*         0x080010a8        0x8 
 .text.dis_func4
                0x080010b0       0x48 C:\Users\Ridwane\AppData\Local\Temp\ccbHz2Im.ltrans0.ltrans.o
 *fill*         0x080010f8        0x8 
 .text.dis_func_end
                0x08001100       0x28 C:\Users\Ridwane\AppData\Local\Temp\ccbHz2Im.ltrans0.ltrans.o
 *fill*         0x08001128        0x8 
 .text.obj_write
                0x08001130       0x20 C:\Users\Ridwane\AppData\Local\Temp\ccbHz2Im.ltrans0.ltrans.o
 .text.null_provider
                0x08001150        0x4 C:\Users\Ridwane\AppData\Local\Temp\ccbHz2Im.ltrans0.ltrans.o
 *fill*         0x08001154        0xc 
 .text.oslib_test_007_001_setup.lto_priv.0
                0x08001160       0x14 C:\Users\Ridwane\AppData\Local\Temp\ccbHz2Im.ltrans0.ltrans.o
                0x08001160                oslib_test_007_001_setup.lto_priv.0
 *fill*         0x08001174        0xc 
 .text.oslib_test_007_001_execute.lto_priv.0
                0x08001180      0x198 C:\Users\Ridwane\AppData\Local\Temp\ccbHz2Im.ltrans0.ltrans.o
                0x08001180                oslib_test_007_001_execute.lto_priv.0
 *fill*         0x08001318        0x8 
 .text.oslib_test_007_003_setup.lto_priv.0
                0x08001320       0x1c C:\Users\Ridwane\AppData\Local\Temp\ccbHz2Im.ltrans0.ltrans.o
                0x08001320                oslib_test_007_003_setup.lto_priv.0
 *fill*         0x0800133c        0x4 
 .text.oslib_test_007_002_setup
                0x08001340       0x1c C:\Users\Ridwane\AppData\Local\Temp\ccbHz2Im.ltrans0.ltrans.o
                0x08001340                oslib_test_007_002_setup.lto_priv.0
 *fill*         0x0800135c        0x4 
 .text.oslib_test_008_001_setup.lto_priv.0
                0x08001360       0x34 C:\Users\Ridwane\AppData\Local\Temp\ccbHz2Im.ltrans0.ltrans.o
                0x08001360                oslib_test_008_001_setup.lto_priv.0
 *fill*         0x08001394        0xc 
 .text.__sch_wakeup.lto_priv.0
                0x080013a0       0x70 C:\Users\Ridwane\AppData\Local\Temp\ccbHz2Im.ltrans0.ltrans.o
                0x080013a0                __sch_wakeup.lto_priv.0
 .text.chSemSignalI
                0x08001410       0x38 C:\Users\Ridwane\AppData\Local\Temp\ccbHz2Im.ltrans0.ltrans.o
                0x08001410                chSemSignalI
 *fill*         0x08001448        0x8 
 .text.chMtxUnlockS
                0x08001450       0x68 C:\Users\Ridwane\AppData\Local\Temp\ccbHz2Im.ltrans0.ltrans.o
 *fill*         0x080014b8        0x8 
 .text.chEvtBroadcastFlagsI
                0x080014c0       0x74 C:\Users\Ridwane\AppData\Local\Temp\ccbHz2Im.ltrans0.ltrans.o
 *fill*         0x08001534        0xc 
 .text.chThdYield
                0x08001540       0x50 C:\Users\Ridwane\AppData\Local\Temp\ccbHz2Im.ltrans0.ltrans.o
 .text.chMsgSend
                0x08001590       0x6c C:\Users\Ridwane\AppData\Local\Temp\ccbHz2Im.ltrans0.ltrans.o
 *fill*         0x080015fc        0x4 
 .text.msg_thread1
                0x08001600       0x28 C:\Users\Ridwane\AppData\Local\Temp\ccbHz2Im.ltrans0.ltrans.o
 *fill*         0x08001628        0x8 
 .text.thread1.lto_priv.1
                0x08001630       0x6c C:\Users\Ridwane\AppData\Local\Temp\ccbHz2Im.ltrans0.ltrans.o
 *fill*         0x0800169c        0x4 
 .text.bmk_thread3
                0x080016a0       0x88 C:\Users\Ridwane\AppData\Local\Temp\ccbHz2Im.ltrans0.ltrans.o
 *fill*         0x08001728        0x8 
 .text.bmk_thread4
                0x08001730       0x3c C:\Users\Ridwane\AppData\Local\Temp\ccbHz2Im.ltrans0.ltrans.o
 *fill*         0x0800176c        0x4 
 .text.bmk_thread7
                0x08001770       0x6c C:\Users\Ridwane\AppData\Local\Temp\ccbHz2Im.ltrans0.ltrans.o
 *fill*         0x080017dc        0x4 
 .text.bmk_thread8
                0x080017e0       0x74 C:\Users\Ridwane\AppData\Local\Temp\ccbHz2Im.ltrans0.ltrans.o
 *fill*         0x08001854        0xc 
 .text.chDelegateCallVeneer
                0x08001860       0x24 C:\Users\Ridwane\AppData\Local\Temp\ccbHz2Im.ltrans0.ltrans.o
 *fill*         0x08001884        0xc 
 .text.rt_test_007_001_teardown.lto_priv.0
                0x08001890        0xc C:\Users\Ridwane\AppData\Local\Temp\ccbHz2Im.ltrans0.ltrans.o
                0x08001890                rt_test_007_001_teardown.lto_priv.0
 *fill*         0x0800189c        0x4 
 .text.oslib_test_002_003_teardown.lto_priv.0
                0x080018a0        0x4 C:\Users\Ridwane\AppData\Local\Temp\ccbHz2Im.ltrans0.ltrans.o
                0x080018a0                oslib_test_002_003_teardown.lto_priv.0
 *fill*         0x080018a4        0xc 
 .text.oslib_test_002_001_teardown
                0x080018b0        0x4 C:\Users\Ridwane\AppData\Local\Temp\ccbHz2Im.ltrans0.ltrans.o
                0x080018b0                oslib_test_002_001_teardown.lto_priv.0
 *fill*         0x080018b4        0xc 
 .text.oslib_test_002_002_teardown
                0x080018c0        0x4 C:\Users\Ridwane\AppData\Local\Temp\ccbHz2Im.ltrans0.ltrans.o
                0x080018c0                oslib_test_002_002_teardown.lto_priv.0
 *fill*         0x080018c4        0xc 
 .text.oslib_test_003_002_execute.lto_priv.0
                0x080018d0       0x88 C:\Users\Ridwane\AppData\Local\Temp\ccbHz2Im.ltrans0.ltrans.o
                0x080018d0                oslib_test_003_002_execute.lto_priv.0
 *fill*         0x08001958        0x8 
 .text.__cpu_init
                0x08001960        0x4 C:\Users\Ridwane\AppData\Local\Temp\ccbHz2Im.ltrans0.ltrans.o
                0x08001960                __cpu_init
 *fill*         0x08001964        0xc 
 .text.__late_init
                0x08001970        0x4 C:\Users\Ridwane\AppData\Local\Temp\ccbHz2Im.ltrans0.ltrans.o
                0x08001970                __late_init
 *fill*         0x08001974        0xc 
 .text.__default_exit
                0x08001980        0x4 C:\Users\Ridwane\AppData\Local\Temp\ccbHz2Im.ltrans0.ltrans.o
                0x08001980                __default_exit
 *fill*         0x08001984        0xc 
 .text.__init_ram_areas
                0x08001990       0x6c C:\Users\Ridwane\AppData\Local\Temp\ccbHz2Im.ltrans0.ltrans.o
                0x08001990                __init_ram_areas
 *fill*         0x080019fc        0x4 
 .text.VectorD8
                0x08001a00      0x22c C:\Users\Ridwane\AppData\Local\Temp\ccbHz2Im.ltrans0.ltrans.o
                0x08001a00                VectorD8
 *fill*         0x08001c2c        0x4 
 .text.VectorB0
                0x08001c30      0x168 C:\Users\Ridwane\AppData\Local\Temp\ccbHz2Im.ltrans0.ltrans.o
                0x08001c30                VectorB0
 *fill*         0x08001d98        0x8 
 .text.__early_init
                0x08001da0      0x290 C:\Users\Ridwane\AppData\Local\Temp\ccbHz2Im.ltrans0.ltrans.o
                0x08001da0                __early_init
 .text.chVTDoResetI
                0x08002030       0xa4 C:\Users\Ridwane\AppData\Local\Temp\ccbHz2Im.ltrans0.ltrans.o
                0x08002030                chVTDoResetI
 *fill*         0x080020d4        0xc 
 .text.test_wait_tick
                0x080020e0       0x68 C:\Users\Ridwane\AppData\Local\Temp\ccbHz2Im.ltrans0.ltrans.o
 *fill*         0x08002148        0x8 
 .text.job_slow
                0x08002150       0x70 C:\Users\Ridwane\AppData\Local\Temp\ccbHz2Im.ltrans0.ltrans.o
 .text.__sch_reschedule_ahead.lto_priv.0
                0x080021c0       0x3c C:\Users\Ridwane\AppData\Local\Temp\ccbHz2Im.ltrans0.ltrans.o
                0x080021c0                __sch_reschedule_ahead.lto_priv.0
                0x080021c0                chSchDoPreemption
 *fill*         0x080021fc        0x4 
 .text.vtcb     0x08002200       0x50 C:\Users\Ridwane\AppData\Local\Temp\ccbHz2Im.ltrans0.ltrans.o
 .text.rt_test_005_003_execute.lto_priv.0
                0x08002250       0xbc C:\Users\Ridwane\AppData\Local\Temp\ccbHz2Im.ltrans0.ltrans.o
                0x08002250                rt_test_005_003_execute.lto_priv.0
 *fill*         0x0800230c        0x4 
 .text.rt_test_005_004_execute.lto_priv.0
                0x08002310      0x108 C:\Users\Ridwane\AppData\Local\Temp\ccbHz2Im.ltrans0.ltrans.o
                0x08002310                rt_test_005_004_execute.lto_priv.0
 *fill*         0x08002418        0x8 
 .text.thread1.lto_priv.0
                0x08002420       0x6c C:\Users\Ridwane\AppData\Local\Temp\ccbHz2Im.ltrans0.ltrans.o
 *fill*         0x0800248c        0x4 
 .text.thread4  0x08002490       0x34 C:\Users\Ridwane\AppData\Local\Temp\ccbHz2Im.ltrans0.ltrans.o
 *fill*         0x080024c4        0xc 
 .text.obj_read
                0x080024d0       0xc8 C:\Users\Ridwane\AppData\Local\Temp\ccbHz2Im.ltrans0.ltrans.o
 *fill*         0x08002598        0x8 
 .text.oslib_test_006_001_execute.lto_priv.0
                0x080025a0      0x5e8 C:\Users\Ridwane\AppData\Local\Temp\ccbHz2Im.ltrans0.ltrans.o
                0x080025a0                oslib_test_006_001_execute.lto_priv.0
 *fill*         0x08002b88        0x8 
 .text.chSchGoSleepTimeoutS
                0x08002b90       0x70 C:\Users\Ridwane\AppData\Local\Temp\ccbHz2Im.ltrans0.ltrans.o
                0x08002b90                chSchGoSleepTimeoutS
 .text.iqReadTimeout
                0x08002c00       0xe0 C:\Users\Ridwane\AppData\Local\Temp\ccbHz2Im.ltrans0.ltrans.o
 .text._read.lto_priv.0
                0x08002ce0        0xc C:\Users\Ridwane\AppData\Local\Temp\ccbHz2Im.ltrans0.ltrans.o
                0x08002ce0                _read.lto_priv.0
 *fill*         0x08002cec        0x4 
 .text._readt.lto_priv.0
                0x08002cf0        0x8 C:\Users\Ridwane\AppData\Local\Temp\ccbHz2Im.ltrans0.ltrans.o
                0x08002cf0                _readt.lto_priv.0
 *fill*         0x08002cf8        0x8 
 .text.iqGetTimeout
                0x08002d00       0x6c C:\Users\Ridwane\AppData\Local\Temp\ccbHz2Im.ltrans0.ltrans.o
 *fill*         0x08002d6c        0x4 
 .text._get.lto_priv.0
                0x08002d70        0xc C:\Users\Ridwane\AppData\Local\Temp\ccbHz2Im.ltrans0.ltrans.o
                0x08002d70                _get.lto_priv.0
 *fill*         0x08002d7c        0x4 
 .text._gett.lto_priv.0
                0x08002d80        0x8 C:\Users\Ridwane\AppData\Local\Temp\ccbHz2Im.ltrans0.ltrans.o
                0x08002d80                _gett.lto_priv.0
 *fill*         0x08002d88        0x8 
 .text.oqPutTimeout
                0x08002d90       0x78 C:\Users\Ridwane\AppData\Local\Temp\ccbHz2Im.ltrans0.ltrans.o
 *fill*         0x08002e08        0x8 
 .text._put.lto_priv.0
                0x08002e10        0xc C:\Users\Ridwane\AppData\Local\Temp\ccbHz2Im.ltrans0.ltrans.o
                0x08002e10                _put.lto_priv.0
 *fill*         0x08002e1c        0x4 
 .text._putt.lto_priv.0
                0x08002e20        0x8 C:\Users\Ridwane\AppData\Local\Temp\ccbHz2Im.ltrans0.ltrans.o
                0x08002e20                _putt.lto_priv.0
 *fill*         0x08002e28        0x8 
 .text.oqWriteTimeout
                0x08002e30       0xd8 C:\Users\Ridwane\AppData\Local\Temp\ccbHz2Im.ltrans0.ltrans.o
 *fill*         0x08002f08        0x8 
 .text._write.lto_priv.0
                0x08002f10        0xc C:\Users\Ridwane\AppData\Local\Temp\ccbHz2Im.ltrans0.ltrans.o
                0x08002f10                _write.lto_priv.0
 *fill*         0x08002f1c        0x4 
 .text._writet.lto_priv.0
                0x08002f20        0x8 C:\Users\Ridwane\AppData\Local\Temp\ccbHz2Im.ltrans0.ltrans.o
                0x08002f20                _writet.lto_priv.0
 *fill*         0x08002f28        0x8 
 .text.chMBPostTimeout
                0x08002f30       0xd0 C:\Users\Ridwane\AppData\Local\Temp\ccbHz2Im.ltrans0.ltrans.o
 .text.chMBFetchTimeoutS
                0x08003000       0xa4 C:\Users\Ridwane\AppData\Local\Temp\ccbHz2Im.ltrans0.ltrans.o
 *fill*         0x080030a4        0xc 
 .text.oslib_test_002_003_execute.lto_priv.0
                0x080030b0      0x170 C:\Users\Ridwane\AppData\Local\Temp\ccbHz2Im.ltrans0.ltrans.o
                0x080030b0                oslib_test_002_003_execute.lto_priv.0
 .text.Thread1.lto_priv.0
                0x08003220       0x9c C:\Users\Ridwane\AppData\Local\Temp\ccbHz2Im.ltrans0.ltrans.o
 *fill*         0x080032bc        0x4 
 .text.chGuardedPoolAllocTimeout
                0x080032c0       0x68 C:\Users\Ridwane\AppData\Local\Temp\ccbHz2Im.ltrans0.ltrans.o
 *fill*         0x08003328        0x8 
 .text.oslib_test_007_002_execute.lto_priv.0
                0x08003330      0x160 C:\Users\Ridwane\AppData\Local\Temp\ccbHz2Im.ltrans0.ltrans.o
                0x08003330                oslib_test_007_002_execute.lto_priv.0
 .text.oslib_test_007_003_execute.lto_priv.0
                0x08003490       0x30 C:\Users\Ridwane\AppData\Local\Temp\ccbHz2Im.ltrans0.ltrans.o
                0x08003490                oslib_test_007_003_execute.lto_priv.0
 .text.rt_test_002_002_execute.lto_priv.0
                0x080034c0      0x134 C:\Users\Ridwane\AppData\Local\Temp\ccbHz2Im.ltrans0.ltrans.o
                0x080034c0                rt_test_002_002_execute.lto_priv.0
 *fill*         0x080035f4        0xc 
 .text.rt_test_004_001_execute.lto_priv.0
                0x08003600       0xa8 C:\Users\Ridwane\AppData\Local\Temp\ccbHz2Im.ltrans0.ltrans.o
                0x08003600                rt_test_004_001_execute.lto_priv.0
 *fill*         0x080036a8        0x8 
 .text.rt_test_005_001_execute.lto_priv.0
                0x080036b0       0xec C:\Users\Ridwane\AppData\Local\Temp\ccbHz2Im.ltrans0.ltrans.o
                0x080036b0                rt_test_005_001_execute.lto_priv.0
 *fill*         0x0800379c        0x4 
 .text.thread2  0x080037a0       0x70 C:\Users\Ridwane\AppData\Local\Temp\ccbHz2Im.ltrans0.ltrans.o
 .text.evt_thread3
                0x08003810       0x80 C:\Users\Ridwane\AppData\Local\Temp\ccbHz2Im.ltrans0.ltrans.o
 .text.evt_thread7
                0x08003890       0x6c C:\Users\Ridwane\AppData\Local\Temp\ccbHz2Im.ltrans0.ltrans.o
 *fill*         0x080038fc        0x4 
 .text.rt_test_010_006_execute.lto_priv.0
                0x08003900      0x128 C:\Users\Ridwane\AppData\Local\Temp\ccbHz2Im.ltrans0.ltrans.o
                0x08003900                rt_test_010_006_execute.lto_priv.0
 *fill*         0x08003a28        0x8 
 .text.msg_loop_test
                0x08003a30       0xb8 C:\Users\Ridwane\AppData\Local\Temp\ccbHz2Im.ltrans0.ltrans.o
 *fill*         0x08003ae8        0x8 
 .text.chSchWakeupS
                0x08003af0       0x60 C:\Users\Ridwane\AppData\Local\Temp\ccbHz2Im.ltrans0.ltrans.o
                0x08003af0                chSchWakeupS
 .text.rt_test_007_001_execute.lto_priv.0
                0x08003b50      0x108 C:\Users\Ridwane\AppData\Local\Temp\ccbHz2Im.ltrans0.ltrans.o
                0x08003b50                rt_test_007_001_execute.lto_priv.0
 *fill*         0x08003c58        0x8 
 .text.thread3  0x08003c60       0x7c C:\Users\Ridwane\AppData\Local\Temp\ccbHz2Im.ltrans0.ltrans.o
 *fill*         0x08003cdc        0x4 
 .text.bmk_thread1
                0x08003ce0       0x6c C:\Users\Ridwane\AppData\Local\Temp\ccbHz2Im.ltrans0.ltrans.o
 *fill*         0x08003d4c        0x4 
 .text.chThdCreateSuspendedI
                0x08003d50       0x88 C:\Users\Ridwane\AppData\Local\Temp\ccbHz2Im.ltrans0.ltrans.o
                0x08003d50                chThdCreateSuspendedI
 *fill*         0x08003dd8        0x8 
 .text.chThdCreateStatic
                0x08003de0       0x7c C:\Users\Ridwane\AppData\Local\Temp\ccbHz2Im.ltrans0.ltrans.o
                0x08003de0                chThdCreateStatic
 *fill*         0x08003e5c        0x4 
 .text.rt_test_007_005_execute.lto_priv.0
                0x08003e60       0x88 C:\Users\Ridwane\AppData\Local\Temp\ccbHz2Im.ltrans0.ltrans.o
                0x08003e60                rt_test_007_005_execute.lto_priv.0
 *fill*         0x08003ee8        0x8 
 .text.rt_test_007_006_execute.lto_priv.0
                0x08003ef0      0x214 C:\Users\Ridwane\AppData\Local\Temp\ccbHz2Im.ltrans0.ltrans.o
                0x08003ef0                rt_test_007_006_execute.lto_priv.0
 *fill*         0x08004104        0xc 
 .text.chThdExit
                0x08004110       0x88 C:\Users\Ridwane\AppData\Local\Temp\ccbHz2Im.ltrans0.ltrans.o
                0x08004110                chThdExit
 *fill*         0x08004198        0x8 
 .text.Thread1.lto_priv.1
                0x080041a0       0x94 C:\Users\Ridwane\AppData\Local\Temp\ccbHz2Im.ltrans0.ltrans.o
 *fill*         0x08004234        0xc 
 .text.chTMStartMeasurementX
                0x08004240        0xc C:\Users\Ridwane\AppData\Local\Temp\ccbHz2Im.ltrans0.ltrans.o
                0x08004240                chTMStartMeasurementX
 *fill*         0x0800424c        0x4 
 .text.chTMStopMeasurementX
                0x08004250       0x44 C:\Users\Ridwane\AppData\Local\Temp\ccbHz2Im.ltrans0.ltrans.o
                0x08004250                chTMStopMeasurementX
 *fill*         0x08004294        0xc 
 .text.chMtxLockS
                0x080042a0       0xe4 C:\Users\Ridwane\AppData\Local\Temp\ccbHz2Im.ltrans0.ltrans.o
                0x080042a0                chMtxLockS
 *fill*         0x08004384        0xc 
 .text.thread4B
                0x08004390       0x4c C:\Users\Ridwane\AppData\Local\Temp\ccbHz2Im.ltrans0.ltrans.o
 *fill*         0x080043dc        0x4 
 .text.chMtxUnlock
                0x080043e0       0x84 C:\Users\Ridwane\AppData\Local\Temp\ccbHz2Im.ltrans0.ltrans.o
                0x080043e0                chMtxUnlock
 *fill*         0x08004464        0xc 
 .text.chHeapStatus
                0x08004470       0x6c C:\Users\Ridwane\AppData\Local\Temp\ccbHz2Im.ltrans0.ltrans.o
                0x08004470                chHeapStatus
 *fill*         0x080044dc        0x4 
 .text.thread1.lto_priv.2
                0x080044e0       0x3c C:\Users\Ridwane\AppData\Local\Temp\ccbHz2Im.ltrans0.ltrans.o
 *fill*         0x0800451c        0x4 
 .text.thread4A
                0x08004520       0x78 C:\Users\Ridwane\AppData\Local\Temp\ccbHz2Im.ltrans0.ltrans.o
 *fill*         0x08004598        0x8 
 .text.thread6  0x080045a0       0xa0 C:\Users\Ridwane\AppData\Local\Temp\ccbHz2Im.ltrans0.ltrans.o
 .text.thread8  0x08004640       0xc0 C:\Users\Ridwane\AppData\Local\Temp\ccbHz2Im.ltrans0.ltrans.o
 .text.thread9  0x08004700       0x3c C:\Users\Ridwane\AppData\Local\Temp\ccbHz2Im.ltrans0.ltrans.o
 *fill*         0x0800473c        0x4 
 .text.rt_test_008_004_execute.lto_priv.0
                0x08004740      0x120 C:\Users\Ridwane\AppData\Local\Temp\ccbHz2Im.ltrans0.ltrans.o
                0x08004740                rt_test_008_004_execute.lto_priv.0
 .text.rt_test_008_005_execute.lto_priv.0
                0x08004860      0x190 C:\Users\Ridwane\AppData\Local\Temp\ccbHz2Im.ltrans0.ltrans.o
                0x08004860                rt_test_008_005_execute.lto_priv.0
 .text.chHeapAllocAligned
                0x080049f0       0xfc C:\Users\Ridwane\AppData\Local\Temp\ccbHz2Im.ltrans0.ltrans.o
                0x080049f0                chHeapAllocAligned
 *fill*         0x08004aec        0x4 
 .text.chHeapFree
                0x08004af0       0xa0 C:\Users\Ridwane\AppData\Local\Temp\ccbHz2Im.ltrans0.ltrans.o
                0x08004af0                chHeapFree
 .text.chThdRelease.part.0
                0x08004b90       0x3c C:\Users\Ridwane\AppData\Local\Temp\ccbHz2Im.ltrans0.ltrans.o
 *fill*         0x08004bcc        0x4 
 .text.chThdWait
                0x08004bd0       0x70 C:\Users\Ridwane\AppData\Local\Temp\ccbHz2Im.ltrans0.ltrans.o
 .text.rt_test_010_003_execute.lto_priv.0
                0x08004c40      0x11c C:\Users\Ridwane\AppData\Local\Temp\ccbHz2Im.ltrans0.ltrans.o
                0x08004c40                rt_test_010_003_execute.lto_priv.0
 *fill*         0x08004d5c        0x4 
 .text.rt_test_005_002_execute.lto_priv.0
                0x08004d60      0x250 C:\Users\Ridwane\AppData\Local\Temp\ccbHz2Im.ltrans0.ltrans.o
                0x08004d60                rt_test_005_002_execute.lto_priv.0
 .text.rt_test_006_001_execute.lto_priv.0
                0x08004fb0      0x114 C:\Users\Ridwane\AppData\Local\Temp\ccbHz2Im.ltrans0.ltrans.o
                0x08004fb0                rt_test_006_001_execute.lto_priv.0
 *fill*         0x080050c4        0xc 
 .text.rt_test_007_002_execute.lto_priv.0
                0x080050d0      0x1ac C:\Users\Ridwane\AppData\Local\Temp\ccbHz2Im.ltrans0.ltrans.o
                0x080050d0                rt_test_007_002_execute.lto_priv.0
 *fill*         0x0800527c        0x4 
 .text.rt_test_007_003_execute.lto_priv.0
                0x08005280      0x1bc C:\Users\Ridwane\AppData\Local\Temp\ccbHz2Im.ltrans0.ltrans.o
                0x08005280                rt_test_007_003_execute.lto_priv.0
 *fill*         0x0800543c        0x4 
 .text.rt_test_007_004_execute.lto_priv.0
                0x08005440      0x100 C:\Users\Ridwane\AppData\Local\Temp\ccbHz2Im.ltrans0.ltrans.o
                0x08005440                rt_test_007_004_execute.lto_priv.0
 .text.rt_test_007_005_teardown
                0x08005540       0x24 C:\Users\Ridwane\AppData\Local\Temp\ccbHz2Im.ltrans0.ltrans.o
                0x08005540                rt_test_007_005_teardown.lto_priv.0
 *fill*         0x08005564        0xc 
 .text.rt_test_007_006_teardown.lto_priv.0
                0x08005570       0x24 C:\Users\Ridwane\AppData\Local\Temp\ccbHz2Im.ltrans0.ltrans.o
                0x08005570                rt_test_007_006_teardown.lto_priv.0
 *fill*         0x08005594        0xc 
 .text.rt_test_008_001_execute.lto_priv.0
                0x080055a0      0x130 C:\Users\Ridwane\AppData\Local\Temp\ccbHz2Im.ltrans0.ltrans.o
                0x080055a0                rt_test_008_001_execute.lto_priv.0
 .text.rt_test_008_004_teardown
                0x080056d0       0x24 C:\Users\Ridwane\AppData\Local\Temp\ccbHz2Im.ltrans0.ltrans.o
                0x080056d0                rt_test_008_004_teardown.lto_priv.0
 *fill*         0x080056f4        0xc 
 .text.rt_test_008_007_execute.lto_priv.0
                0x08005700      0x1cc C:\Users\Ridwane\AppData\Local\Temp\ccbHz2Im.ltrans0.ltrans.o
                0x08005700                rt_test_008_007_execute.lto_priv.0
 *fill*         0x080058cc        0x4 
 .text.rt_test_008_008_execute.lto_priv.0
                0x080058d0      0x138 C:\Users\Ridwane\AppData\Local\Temp\ccbHz2Im.ltrans0.ltrans.o
                0x080058d0                rt_test_008_008_execute.lto_priv.0
 *fill*         0x08005a08        0x8 
 .text.rt_test_008_009_execute.lto_priv.0
                0x08005a10      0x100 C:\Users\Ridwane\AppData\Local\Temp\ccbHz2Im.ltrans0.ltrans.o
                0x08005a10                rt_test_008_009_execute.lto_priv.0
 .text.rt_test_009_001_execute.lto_priv.0
                0x08005b10       0xe8 C:\Users\Ridwane\AppData\Local\Temp\ccbHz2Im.ltrans0.ltrans.o
                0x08005b10                rt_test_009_001_execute.lto_priv.0
 *fill*         0x08005bf8        0x8 
 .text.rt_test_010_004_execute.lto_priv.0
                0x08005c00      0x180 C:\Users\Ridwane\AppData\Local\Temp\ccbHz2Im.ltrans0.ltrans.o
                0x08005c00                rt_test_010_004_execute.lto_priv.0
 .text.rt_test_010_005_execute.lto_priv.0
                0x08005d80      0x174 C:\Users\Ridwane\AppData\Local\Temp\ccbHz2Im.ltrans0.ltrans.o
                0x08005d80                rt_test_010_005_execute.lto_priv.0
 *fill*         0x08005ef4        0xc 
 .text.rt_test_010_007_execute.lto_priv.0
                0x08005f00      0x1f0 C:\Users\Ridwane\AppData\Local\Temp\ccbHz2Im.ltrans0.ltrans.o
                0x08005f00                rt_test_010_007_execute.lto_priv.0
 .text.rt_test_011_001_execute.lto_priv.0
                0x080060f0      0x1e8 C:\Users\Ridwane\AppData\Local\Temp\ccbHz2Im.ltrans0.ltrans.o
                0x080060f0                rt_test_011_001_execute.lto_priv.0
 *fill*         0x080062d8        0x8 
 .text.rt_test_011_002_execute.lto_priv.0
                0x080062e0      0x1a4 C:\Users\Ridwane\AppData\Local\Temp\ccbHz2Im.ltrans0.ltrans.o
                0x080062e0                rt_test_011_002_execute.lto_priv.0
 *fill*         0x08006484        0xc 
 .text.oslib_test_004_001_execute.lto_priv.0
                0x08006490      0x1e4 C:\Users\Ridwane\AppData\Local\Temp\ccbHz2Im.ltrans0.ltrans.o
                0x08006490                oslib_test_004_001_execute.lto_priv.0
 *fill*         0x08006674        0xc 
 .text.oslib_test_005_001_execute.lto_priv.0
                0x08006680      0x148 C:\Users\Ridwane\AppData\Local\Temp\ccbHz2Im.ltrans0.ltrans.o
                0x08006680                oslib_test_005_001_execute.lto_priv.0
 *fill*         0x080067c8        0x8 
 .text.dyn_create_object_heap.lto_priv.0
                0x080067d0       0x64 C:\Users\Ridwane\AppData\Local\Temp\ccbHz2Im.ltrans0.ltrans.o
                0x080067d0                dyn_create_object_heap.lto_priv.0
 *fill*         0x08006834        0xc 
 .text.chFactoryReleaseObject
                0x08006840       0x64 C:\Users\Ridwane\AppData\Local\Temp\ccbHz2Im.ltrans0.ltrans.o
                0x08006840                chFactoryReleaseObject
 *fill*         0x080068a4        0xc 
 .text.chFactoryReleaseBuffer
                0x080068b0       0x50 C:\Users\Ridwane\AppData\Local\Temp\ccbHz2Im.ltrans0.ltrans.o
                0x080068b0                chFactoryReleaseBuffer
 .text.chFactoryReleaseSemaphore
                0x08006900       0x64 C:\Users\Ridwane\AppData\Local\Temp\ccbHz2Im.ltrans0.ltrans.o
                0x08006900                chFactoryReleaseSemaphore
 *fill*         0x08006964        0xc 
 .text.chFactoryReleaseMailbox
                0x08006970       0x50 C:\Users\Ridwane\AppData\Local\Temp\ccbHz2Im.ltrans0.ltrans.o
                0x08006970                chFactoryReleaseMailbox
 .text.chFactoryReleaseObjectsFIFO
                0x080069c0       0x50 C:\Users\Ridwane\AppData\Local\Temp\ccbHz2Im.ltrans0.ltrans.o
                0x080069c0                chFactoryReleaseObjectsFIFO
 .text.chFactoryReleasePipe
                0x08006a10       0x50 C:\Users\Ridwane\AppData\Local\Temp\ccbHz2Im.ltrans0.ltrans.o
                0x08006a10                chFactoryReleasePipe
 .text.SVC_Handler
                0x08006a60       0x14 C:\Users\Ridwane\AppData\Local\Temp\ccbHz2Im.ltrans0.ltrans.o
                0x08006a60                SVC_Handler
 *fill*         0x08006a74        0xc 
 .text.__test_assert
                0x08006a80       0x18 C:\Users\Ridwane\AppData\Local\Temp\ccbHz2Im.ltrans0.ltrans.o
                0x08006a80                __test_assert
 *fill*         0x08006a98        0x8 
 .text.oslib_test_002_001_execute.lto_priv.0
                0x08006aa0      0x320 C:\Users\Ridwane\AppData\Local\Temp\ccbHz2Im.ltrans0.ltrans.o
                0x08006aa0                oslib_test_002_001_execute.lto_priv.0
 .text.oslib_test_002_002_execute.lto_priv.0
                0x08006dc0      0x424 C:\Users\Ridwane\AppData\Local\Temp\ccbHz2Im.ltrans0.ltrans.o
                0x08006dc0                oslib_test_002_002_execute.lto_priv.0
 *fill*         0x080071e4        0xc 
 .text.oslib_test_003_001_execute.lto_priv.0
                0x080071f0      0x48c C:\Users\Ridwane\AppData\Local\Temp\ccbHz2Im.ltrans0.ltrans.o
                0x080071f0                oslib_test_003_001_execute.lto_priv.0
 *fill*         0x0800767c        0x4 
 .text.oslib_test_008_001_execute.lto_priv.0
                0x08007680      0x43c C:\Users\Ridwane\AppData\Local\Temp\ccbHz2Im.ltrans0.ltrans.o
                0x08007680                oslib_test_008_001_execute.lto_priv.0
 *fill*         0x08007abc        0x4 
 .text.test_printf
                0x08007ac0      0x430 C:\Users\Ridwane\AppData\Local\Temp\ccbHz2Im.ltrans0.ltrans.o
                0x08007ac0                test_printf
 .text.rt_test_001_001_execute.lto_priv.0
                0x08007ef0       0xdc C:\Users\Ridwane\AppData\Local\Temp\ccbHz2Im.ltrans0.ltrans.o
                0x08007ef0                rt_test_001_001_execute.lto_priv.0
 *fill*         0x08007fcc        0x4 
 .text.oslib_test_001_001_execute
                0x08007fd0        0x4 C:\Users\Ridwane\AppData\Local\Temp\ccbHz2Im.ltrans0.ltrans.o
                0x08007fd0                oslib_test_001_001_execute.lto_priv.0
 *fill*         0x08007fd4        0xc 
 .text.rt_test_001_002_execute.lto_priv.0
                0x08007fe0       0xbc C:\Users\Ridwane\AppData\Local\Temp\ccbHz2Im.ltrans0.ltrans.o
                0x08007fe0                rt_test_001_002_execute.lto_priv.0
 *fill*         0x0800809c        0x4 
 .text.rt_test_001_003_execute.lto_priv.0
                0x080080a0      0x3b0 C:\Users\Ridwane\AppData\Local\Temp\ccbHz2Im.ltrans0.ltrans.o
                0x080080a0                rt_test_001_003_execute.lto_priv.0
 .text.rt_test_012_001_execute.lto_priv.0
                0x08008450       0xb0 C:\Users\Ridwane\AppData\Local\Temp\ccbHz2Im.ltrans0.ltrans.o
                0x08008450                rt_test_012_001_execute.lto_priv.0
 .text.rt_test_012_002_execute.lto_priv.0
                0x08008500       0xb0 C:\Users\Ridwane\AppData\Local\Temp\ccbHz2Im.ltrans0.ltrans.o
                0x08008500                rt_test_012_002_execute.lto_priv.0
 .text.rt_test_012_003_execute.lto_priv.0
                0x080085b0      0x124 C:\Users\Ridwane\AppData\Local\Temp\ccbHz2Im.ltrans0.ltrans.o
                0x080085b0                rt_test_012_003_execute.lto_priv.0
 *fill*         0x080086d4        0xc 
 .text.rt_test_012_004_execute.lto_priv.0
                0x080086e0      0x114 C:\Users\Ridwane\AppData\Local\Temp\ccbHz2Im.ltrans0.ltrans.o
                0x080086e0                rt_test_012_004_execute.lto_priv.0
 *fill*         0x080087f4        0xc 
 .text.rt_test_012_005_execute.lto_priv.0
                0x08008800       0xb4 C:\Users\Ridwane\AppData\Local\Temp\ccbHz2Im.ltrans0.ltrans.o
                0x08008800                rt_test_012_005_execute.lto_priv.0
 *fill*         0x080088b4        0xc 
 .text.rt_test_012_006_execute.lto_priv.0
                0x080088c0       0xd8 C:\Users\Ridwane\AppData\Local\Temp\ccbHz2Im.ltrans0.ltrans.o
                0x080088c0                rt_test_012_006_execute.lto_priv.0
 *fill*         0x08008998        0x8 
 .text.rt_test_012_007_execute.lto_priv.0
                0x080089a0      0x18c C:\Users\Ridwane\AppData\Local\Temp\ccbHz2Im.ltrans0.ltrans.o
                0x080089a0                rt_test_012_007_execute.lto_priv.0
 *fill*         0x08008b2c        0x4 
 .text.rt_test_012_008_execute.lto_priv.0
                0x08008b30      0x144 C:\Users\Ridwane\AppData\Local\Temp\ccbHz2Im.ltrans0.ltrans.o
                0x08008b30                rt_test_012_008_execute.lto_priv.0
 *fill*         0x08008c74        0xc 
 .text.rt_test_012_009_execute.lto_priv.0
                0x08008c80       0xcc C:\Users\Ridwane\AppData\Local\Temp\ccbHz2Im.ltrans0.ltrans.o
                0x08008c80                rt_test_012_009_execute.lto_priv.0
 *fill*         0x08008d4c        0x4 
 .text.rt_test_012_010_execute.lto_priv.0
                0x08008d50      0x1f8 C:\Users\Ridwane\AppData\Local\Temp\ccbHz2Im.ltrans0.ltrans.o
                0x08008d50                rt_test_012_010_execute.lto_priv.0
 *fill*         0x08008f48        0x8 
 .text.rt_test_012_011_execute.lto_priv.0
                0x08008f50       0xd8 C:\Users\Ridwane\AppData\Local\Temp\ccbHz2Im.ltrans0.ltrans.o
                0x08008f50                rt_test_012_011_execute.lto_priv.0
 *fill*         0x08009028        0x8 
 .text.rt_test_012_012_execute.lto_priv.0
                0x08009030      0x14c C:\Users\Ridwane\AppData\Local\Temp\ccbHz2Im.ltrans0.ltrans.o
                0x08009030                rt_test_012_012_execute.lto_priv.0
 *fill*         0x0800917c        0x4 
 .text.oslib_test_001_002_execute.lto_priv.0
                0x08009180       0xc4 C:\Users\Ridwane\AppData\Local\Temp\ccbHz2Im.ltrans0.ltrans.o
                0x08009180                oslib_test_001_002_execute.lto_priv.0
 *fill*         0x08009244        0xc 
 .text.oslib_test_001_003_execute.lto_priv.0
                0x08009250      0x1ec C:\Users\Ridwane\AppData\Local\Temp\ccbHz2Im.ltrans0.ltrans.o
                0x08009250                oslib_test_001_003_execute.lto_priv.0
 *fill*         0x0800943c        0x4 
 .text.modp_R2  0x08009440       0xd4 C:\Users\Ridwane\AppData\Local\Temp\ccbHz2Im.ltrans1.ltrans.o
 *fill*         0x08009514        0xc 
 .text.modp_mkgm2
                0x08009520      0x1ac C:\Users\Ridwane\AppData\Local\Temp\ccbHz2Im.ltrans1.ltrans.o
 *fill*         0x080096cc        0x4 
 .text.modp_poly_rec_res
                0x080096d0       0x7c C:\Users\Ridwane\AppData\Local\Temp\ccbHz2Im.ltrans1.ltrans.o
 *fill*         0x0800974c        0x4 
 .text.zint_mod_small_unsigned
                0x08009750       0x54 C:\Users\Ridwane\AppData\Local\Temp\ccbHz2Im.ltrans1.ltrans.o
 *fill*         0x080097a4        0xc 
 .text.zint_finish_mod
                0x080097b0       0x58 C:\Users\Ridwane\AppData\Local\Temp\ccbHz2Im.ltrans1.ltrans.o
 *fill*         0x08009808        0x8 
 .text.zint_co_reduce_mod
                0x08009810      0x150 C:\Users\Ridwane\AppData\Local\Temp\ccbHz2Im.ltrans1.ltrans.o
 .text.poly_sub_scaled
                0x08009960      0x140 C:\Users\Ridwane\AppData\Local\Temp\ccbHz2Im.ltrans1.ltrans.o
 .text.modp_NTT2_ext.part.0
                0x08009aa0       0xdc C:\Users\Ridwane\AppData\Local\Temp\ccbHz2Im.ltrans1.ltrans.o
 *fill*         0x08009b7c        0x4 
 .text.modp_iNTT2_ext.part.0
                0x08009b80      0x124 C:\Users\Ridwane\AppData\Local\Temp\ccbHz2Im.ltrans1.ltrans.o
 *fill*         0x08009ca4        0xc 
 .text.process_block
                0x08009cb0      0x8b4 C:\Users\Ridwane\AppData\Local\Temp\ccbHz2Im.ltrans1.ltrans.o
 *fill*         0x0800a564        0xc 
 .text.mq_NTT.constprop.0
                0x0800a570       0xd4 C:\Users\Ridwane\AppData\Local\Temp\ccbHz2Im.ltrans1.ltrans.o
 *fill*         0x0800a644        0xc 
 .text.zint_rebuild_CRT.constprop.0
                0x0800a650      0x214 C:\Users\Ridwane\AppData\Local\Temp\ccbHz2Im.ltrans1.ltrans.o
 *fill*         0x0800a864        0xc 
 .text.poly_sub_scaled_ntt
                0x0800a870      0x368 C:\Users\Ridwane\AppData\Local\Temp\ccbHz2Im.ltrans1.ltrans.o
 *fill*         0x0800abd8        0x8 
 .text.falcon_inner_trim_i8_encode.constprop.0
                0x0800abe0       0x98 C:\Users\Ridwane\AppData\Local\Temp\ccbHz2Im.ltrans1.ltrans.o
 *fill*         0x0800ac78        0x8 
 .text._pal_lld_setgroupmode.constprop.0
                0x0800ac80       0x90 C:\Users\Ridwane\AppData\Local\Temp\ccbHz2Im.ltrans1.ltrans.o
 .text.oslib_test_008_002_execute
                0x0800ad10       0x7c C:\Users\Ridwane\AppData\Local\Temp\ccbHz2Im.ltrans1.ltrans.o
 *fill*         0x0800ad8c        0x4 
 .text.chFactoryCreateSemaphore.constprop.0
                0x0800ad90       0xc0 C:\Users\Ridwane\AppData\Local\Temp\ccbHz2Im.ltrans1.ltrans.o
 .text.oslib_test_009_004_teardown
                0x0800ae50       0xac C:\Users\Ridwane\AppData\Local\Temp\ccbHz2Im.ltrans1.ltrans.o
 *fill*         0x0800aefc        0x4 
 .text.oslib_test_009_001_teardown
                0x0800af00       0x68 C:\Users\Ridwane\AppData\Local\Temp\ccbHz2Im.ltrans1.ltrans.o
 *fill*         0x0800af68        0x8 
 .text.oslib_test_009_002_teardown
                0x0800af70       0xac C:\Users\Ridwane\AppData\Local\Temp\ccbHz2Im.ltrans1.ltrans.o
 *fill*         0x0800b01c        0x4 
 .text.oslib_test_009_005_teardown
                0x0800b020       0xac C:\Users\Ridwane\AppData\Local\Temp\ccbHz2Im.ltrans1.ltrans.o
 *fill*         0x0800b0cc        0x4 
 .text.oslib_test_009_006_teardown
                0x0800b0d0       0xac C:\Users\Ridwane\AppData\Local\Temp\ccbHz2Im.ltrans1.ltrans.o
 *fill*         0x0800b17c        0x4 
 .text.chFactoryFindPipe.constprop.0
                0x0800b180       0x60 C:\Users\Ridwane\AppData\Local\Temp\ccbHz2Im.ltrans1.ltrans.o
 .text.chFactoryFindObjectsFIFO.constprop.0
                0x0800b1e0       0x60 C:\Users\Ridwane\AppData\Local\Temp\ccbHz2Im.ltrans1.ltrans.o
 .text.chFactoryFindMailbox.constprop.0
                0x0800b240       0x60 C:\Users\Ridwane\AppData\Local\Temp\ccbHz2Im.ltrans1.ltrans.o
 .text.chFactoryFindSemaphore.constprop.0
                0x0800b2a0       0x60 C:\Users\Ridwane\AppData\Local\Temp\ccbHz2Im.ltrans1.ltrans.o
 .text.chFactoryFindBuffer.constprop.0
                0x0800b300       0x60 C:\Users\Ridwane\AppData\Local\Temp\ccbHz2Im.ltrans1.ltrans.o
 .text.chFactoryFindObject.constprop.0
                0x0800b360       0x60 C:\Users\Ridwane\AppData\Local\Temp\ccbHz2Im.ltrans1.ltrans.o
 .text.chFactoryRegisterObject.constprop.0
                0x0800b3c0       0xc4 C:\Users\Ridwane\AppData\Local\Temp\ccbHz2Im.ltrans1.ltrans.o
 *fill*         0x0800b484        0xc 
 .text.oslib_test_009_001_execute
                0x0800b490      0x160 C:\Users\Ridwane\AppData\Local\Temp\ccbHz2Im.ltrans1.ltrans.o
 .text.chFactoryCreatePipe.constprop.0
                0x0800b5f0       0x70 C:\Users\Ridwane\AppData\Local\Temp\ccbHz2Im.ltrans1.ltrans.o
 .text.oslib_test_009_006_execute
                0x0800b660      0x120 C:\Users\Ridwane\AppData\Local\Temp\ccbHz2Im.ltrans1.ltrans.o
 .text.chFactoryCreateMailbox.constprop.0
                0x0800b780       0x60 C:\Users\Ridwane\AppData\Local\Temp\ccbHz2Im.ltrans1.ltrans.o
 .text.oslib_test_009_004_execute
                0x0800b7e0      0x120 C:\Users\Ridwane\AppData\Local\Temp\ccbHz2Im.ltrans1.ltrans.o
 .text.oslib_test_009_002_execute
                0x0800b900      0x194 C:\Users\Ridwane\AppData\Local\Temp\ccbHz2Im.ltrans1.ltrans.o
 *fill*         0x0800ba94        0xc 
 .text.oslib_test_009_003_teardown
                0x0800baa0       0x68 C:\Users\Ridwane\AppData\Local\Temp\ccbHz2Im.ltrans1.ltrans.o
 *fill*         0x0800bb08        0x8 
 .text.oslib_test_009_003_execute
                0x0800bb10      0x120 C:\Users\Ridwane\AppData\Local\Temp\ccbHz2Im.ltrans1.ltrans.o
 .text.make_fg_step
                0x0800bc30      0x604 C:\Users\Ridwane\AppData\Local\Temp\ccbHz2Im.ltrans1.ltrans.o
 *fill*         0x0800c234        0xc 
 .text.poly_small_mkgauss.constprop.0
                0x0800c240      0x174 C:\Users\Ridwane\AppData\Local\Temp\ccbHz2Im.ltrans1.ltrans.o
 *fill*         0x0800c3b4        0xc 
 .text.zint_bezout.constprop.0
                0x0800c3c0      0x590 C:\Users\Ridwane\AppData\Local\Temp\ccbHz2Im.ltrans1.ltrans.o
 .text.chFactoryCreateObjectsFIFO.constprop.0
                0x0800c950       0xfc C:\Users\Ridwane\AppData\Local\Temp\ccbHz2Im.ltrans1.ltrans.o
 *fill*         0x0800ca4c        0x4 
 .text.oslib_test_009_005_execute
                0x0800ca50      0x120 C:\Users\Ridwane\AppData\Local\Temp\ccbHz2Im.ltrans1.ltrans.o
 .text.falcon_inner_fpr_scaled
                0x0800cb70       0x84 C:\Users\Ridwane\AppData\Local\Temp\ccbHz2Im.ltrans1.ltrans.o
                0x0800cb70                falcon_inner_fpr_scaled
 *fill*         0x0800cbf4        0xc 
 .text.falcon_inner_fpr_add
                0x0800cc00      0x13c C:\Users\Ridwane\AppData\Local\Temp\ccbHz2Im.ltrans1.ltrans.o
                0x0800cc00                falcon_inner_fpr_add
 *fill*         0x0800cd3c        0x4 
 .text.falcon_inner_poly_sub.constprop.0
                0x0800cd40       0x2c C:\Users\Ridwane\AppData\Local\Temp\ccbHz2Im.ltrans1.ltrans.o
 *fill*         0x0800cd6c        0x4 
 .text.falcon_inner_fpr_mul
                0x0800cd70       0xe8 C:\Users\Ridwane\AppData\Local\Temp\ccbHz2Im.ltrans1.ltrans.o
                0x0800cd70                falcon_inner_fpr_mul
 *fill*         0x0800ce58        0x8 
 .text.falcon_inner_FFT
                0x0800ce60      0x1b4 C:\Users\Ridwane\AppData\Local\Temp\ccbHz2Im.ltrans1.ltrans.o
 *fill*         0x0800d014        0xc 
 .text.falcon_inner_iFFT
                0x0800d020      0x200 C:\Users\Ridwane\AppData\Local\Temp\ccbHz2Im.ltrans1.ltrans.o
 .text.falcon_inner_poly_mul_fft
                0x0800d220       0xb8 C:\Users\Ridwane\AppData\Local\Temp\ccbHz2Im.ltrans1.ltrans.o
 *fill*         0x0800d2d8        0x8 
 .text.falcon_inner_poly_mul_autoadj_fft
                0x0800d2e0       0x50 C:\Users\Ridwane\AppData\Local\Temp\ccbHz2Im.ltrans1.ltrans.o
 .text.poly_big_to_fp
                0x0800d330       0xf0 C:\Users\Ridwane\AppData\Local\Temp\ccbHz2Im.ltrans1.ltrans.o
 .text.falcon_inner_fpr_div
                0x0800d420      0x640 C:\Users\Ridwane\AppData\Local\Temp\ccbHz2Im.ltrans1.ltrans.o
                0x0800d420                falcon_inner_fpr_div
 .text.falcon_inner_poly_invnorm2_fft
                0x0800da60       0xd4 C:\Users\Ridwane\AppData\Local\Temp\ccbHz2Im.ltrans1.ltrans.o
 *fill*         0x0800db34        0xc 
 .text.solve_NTRU.constprop.0
                0x0800db40     0x2618 C:\Users\Ridwane\AppData\Local\Temp\ccbHz2Im.ltrans1.ltrans.o
 *fill*         0x08010158        0x8 
 .text.chCacheGetObject.constprop.0
                0x08010160      0x168 C:\Users\Ridwane\AppData\Local\Temp\ccbHz2Im.ltrans1.ltrans.o
                0x08010160                chCacheGetObject.constprop.0
 *fill*         0x080102c8        0x8 
 .text.chMBPostAheadI.constprop.0
                0x080102d0       0x78 C:\Users\Ridwane\AppData\Local\Temp\ccbHz2Im.ltrans1.ltrans.o
                0x080102d0                chMBPostAheadI.constprop.0
 *fill*         0x08010348        0x8 
 .text.chMBPostAheadTimeout.constprop.0
                0x08010350       0xc0 C:\Users\Ridwane\AppData\Local\Temp\ccbHz2Im.ltrans1.ltrans.o
                0x08010350                chMBPostAheadTimeout.constprop.0
 .text.chMBReset.constprop.0
                0x08010410       0xb0 C:\Users\Ridwane\AppData\Local\Temp\ccbHz2Im.ltrans1.ltrans.o
                0x08010410                chMBReset.constprop.0
 .text.chThdCreateFromMemoryPool.constprop.0
                0x080104c0       0x88 C:\Users\Ridwane\AppData\Local\Temp\ccbHz2Im.ltrans1.ltrans.o
                0x080104c0                chThdCreateFromMemoryPool.constprop.0
 *fill*         0x08010548        0x8 
 .text.chThdCreateFromHeap.constprop.0
                0x08010550       0x60 C:\Users\Ridwane\AppData\Local\Temp\ccbHz2Im.ltrans1.ltrans.o
                0x08010550                chThdCreateFromHeap.constprop.0
 .text.chEvtWaitOne.constprop.0
                0x080105b0       0x4c C:\Users\Ridwane\AppData\Local\Temp\ccbHz2Im.ltrans1.ltrans.o
                0x080105b0                chEvtWaitOne.constprop.0
 *fill*         0x080105fc        0x4 
 .text.chSemResetWithMessage.constprop.0
                0x08010600       0x60 C:\Users\Ridwane\AppData\Local\Temp\ccbHz2Im.ltrans1.ltrans.o
                0x08010600                chSemResetWithMessage.constprop.0
 .text.vt_insert_first.constprop.0
                0x08010660       0x60 C:\Users\Ridwane\AppData\Local\Temp\ccbHz2Im.ltrans1.ltrans.o
                0x08010660                vt_insert_first.constprop.0
 .text.vt_enqueue.constprop.0
                0x080106c0       0x9c C:\Users\Ridwane\AppData\Local\Temp\ccbHz2Im.ltrans1.ltrans.o
                0x080106c0                vt_enqueue.constprop.0
 *fill*         0x0801075c        0x4 
 .text.Thread1  0x08010760       0xbc C:\Users\Ridwane\AppData\Local\Temp\ccbHz2Im.ltrans1.ltrans.o
 *fill*         0x0801081c        0x4 
 .text.chPipeReadTimeout.part.0.constprop.0
                0x08010820       0xe0 C:\Users\Ridwane\AppData\Local\Temp\ccbHz2Im.ltrans1.ltrans.o
                0x08010820                chPipeReadTimeout.part.0.constprop.0
 .text.chPipeWriteTimeout.part.0.constprop.0
                0x08010900       0xe4 C:\Users\Ridwane\AppData\Local\Temp\ccbHz2Im.ltrans1.ltrans.o
                0x08010900                chPipeWriteTimeout.part.0.constprop.0
 *fill*         0x080109e4        0xc 
 .text.test_execute_inner.isra.0
                0x080109f0      0x2f0 C:\Users\Ridwane\AppData\Local\Temp\ccbHz2Im.ltrans1.ltrans.o
 .text.startup.main
                0x08010ce0      0xbd4 C:\Users\Ridwane\AppData\Local\Temp\ccbHz2Im.ltrans1.ltrans.o
                0x08010ce0                main
 *fill*         0x080118b4        0xc 
 .text.chSemSignalWait.constprop.0.isra.0
                0x080118c0       0x98 C:\Users\Ridwane\AppData\Local\Temp\ccbHz2Im.ltrans1.ltrans.o
                0x080118c0                chSemSignalWait.constprop.0.isra.0
 .text.malloc   0x08011958       0x10 c:/chibistudio/tools/gnu tools arm embedded/11.3 2022.08/bin/../lib/gcc/arm-none-eabi/11.3.1/thumb/v7e-m/nofp\libg.a(libc_a-malloc.o)
                0x08011958                malloc
 .text._malloc_r
                0x08011968      0x560 c:/chibistudio/tools/gnu tools arm embedded/11.3 2022.08/bin/../lib/gcc/arm-none-eabi/11.3.1/thumb/v7e-m/nofp\libg.a(libc_a-mallocr.o)
                0x08011968                _malloc_r
 .text.__malloc_lock
                0x08011ec8        0xc c:/chibistudio/tools/gnu tools arm embedded/11.3 2022.08/bin/../lib/gcc/arm-none-eabi/11.3.1/thumb/v7e-m/nofp\libg.a(libc_a-mlock.o)
                0x08011ec8                __malloc_lock
 .text.__malloc_unlock
                0x08011ed4        0xc c:/chibistudio/tools/gnu tools arm embedded/11.3 2022.08/bin/../lib/gcc/arm-none-eabi/11.3.1/thumb/v7e-m/nofp\libg.a(libc_a-mlock.o)
                0x08011ed4                __malloc_unlock
 .text.memcmp   0x08011ee0       0x64 c:/chibistudio/tools/gnu tools arm embedded/11.3 2022.08/bin/../lib/gcc/arm-none-eabi/11.3.1/thumb/v7e-m/nofp\libg.a(libc_a-memcmp.o)
                0x08011ee0                memcmp
 .text.memmove  0x08011f44       0xf8 c:/chibistudio/tools/gnu tools arm embedded/11.3 2022.08/bin/../lib/gcc/arm-none-eabi/11.3.1/thumb/v7e-m/nofp\libg.a(libc_a-memmove.o)
                0x08011f44                memmove
 .text.memset   0x0801203c       0xa4 c:/chibistudio/tools/gnu tools arm embedded/11.3 2022.08/bin/../lib/gcc/arm-none-eabi/11.3.1/thumb/v7e-m/nofp\libg.a(libc_a-memset.o)
                0x0801203c                memset
 .text.strncmp  0x080120e0       0x8c c:/chibistudio/tools/gnu tools arm embedded/11.3 2022.08/bin/../lib/gcc/arm-none-eabi/11.3.1/thumb/v7e-m/nofp\libg.a(libc_a-strncmp.o)
                0x080120e0                strncmp
 .text._sbrk_r  0x0801216c       0x24 c:/chibistudio/tools/gnu tools arm embedded/11.3 2022.08/bin/../lib/gcc/arm-none-eabi/11.3.1/thumb/v7e-m/nofp\libg.a(libc_a-sbrkr.o)
                0x0801216c                _sbrk_r
 .text.__retarget_lock_acquire_recursive
                0x08012190        0x4 c:/chibistudio/tools/gnu tools arm embedded/11.3 2022.08/bin/../lib/gcc/arm-none-eabi/11.3.1/thumb/v7e-m/nofp\libg.a(libc_a-lock.o)
                0x08012190                __retarget_lock_acquire_recursive
 .text.__retarget_lock_release_recursive
                0x08012194        0x4 c:/chibistudio/tools/gnu tools arm embedded/11.3 2022.08/bin/../lib/gcc/arm-none-eabi/11.3.1/thumb/v7e-m/nofp\libg.a(libc_a-lock.o)
                0x08012194                __retarget_lock_release_recursive
 .text._malloc_trim_r
                0x08012198       0xa0 c:/chibistudio/tools/gnu tools arm embedded/11.3 2022.08/bin/../lib/gcc/arm-none-eabi/11.3.1/thumb/v7e-m/nofp\libg.a(libc_a-freer.o)
                0x08012198                _malloc_trim_r
 .text._free_r  0x08012238      0x20c c:/chibistudio/tools/gnu tools arm embedded/11.3 2022.08/bin/../lib/gcc/arm-none-eabi/11.3.1/thumb/v7e-m/nofp\libg.a(libc_a-freer.o)
                0x08012238                _free_r
 *(.glue_7t)
 .glue_7t       0x08012444        0x0 linker stubs
 *(.glue_7)
 .glue_7        0x08012444        0x0 linker stubs
 *(.gcc*)
                0x08012444                __text_end__ = .

.vfp11_veneer   0x08012444        0x0
 .vfp11_veneer  0x08012444        0x0 linker stubs

.v4_bx          0x08012444        0x0
 .v4_bx         0x08012444        0x0 linker stubs

.iplt           0x08012444        0x0
 .iplt          0x08012444        0x0 ./build/obj/crt0_v7m.o

.rodata         0x08012448     0x9968
                0x08012448                __rodata_base__ = .
 *(.rodata)
 *(.rodata.*)
 .rodata.rt_test_002_001_execute.lto_priv.0.str1.4
                0x08012448       0x57 C:\Users\Ridwane\AppData\Local\Temp\ccbHz2Im.ltrans0.ltrans.o
 *fill*         0x0801249f        0x1 
 .rodata.rt_test_010_001_execute.lto_priv.0.str1.4
                0x080124a0       0x1b C:\Users\Ridwane\AppData\Local\Temp\ccbHz2Im.ltrans0.ltrans.o
 *fill*         0x080124bb        0x1 
 .rodata.rt_test_010_002_execute.lto_priv.0.str1.4
                0x080124bc       0x18 C:\Users\Ridwane\AppData\Local\Temp\ccbHz2Im.ltrans0.ltrans.o
 .rodata.oslib_test_007_001_execute.lto_priv.0.str1.4
                0x080124d4       0x35 C:\Users\Ridwane\AppData\Local\Temp\ccbHz2Im.ltrans0.ltrans.o
 *fill*         0x08012509        0x3 
 .rodata.oslib_test_003_002_execute.lto_priv.0.str1.4
                0x0801250c       0x1f C:\Users\Ridwane\AppData\Local\Temp\ccbHz2Im.ltrans0.ltrans.o
 *fill*         0x0801252b        0x1 
 .rodata.rt_test_005_003_execute.lto_priv.0.str1.4
                0x0801252c       0x3e C:\Users\Ridwane\AppData\Local\Temp\ccbHz2Im.ltrans0.ltrans.o
 *fill*         0x0801256a        0x2 
 .rodata.rt_test_005_004_execute.lto_priv.0.str1.4
                0x0801256c       0x47 C:\Users\Ridwane\AppData\Local\Temp\ccbHz2Im.ltrans0.ltrans.o
 *fill*         0x080125b3        0x1 
 .rodata.oslib_test_006_001_execute.lto_priv.0.str1.4
                0x080125b4       0x5d C:\Users\Ridwane\AppData\Local\Temp\ccbHz2Im.ltrans0.ltrans.o
                                 0x69 (size before relaxing)
 *fill*         0x08012611        0x3 
 .rodata.oslib_test_002_003_execute.lto_priv.0.str1.4
                0x08012614       0x16 C:\Users\Ridwane\AppData\Local\Temp\ccbHz2Im.ltrans0.ltrans.o
 *fill*         0x0801262a        0x2 
 .rodata.rt_test_002_002_execute.lto_priv.0.str1.4
                0x0801262c       0x12 C:\Users\Ridwane\AppData\Local\Temp\ccbHz2Im.ltrans0.ltrans.o
 *fill*         0x0801263e        0x2 
 .rodata.rt_test_004_001_execute.lto_priv.0.str1.4
                0x08012640        0xe C:\Users\Ridwane\AppData\Local\Temp\ccbHz2Im.ltrans0.ltrans.o
 *fill*         0x0801264e        0x2 
 .rodata.rt_test_005_001_execute.lto_priv.0.str1.4
                0x08012650       0x13 C:\Users\Ridwane\AppData\Local\Temp\ccbHz2Im.ltrans0.ltrans.o
 *fill*         0x08012663        0x1 
 .rodata.rt_test_010_006_execute.lto_priv.0.str1.4
                0x08012664        0xf C:\Users\Ridwane\AppData\Local\Temp\ccbHz2Im.ltrans0.ltrans.o
 *fill*         0x08012673        0x1 
 .rodata.rt_test_007_001_execute.lto_priv.0.str1.4
                0x08012674       0x2b C:\Users\Ridwane\AppData\Local\Temp\ccbHz2Im.ltrans0.ltrans.o
 *fill*         0x0801269f        0x1 
 .rodata.chThdCreateStatic.str1.4
                0x080126a0        0x7 C:\Users\Ridwane\AppData\Local\Temp\ccbHz2Im.ltrans0.ltrans.o
 *fill*         0x080126a7        0x1 
 .rodata.rt_test_007_005_execute.lto_priv.0.str1.4
                0x080126a8       0x21 C:\Users\Ridwane\AppData\Local\Temp\ccbHz2Im.ltrans0.ltrans.o
 *fill*         0x080126c9        0x3 
 .rodata.rt_test_007_006_execute.lto_priv.0.str1.4
                0x080126cc       0x3f C:\Users\Ridwane\AppData\Local\Temp\ccbHz2Im.ltrans0.ltrans.o
                                 0x46 (size before relaxing)
 *fill*         0x0801270b        0x1 
 .rodata.rt_test_008_004_execute.lto_priv.0.str1.4
                0x0801270c       0x1d C:\Users\Ridwane\AppData\Local\Temp\ccbHz2Im.ltrans0.ltrans.o
 *fill*         0x08012729        0x3 
 .rodata.rt_test_008_005_execute.lto_priv.0.str1.4
                0x0801272c       0x28 C:\Users\Ridwane\AppData\Local\Temp\ccbHz2Im.ltrans0.ltrans.o
 .rodata.rt_test_010_003_execute.lto_priv.0.str1.4
                0x08012754       0x31 C:\Users\Ridwane\AppData\Local\Temp\ccbHz2Im.ltrans0.ltrans.o
 *fill*         0x08012785        0x3 
 .rodata.rt_test_005_002_execute.lto_priv.0.str1.4
                0x08012788        0xe C:\Users\Ridwane\AppData\Local\Temp\ccbHz2Im.ltrans0.ltrans.o
                                 0x12 (size before relaxing)
 *fill*         0x08012796        0x2 
 .rodata.rt_test_006_001_execute.lto_priv.0.str1.4
                0x08012798        0x9 C:\Users\Ridwane\AppData\Local\Temp\ccbHz2Im.ltrans0.ltrans.o
 *fill*         0x080127a1        0x3 
 .rodata.rt_test_007_004_execute.lto_priv.0.str1.4
                0x080127a4       0x10 C:\Users\Ridwane\AppData\Local\Temp\ccbHz2Im.ltrans0.ltrans.o
 .rodata.rt_test_009_001_execute.lto_priv.0.str1.4
                0x080127b4        0x5 C:\Users\Ridwane\AppData\Local\Temp\ccbHz2Im.ltrans0.ltrans.o
 *fill*         0x080127b9        0x3 
 .rodata.rt_test_010_004_execute.lto_priv.0.str1.4
                0x080127bc       0x17 C:\Users\Ridwane\AppData\Local\Temp\ccbHz2Im.ltrans0.ltrans.o
 *fill*         0x080127d3        0x1 
 .rodata.rt_test_011_001_execute.lto_priv.0.str1.4
                0x080127d4       0xb2 C:\Users\Ridwane\AppData\Local\Temp\ccbHz2Im.ltrans0.ltrans.o
 *fill*         0x08012886        0x2 
 .rodata.rt_test_011_002_execute.lto_priv.0.str1.4
                0x08012888       0x34 C:\Users\Ridwane\AppData\Local\Temp\ccbHz2Im.ltrans0.ltrans.o
 .rodata.oslib_test_004_001_execute.lto_priv.0.str1.4
                0x080128bc       0x18 C:\Users\Ridwane\AppData\Local\Temp\ccbHz2Im.ltrans0.ltrans.o
 .rodata.oslib_test_005_001_execute.lto_priv.0.str1.4
                0x080128d4       0x46 C:\Users\Ridwane\AppData\Local\Temp\ccbHz2Im.ltrans0.ltrans.o
 *fill*         0x0801291a        0x2 
 .rodata.oslib_test_002_001_execute.lto_priv.0.str1.4
                0x0801291c       0xb7 C:\Users\Ridwane\AppData\Local\Temp\ccbHz2Im.ltrans0.ltrans.o
 *fill*         0x080129d3        0x1 
 .rodata.oslib_test_003_001_execute.lto_priv.0.str1.4
                0x080129d4       0x1d C:\Users\Ridwane\AppData\Local\Temp\ccbHz2Im.ltrans0.ltrans.o
 *fill*         0x080129f1        0x3 
 .rodata.oslib_test_008_001_execute.lto_priv.0.str1.4
                0x080129f4       0x75 C:\Users\Ridwane\AppData\Local\Temp\ccbHz2Im.ltrans0.ltrans.o
 *fill*         0x08012a69        0x3 
 .rodata.test_printf.str1.4
                0x08012a6c        0x7 C:\Users\Ridwane\AppData\Local\Temp\ccbHz2Im.ltrans0.ltrans.o
 *fill*         0x08012a73        0x1 
 .rodata.rt_test_001_001_execute.lto_priv.0.str1.4
                0x08012a74      0x17d C:\Users\Ridwane\AppData\Local\Temp\ccbHz2Im.ltrans0.ltrans.o
                                0x185 (size before relaxing)
 *fill*         0x08012bf1        0x3 
 .rodata.rt_test_001_002_execute.lto_priv.0.str1.4
                0x08012bf4      0x115 C:\Users\Ridwane\AppData\Local\Temp\ccbHz2Im.ltrans0.ltrans.o
 *fill*         0x08012d09        0x3 
 .rodata.rt_test_001_003_execute.lto_priv.0.str1.4
                0x08012d0c      0x57d C:\Users\Ridwane\AppData\Local\Temp\ccbHz2Im.ltrans0.ltrans.o
 *fill*         0x08013289        0x3 
 .rodata.rt_test_012_001_execute.lto_priv.0.str1.4
                0x0801328c       0x26 C:\Users\Ridwane\AppData\Local\Temp\ccbHz2Im.ltrans0.ltrans.o
 *fill*         0x080132b2        0x2 
 .rodata.rt_test_012_005_execute.lto_priv.0.str1.4
                0x080132b4        0xb C:\Users\Ridwane\AppData\Local\Temp\ccbHz2Im.ltrans0.ltrans.o
 *fill*         0x080132bf        0x1 
 .rodata.rt_test_012_007_execute.lto_priv.0.str1.4
                0x080132c0       0x11 C:\Users\Ridwane\AppData\Local\Temp\ccbHz2Im.ltrans0.ltrans.o
 *fill*         0x080132d1        0x3 
 .rodata.rt_test_012_009_execute.lto_priv.0.str1.4
                0x080132d4        0xa C:\Users\Ridwane\AppData\Local\Temp\ccbHz2Im.ltrans0.ltrans.o
 *fill*         0x080132de        0x2 
 .rodata.rt_test_012_010_execute.lto_priv.0.str1.4
                0x080132e0        0xf C:\Users\Ridwane\AppData\Local\Temp\ccbHz2Im.ltrans0.ltrans.o
 *fill*         0x080132ef        0x1 
 .rodata.rt_test_012_011_execute.lto_priv.0.str1.4
                0x080132f0        0xf C:\Users\Ridwane\AppData\Local\Temp\ccbHz2Im.ltrans0.ltrans.o
 *fill*         0x080132ff        0x1 
 .rodata.rt_test_012_012_execute.lto_priv.0.str1.4
                0x08013300       0x95 C:\Users\Ridwane\AppData\Local\Temp\ccbHz2Im.ltrans0.ltrans.o
 *fill*         0x08013395        0x3 
 .rodata.oslib_test_001_002_execute.lto_priv.0.str1.4
                0x08013398       0x3a C:\Users\Ridwane\AppData\Local\Temp\ccbHz2Im.ltrans0.ltrans.o
 *fill*         0x080133d2        0x2 
 .rodata.oslib_test_001_003_execute.lto_priv.0.str1.4
                0x080133d4      0x2bd C:\Users\Ridwane\AppData\Local\Temp\ccbHz2Im.ltrans0.ltrans.o
 *fill*         0x08013691        0x3 
 .rodata.evhndl
                0x08013694        0xc C:\Users\Ridwane\AppData\Local\Temp\ccbHz2Im.ltrans0.ltrans.o
 .rodata.pipe_pattern.lto_priv.0
                0x080136a0       0x11 C:\Users\Ridwane\AppData\Local\Temp\ccbHz2Im.ltrans0.ltrans.o
                0x080136a0                pipe_pattern.lto_priv.0
 *fill*         0x080136b1        0x3 
 .rodata.ram_areas
                0x080136b4       0x80 C:\Users\Ridwane\AppData\Local\Temp\ccbHz2Im.ltrans0.ltrans.o
 .rodata.wa     0x08013734       0x14 C:\Users\Ridwane\AppData\Local\Temp\ccbHz2Im.ltrans0.ltrans.o
 .rodata.oslib_test_008_002_execute.str1.4
                0x08013748       0x2a C:\Users\Ridwane\AppData\Local\Temp\ccbHz2Im.ltrans1.ltrans.o
 .rodata.chFactoryCreateSemaphore.constprop.0.str1.4
                0x08013748        0x6 C:\Users\Ridwane\AppData\Local\Temp\ccbHz2Im.ltrans1.ltrans.o
 *fill*         0x0801374e        0x2 
 .rodata.oslib_test_009_004_teardown.str1.4
                0x08013750        0x6 C:\Users\Ridwane\AppData\Local\Temp\ccbHz2Im.ltrans1.ltrans.o
 *fill*         0x08013756        0x2 
 .rodata.oslib_test_009_001_teardown.str1.4
                0x08013758        0x6 C:\Users\Ridwane\AppData\Local\Temp\ccbHz2Im.ltrans1.ltrans.o
 *fill*         0x0801375e        0x2 
 .rodata.oslib_test_009_002_teardown.str1.4
                0x08013760        0x6 C:\Users\Ridwane\AppData\Local\Temp\ccbHz2Im.ltrans1.ltrans.o
 *fill*         0x08013766        0x2 
 .rodata.oslib_test_009_005_teardown.str1.4
                0x08013768        0x7 C:\Users\Ridwane\AppData\Local\Temp\ccbHz2Im.ltrans1.ltrans.o
 *fill*         0x0801376f        0x1 
 .rodata.oslib_test_009_006_teardown.str1.4
                0x08013770        0x7 C:\Users\Ridwane\AppData\Local\Temp\ccbHz2Im.ltrans1.ltrans.o
 *fill*         0x08013777        0x1 
 .rodata.oslib_test_009_001_execute.str1.4
                0x08013778       0x6c C:\Users\Ridwane\AppData\Local\Temp\ccbHz2Im.ltrans1.ltrans.o
                                 0x74 (size before relaxing)
 .rodata.oslib_test_009_006_execute.str1.4
                0x080137e4       0x1b C:\Users\Ridwane\AppData\Local\Temp\ccbHz2Im.ltrans1.ltrans.o
 *fill*         0x080137ff        0x1 
 .rodata.Thread1.str1.4
                0x08013800        0x8 C:\Users\Ridwane\AppData\Local\Temp\ccbHz2Im.ltrans1.ltrans.o
 .rodata.test_execute_inner.isra.0.str1.4
                0x08013808      0x1f7 C:\Users\Ridwane\AppData\Local\Temp\ccbHz2Im.ltrans1.ltrans.o
                                0x1ff (size before relaxing)
 *fill*         0x080139ff        0x1 
 .rodata.main.str1.4
                0x08013a00        0x5 C:\Users\Ridwane\AppData\Local\Temp\ccbHz2Im.ltrans1.ltrans.o
 *fill*         0x08013a05        0x3 
 .rodata.str1.4
                0x08013a08      0xa0a C:\Users\Ridwane\AppData\Local\Temp\ccbHz2Im.ltrans1.ltrans.o
 *fill*         0x08014412        0x2 
 .rodata.BITLENGTH
                0x08014414       0x58 C:\Users\Ridwane\AppData\Local\Temp\ccbHz2Im.ltrans1.ltrans.o
 .rodata.GMb    0x0801446c      0x800 C:\Users\Ridwane\AppData\Local\Temp\ccbHz2Im.ltrans1.ltrans.o
 .rodata.MAX_BL_LARGE
                0x08014c6c       0x28 C:\Users\Ridwane\AppData\Local\Temp\ccbHz2Im.ltrans1.ltrans.o
 .rodata.MAX_BL_SMALL
                0x08014c94       0x2c C:\Users\Ridwane\AppData\Local\Temp\ccbHz2Im.ltrans1.ltrans.o
 .rodata.PRIMES
                0x08014cc0     0x1878 C:\Users\Ridwane\AppData\Local\Temp\ccbHz2Im.ltrans1.ltrans.o
 .rodata.REV10  0x08016538      0x800 C:\Users\Ridwane\AppData\Local\Temp\ccbHz2Im.ltrans1.ltrans.o
 .rodata.ch_core0_cfg
                0x08016d38       0x14 C:\Users\Ridwane\AppData\Local\Temp\ccbHz2Im.ltrans1.ltrans.o
 .rodata.ch_debug
                0x08016d4c       0x2c C:\Users\Ridwane\AppData\Local\Temp\ccbHz2Im.ltrans1.ltrans.o
 .rodata.falcon_inner_fpr_gm_tab
                0x08016d78     0x4000 C:\Users\Ridwane\AppData\Local\Temp\ccbHz2Im.ltrans1.ltrans.o
 .rodata.falcon_inner_fpr_p2_tab
                0x0801ad78       0x58 C:\Users\Ridwane\AppData\Local\Temp\ccbHz2Im.ltrans1.ltrans.o
 .rodata.gauss_1024_12289
                0x0801add0       0xd8 C:\Users\Ridwane\AppData\Local\Temp\ccbHz2Im.ltrans1.ltrans.o
 .rodata.iGMb   0x0801aea8      0x800 C:\Users\Ridwane\AppData\Local\Temp\ccbHz2Im.ltrans1.ltrans.o
 .rodata.oslib_test_001_001
                0x0801b6a8       0x10 C:\Users\Ridwane\AppData\Local\Temp\ccbHz2Im.ltrans1.ltrans.o
 .rodata.oslib_test_001_002
                0x0801b6b8       0x10 C:\Users\Ridwane\AppData\Local\Temp\ccbHz2Im.ltrans1.ltrans.o
 .rodata.oslib_test_001_003
                0x0801b6c8       0x10 C:\Users\Ridwane\AppData\Local\Temp\ccbHz2Im.ltrans1.ltrans.o
 .rodata.oslib_test_002_001
                0x0801b6d8       0x10 C:\Users\Ridwane\AppData\Local\Temp\ccbHz2Im.ltrans1.ltrans.o
 .rodata.oslib_test_002_002
                0x0801b6e8       0x10 C:\Users\Ridwane\AppData\Local\Temp\ccbHz2Im.ltrans1.ltrans.o
 .rodata.oslib_test_002_003
                0x0801b6f8       0x10 C:\Users\Ridwane\AppData\Local\Temp\ccbHz2Im.ltrans1.ltrans.o
 .rodata.oslib_test_003_001
                0x0801b708       0x10 C:\Users\Ridwane\AppData\Local\Temp\ccbHz2Im.ltrans1.ltrans.o
 .rodata.oslib_test_003_002
                0x0801b718       0x10 C:\Users\Ridwane\AppData\Local\Temp\ccbHz2Im.ltrans1.ltrans.o
 .rodata.oslib_test_004_001
                0x0801b728       0x10 C:\Users\Ridwane\AppData\Local\Temp\ccbHz2Im.ltrans1.ltrans.o
 .rodata.oslib_test_005_001
                0x0801b738       0x10 C:\Users\Ridwane\AppData\Local\Temp\ccbHz2Im.ltrans1.ltrans.o
 .rodata.oslib_test_006_001
                0x0801b748       0x10 C:\Users\Ridwane\AppData\Local\Temp\ccbHz2Im.ltrans1.ltrans.o
 .rodata.oslib_test_007_001
                0x0801b758       0x10 C:\Users\Ridwane\AppData\Local\Temp\ccbHz2Im.ltrans1.ltrans.o
 .rodata.oslib_test_007_002
                0x0801b768       0x10 C:\Users\Ridwane\AppData\Local\Temp\ccbHz2Im.ltrans1.ltrans.o
 .rodata.oslib_test_007_003
                0x0801b778       0x10 C:\Users\Ridwane\AppData\Local\Temp\ccbHz2Im.ltrans1.ltrans.o
 .rodata.oslib_test_008_001
                0x0801b788       0x10 C:\Users\Ridwane\AppData\Local\Temp\ccbHz2Im.ltrans1.ltrans.o
 .rodata.oslib_test_008_002
                0x0801b798       0x10 C:\Users\Ridwane\AppData\Local\Temp\ccbHz2Im.ltrans1.ltrans.o
 .rodata.oslib_test_009_001
                0x0801b7a8       0x10 C:\Users\Ridwane\AppData\Local\Temp\ccbHz2Im.ltrans1.ltrans.o
 .rodata.oslib_test_009_002
                0x0801b7b8       0x10 C:\Users\Ridwane\AppData\Local\Temp\ccbHz2Im.ltrans1.ltrans.o
 .rodata.oslib_test_009_003
                0x0801b7c8       0x10 C:\Users\Ridwane\AppData\Local\Temp\ccbHz2Im.ltrans1.ltrans.o
 .rodata.oslib_test_009_004
                0x0801b7d8       0x10 C:\Users\Ridwane\AppData\Local\Temp\ccbHz2Im.ltrans1.ltrans.o
 .rodata.oslib_test_009_005
                0x0801b7e8       0x10 C:\Users\Ridwane\AppData\Local\Temp\ccbHz2Im.ltrans1.ltrans.o
 .rodata.oslib_test_009_006
                0x0801b7f8       0x10 C:\Users\Ridwane\AppData\Local\Temp\ccbHz2Im.ltrans1.ltrans.o
 .rodata.oslib_test_sequence_001
                0x0801b808        0x8 C:\Users\Ridwane\AppData\Local\Temp\ccbHz2Im.ltrans1.ltrans.o
 .rodata.oslib_test_sequence_001_array
                0x0801b810       0x10 C:\Users\Ridwane\AppData\Local\Temp\ccbHz2Im.ltrans1.ltrans.o
 .rodata.oslib_test_sequence_002
                0x0801b820        0x8 C:\Users\Ridwane\AppData\Local\Temp\ccbHz2Im.ltrans1.ltrans.o
 .rodata.oslib_test_sequence_002_array
                0x0801b828       0x10 C:\Users\Ridwane\AppData\Local\Temp\ccbHz2Im.ltrans1.ltrans.o
 .rodata.oslib_test_sequence_003
                0x0801b838        0x8 C:\Users\Ridwane\AppData\Local\Temp\ccbHz2Im.ltrans1.ltrans.o
 .rodata.oslib_test_sequence_003_array
                0x0801b840        0xc C:\Users\Ridwane\AppData\Local\Temp\ccbHz2Im.ltrans1.ltrans.o
 .rodata.oslib_test_sequence_004
                0x0801b84c        0x8 C:\Users\Ridwane\AppData\Local\Temp\ccbHz2Im.ltrans1.ltrans.o
 .rodata.oslib_test_sequence_004_array
                0x0801b854        0x8 C:\Users\Ridwane\AppData\Local\Temp\ccbHz2Im.ltrans1.ltrans.o
 .rodata.oslib_test_sequence_005
                0x0801b85c        0x8 C:\Users\Ridwane\AppData\Local\Temp\ccbHz2Im.ltrans1.ltrans.o
 .rodata.oslib_test_sequence_005_array