Archive member included to satisfy reference by file (symbol)

c:/chibistudio/tools/gnu tools arm embedded/11.3 2022.08/bin/../lib/gcc/arm-none-eabi/11.3.1/thumb/v7e-m/nofp\libg_nano.a(libc_a-rand.o)
                              ./build/obj/main.o (symbol from plugin) (rand)
c:/chibistudio/tools/gnu tools arm embedded/11.3 2022.08/bin/../lib/gcc/arm-none-eabi/11.3.1/thumb/v7e-m/nofp\libg_nano.a(libc_a-impure.o)
                              c:/chibistudio/tools/gnu tools arm embedded/11.3 2022.08/bin/../lib/gcc/arm-none-eabi/11.3.1/thumb/v7e-m/nofp\libg_nano.a(libc_a-rand.o) (_impure_ptr)
c:/chibistudio/tools/gnu tools arm embedded/11.3 2022.08/bin/../lib/gcc/arm-none-eabi/11.3.1/thumb/v7e-m/nofp\libg_nano.a(libc_a-assert.o)
                              c:/chibistudio/tools/gnu tools arm embedded/11.3 2022.08/bin/../lib/gcc/arm-none-eabi/11.3.1/thumb/v7e-m/nofp\libg_nano.a(libc_a-rand.o) (__assert_func)
c:/chibistudio/tools/gnu tools arm embedded/11.3 2022.08/bin/../lib/gcc/arm-none-eabi/11.3.1/thumb/v7e-m/nofp\libg_nano.a(libc_a-malloc.o)
                              c:/chibistudio/tools/gnu tools arm embedded/11.3 2022.08/bin/../lib/gcc/arm-none-eabi/11.3.1/thumb/v7e-m/nofp\libg_nano.a(libc_a-rand.o) (malloc)
c:/chibistudio/tools/gnu tools arm embedded/11.3 2022.08/bin/../lib/gcc/arm-none-eabi/11.3.1/thumb/v7e-m/nofp\libg_nano.a(libc_a-mallocr.o)
                              c:/chibistudio/tools/gnu tools arm embedded/11.3 2022.08/bin/../lib/gcc/arm-none-eabi/11.3.1/thumb/v7e-m/nofp\libg_nano.a(libc_a-malloc.o) (_malloc_r)
c:/chibistudio/tools/gnu tools arm embedded/11.3 2022.08/bin/../lib/gcc/arm-none-eabi/11.3.1/thumb/v7e-m/nofp\libg_nano.a(libc_a-mlock.o)
                              c:/chibistudio/tools/gnu tools arm embedded/11.3 2022.08/bin/../lib/gcc/arm-none-eabi/11.3.1/thumb/v7e-m/nofp\libg_nano.a(libc_a-mallocr.o) (__malloc_lock)
c:/chibistudio/tools/gnu tools arm embedded/11.3 2022.08/bin/../lib/gcc/arm-none-eabi/11.3.1/thumb/v7e-m/nofp\libg_nano.a(libc_a-fprintf.o)
                              c:/chibistudio/tools/gnu tools arm embedded/11.3 2022.08/bin/../lib/gcc/arm-none-eabi/11.3.1/thumb/v7e-m/nofp\libg_nano.a(libc_a-assert.o) (fiprintf)
c:/chibistudio/tools/gnu tools arm embedded/11.3 2022.08/bin/../lib/gcc/arm-none-eabi/11.3.1/thumb/v7e-m/nofp\libg_nano.a(libc_a-lock.o)
                              c:/chibistudio/tools/gnu tools arm embedded/11.3 2022.08/bin/../lib/gcc/arm-none-eabi/11.3.1/thumb/v7e-m/nofp\libg_nano.a(libc_a-mlock.o) (__retarget_lock_acquire_recursive)
c:/chibistudio/tools/gnu tools arm embedded/11.3 2022.08/bin/../lib/gcc/arm-none-eabi/11.3.1/thumb/v7e-m/nofp\libg_nano.a(libc_a-abort.o)
                              c:/chibistudio/tools/gnu tools arm embedded/11.3 2022.08/bin/../lib/gcc/arm-none-eabi/11.3.1/thumb/v7e-m/nofp\libg_nano.a(libc_a-assert.o) (abort)
c:/chibistudio/tools/gnu tools arm embedded/11.3 2022.08/bin/../lib/gcc/arm-none-eabi/11.3.1/thumb/v7e-m/nofp\libg_nano.a(libc_a-freer.o)
                              c:/chibistudio/tools/gnu tools arm embedded/11.3 2022.08/bin/../lib/gcc/arm-none-eabi/11.3.1/thumb/v7e-m/nofp\libg_nano.a(libc_a-malloc.o) (_free_r)
c:/chibistudio/tools/gnu tools arm embedded/11.3 2022.08/bin/../lib/gcc/arm-none-eabi/11.3.1/thumb/v7e-m/nofp\libg_nano.a(libc_a-nano-vfprintf.o)
                              c:/chibistudio/tools/gnu tools arm embedded/11.3 2022.08/bin/../lib/gcc/arm-none-eabi/11.3.1/thumb/v7e-m/nofp\libg_nano.a(libc_a-fprintf.o) (_vfprintf_r)
c:/chibistudio/tools/gnu tools arm embedded/11.3 2022.08/bin/../lib/gcc/arm-none-eabi/11.3.1/thumb/v7e-m/nofp\libg_nano.a(libc_a-nano-vfprintf_i.o)
                              c:/chibistudio/tools/gnu tools arm embedded/11.3 2022.08/bin/../lib/gcc/arm-none-eabi/11.3.1/thumb/v7e-m/nofp\libg_nano.a(libc_a-nano-vfprintf.o) (_printf_i)
c:/chibistudio/tools/gnu tools arm embedded/11.3 2022.08/bin/../lib/gcc/arm-none-eabi/11.3.1/thumb/v7e-m/nofp\libg_nano.a(libc_a-findfp.o)
                              c:/chibistudio/tools/gnu tools arm embedded/11.3 2022.08/bin/../lib/gcc/arm-none-eabi/11.3.1/thumb/v7e-m/nofp\libg_nano.a(libc_a-nano-vfprintf.o) (__sinit)
c:/chibistudio/tools/gnu tools arm embedded/11.3 2022.08/bin/../lib/gcc/arm-none-eabi/11.3.1/thumb/v7e-m/nofp\libg_nano.a(libc_a-fvwrite.o)
                              c:/chibistudio/tools/gnu tools arm embedded/11.3 2022.08/bin/../lib/gcc/arm-none-eabi/11.3.1/thumb/v7e-m/nofp\libg_nano.a(libc_a-nano-vfprintf.o) (__sfvwrite_r)
c:/chibistudio/tools/gnu tools arm embedded/11.3 2022.08/bin/../lib/gcc/arm-none-eabi/11.3.1/thumb/v7e-m/nofp\libg_nano.a(libc_a-fwalk.o)
                              c:/chibistudio/tools/gnu tools arm embedded/11.3 2022.08/bin/../lib/gcc/arm-none-eabi/11.3.1/thumb/v7e-m/nofp\libg_nano.a(libc_a-findfp.o) (_fwalk_sglue)
c:/chibistudio/tools/gnu tools arm embedded/11.3 2022.08/bin/../lib/gcc/arm-none-eabi/11.3.1/thumb/v7e-m/nofp\libg_nano.a(libc_a-stdio.o)
[...]
Memory Configuration

Name             Origin             Length             Attributes
flash0           0x08000000         0x00100000         xr
flash1           0x00000000         0x00000000         xr
flash2           0x00000000         0x00000000         xr
flash3           0x00000000         0x00000000         xr
flash4           0x00000000         0x00000000         xr
flash5           0x00000000         0x00000000         xr
flash6           0x00000000         0x00000000         xr
flash7           0x00000000         0x00000000         xr
ram0             0x20000000         0x00020000         xw
ram1             0x20000000         0x0001c000         xw
ram2             0x2001c000         0x00004000         xw
ram3             0x00000000         0x00000000         xw
ram4             0x10000000         0x00010000         xw
ram5             0x40024000         0x00001000         xw
ram6             0x00000000         0x00000000         xw
ram7             0x00000000         0x00000000         xw
*default*        0x00000000         0xffffffff

Linker script and memory map

LOAD ./build/obj/crt0_v7m.o
LOAD ./build/obj/vectors.o
LOAD ./build/obj/chcoreasm.o
LOAD ./build/obj/crt1.o
LOAD C:\Users\Ridwane\AppData\Local\Temp\cc2IgH24.ltrans0.ltrans.o
LOAD C:\Users\Ridwane\AppData\Local\Temp\cc4Pasz4.debug.temp.o
LOAD C:\Users\Ridwane\AppData\Local\Temp\ccS2IK68.debug.temp.o
LOAD C:\Users\Ridwane\AppData\Local\Temp\ccS3d0Qd.debug.temp.o
LOAD C:\Users\Ridwane\AppData\Local\Temp\cc0wdtDi.debug.temp.o
LOAD C:\Users\Ridwane\AppData\Local\Temp\cckK1hln.debug.temp.o
LOAD C:\Users\Ridwane\AppData\Local\Temp\ccieUJ3q.debug.temp.o
LOAD C:\Users\Ridwane\AppData\Local\Temp\ccwCf6Hu.debug.temp.o
LOAD C:\Users\Ridwane\AppData\Local\Temp\ccKQBlpy.debug.temp.o
LOAD C:\Users\Ridwane\AppData\Local\Temp\ccij6dhC.debug.temp.o
LOAD C:\Users\Ridwane\AppData\Local\Temp\ccUfdT3F.debug.temp.o
LOAD C:\Users\Ridwane\AppData\Local\Temp\ccEEOLSJ.debug.temp.o
LOAD C:\Users\Ridwane\AppData\Local\Temp\ccMd7aVN.debug.temp.o
LOAD C:\Users\Ridwane\AppData\Local\Temp\ccgCmARR.debug.temp.o
LOAD C:\Users\Ridwane\AppData\Local\Temp\ccYTSd1V.debug.temp.o
LOAD C:\Users\Ridwane\AppData\Local\Temp\ccGrN3c0.debug.temp.o
LOAD C:\Users\Ridwane\AppData\Local\Temp\ccsh21h4.debug.temp.o
LOAD C:\Users\Ridwane\AppData\Local\Temp\cccebx6b.debug.temp.o
LOAD C:\Users\Ridwane\AppData\Local\Temp\ccQdNFWj.debug.temp.o
LOAD C:\Users\Ridwane\AppData\Local\Temp\cc4lK5Or.debug.temp.o
LOAD C:\Users\Ridwane\AppData\Local\Temp\ccU5aAAz.debug.temp.o
LOAD C:\Users\Ridwane\AppData\Local\Temp\cca3zBzH.debug.temp.o
LOAD C:\Users\Ridwane\AppData\Local\Temp\ccAzQoBP.debug.temp.o
LOAD C:\Users\Ridwane\AppData\Local\Temp\ccaxglwX.debug.temp.o
LOAD C:\Users\Ridwane\AppData\Local\Temp\ccYp0ME5.debug.temp.o
LOAD C:\Users\Ridwane\AppData\Local\Temp\cc62StPd.debug.temp.o
LOAD C:\Users\Ridwane\AppData\Local\Temp\ccaMZhTl.debug.temp.o
LOAD C:\Users\Ridwane\AppData\Local\Temp\ccAyq49t.debug.temp.o
LOAD C:\Users\Ridwane\AppData\Local\Temp\ccgx1utC.debug.temp.o
LOAD C:\Users\Ridwane\AppData\Local\Temp\ccSHZRGK.debug.temp.o
LOAD C:\Users\Ridwane\AppData\Local\Temp\cci4apWR.debug.temp.o
LOAD C:\Users\Ridwane\AppData\Local\Temp\ccWt6KdZ.debug.temp.o
LOAD C:\Users\Ridwane\AppData\Local\Temp\ccG2ARq6.debug.temp.o
LOAD C:\Users\Ridwane\AppData\Local\Temp\ccCp2UQd.debug.temp.o
LOAD C:\Users\Ridwane\AppData\Local\Temp\ccC4N69k.debug.temp.o
LOAD C:\Users\Ridwane\AppData\Local\Temp\ccQETNGs.debug.temp.o
LOAD C:\Users\Ridwane\AppData\Local\Temp\ccgZNQ8z.debug.temp.o
LOAD C:\Users\Ridwane\AppData\Local\Temp\ccW1oGDH.debug.temp.o
LOAD C:\Users\Ridwane\AppData\Local\Temp\ccW881lP.debug.temp.o
LOAD C:\Users\Ridwane\AppData\Local\Temp\cc8ZHJZW.debug.temp.o
LOAD C:\Users\Ridwane\AppData\Local\Temp\cc0mUIF3.debug.temp.o
LOAD C:\Users\Ridwane\AppData\Local\Temp\ccW1qQea.debug.temp.o
LOAD C:\Users\Ridwane\AppData\Local\Temp\ccstNg4g.debug.temp.o
LOAD C:\Users\Ridwane\AppData\Local\Temp\ccmhDl0n.debug.temp.o
LOAD C:\Users\Ridwane\AppData\Local\Temp\ccoxXDYu.debug.temp.o
LOAD C:\Users\Ridwane\AppData\Local\Temp\ccuhUIRB.debug.temp.o
LOAD C:\Users\Ridwane\AppData\Local\Temp\ccyeKMZI.debug.temp.o
LOAD C:\Users\Ridwane\AppData\Local\Temp\ccaNEJ1P.debug.temp.o
LOAD C:\Users\Ridwane\AppData\Local\Temp\ccAJ4u7V.debug.temp.o
LOAD C:\Users\Ridwane\AppData\Local\Temp\ccgMv5e2.debug.temp.o
LOAD C:\Users\Ridwane\AppData\Local\Temp\cciO82h8.debug.temp.o
LOAD C:\Users\Ridwane\AppData\Local\Temp\ccmplWxe.debug.temp.o
LOAD C:\Users\Ridwane\AppData\Local\Temp\cc6jfSHk.debug.temp.o
LOAD C:\Users\Ridwane\AppData\Local\Temp\ccyhVp4q.debug.temp.o
LOAD C:\Users\Ridwane\AppData\Local\Temp\ccykFetx.debug.temp.o
LOAD C:\Users\Ridwane\AppData\Local\Temp\ccsKQUND.debug.temp.o
LOAD C:\Users\Ridwane\AppData\Local\Temp\ccMn07lK.debug.temp.o
LOAD C:\Users\Ridwane\AppData\Local\Temp\cc2SiNPQ.debug.temp.o
LOAD C:\Users\Ridwane\AppData\Local\Temp\cc4mQ4Z0.debug.temp.o
LOAD C:\Users\Ridwane\AppData\Local\Temp\cciBcI5a.debug.temp.o
LOAD C:\Users\Ridwane\AppData\Local\Temp\ccY9Tqpl.debug.temp.o
LOAD C:\Users\Ridwane\AppData\Local\Temp\ccMa6mLv.debug.temp.o
LOAD C:\Users\Ridwane\AppData\Local\Temp\cckJJs2F.debug.temp.o
LOAD C:\Users\Ridwane\AppData\Local\Temp\ccEyTgxQ.debug.temp.o
LOAD C:\Users\Ridwane\AppData\Local\Temp\ccEBBiV0.debug.temp.o
LOAD C:\Users\Ridwane\AppData\Local\Temp\cccE0yxb.debug.temp.o
LOAD C:\Users\Ridwane\AppData\Local\Temp\cccFbQ3l.debug.temp.o
LOAD C:\Users\Ridwane\AppData\Local\Temp\cce37RCw.debug.temp.o
LOAD C:\Users\Ridwane\AppData\Local\Temp\cc4cUKeG.debug.temp.o
LOAD C:\Users\Ridwane\AppData\Local\Temp\ccgC0WJP.debug.temp.o
LOAD C:\Users\Ridwane\AppData\Local\Temp\ccG0wctZ.debug.temp.o
LOAD C:\Users\Ridwane\AppData\Local\Temp\cc2azBf9.debug.temp.o
LOAD C:\Users\Ridwane\AppData\Local\Temp\ccsDV8Ui.debug.temp.o
LOAD C:\Users\Ridwane\AppData\Local\Temp\cccarcOs.debug.temp.o
LOAD C:\Users\Ridwane\AppData\Local\Temp\ccgHXaDC.debug.temp.o
LOAD C:\Users\Ridwane\AppData\Local\Temp\ccsGYmuM.debug.temp.o
LOAD C:\Users\Ridwane\AppData\Local\Temp\cckhEBqW.debug.temp.o
LOAD C:\Users\Ridwane\AppData\Local\Temp\ccUOq6p6.debug.temp.o
LOAD C:\Users\Ridwane\AppData\Local\Temp\ccgVw4qf.debug.temp.o
LOAD C:\Users\Ridwane\AppData\Local\Temp\ccZiUlkh.debug.temp.o
LOAD C:\Users\Ridwane\AppData\Local\Temp\ccMaUp8i.debug.temp.o
LOAD C:\Users\Ridwane\AppData\Local\Temp\ccFvJL7k.debug.temp.o
LOAD C:\Users\Ridwane\AppData\Local\Temp\ccGi3k9m.debug.temp.o
LOAD C:\Users\Ridwane\AppData\Local\Temp\ccLnH23o.debug.temp.o
LOAD C:\Users\Ridwane\AppData\Local\Temp\cciNGPcr.debug.temp.o
LOAD C:\Users\Ridwane\AppData\Local\Temp\ccXEaQnt.debug.temp.o
LOAD ./build/obj/hal.o
LOAD ./build/obj/hal_st.o
LOAD ./build/obj/hal_buffered_serial.o
LOAD ./build/obj/hal_buffers.o
LOAD ./build/obj/hal_queues.o
LOAD ./build/obj/hal_flash.o
LOAD ./build/obj/hal_mmcsd.o
LOAD ./build/obj/hal_pal.o
LOAD ./build/obj/hal_serial.o
LOAD ./build/obj/nvic.o
LOAD ./build/obj/stm32_isr.o
LOAD ./build/obj/hal_lld.o
LOAD ./build/obj/hal_efl_lld.o
LOAD ./build/obj/stm32_dma.o
LOAD ./build/obj/stm32_exti.o
LOAD ./build/obj/hal_pal_lld.o
LOAD ./build/obj/hal_st_lld.o
LOAD ./build/obj/hal_serial_lld.o
LOAD ./build/obj/board.o
LOAD ./build/obj/osal.o
LOAD ./build/obj/chsys.o
LOAD ./build/obj/chrfcu.o
LOAD ./build/obj/chdebug.o
LOAD ./build/obj/chtrace.o
LOAD ./build/obj/chvt.o
LOAD ./build/obj/chschd.o
LOAD ./build/obj/chinstances.o
LOAD ./build/obj/chthreads.o
LOAD ./build/obj/chtm.o
LOAD ./build/obj/chregistry.o
LOAD ./build/obj/chsem.o
LOAD ./build/obj/chmtx.o
LOAD ./build/obj/chcond.o
LOAD ./build/obj/chevents.o
LOAD ./build/obj/chmsg.o
LOAD ./build/obj/chdynamic.o
LOAD ./build/obj/chmboxes.o
LOAD ./build/obj/chmemcore.o
LOAD ./build/obj/chmemheaps.o
LOAD ./build/obj/chmempools.o
LOAD ./build/obj/chpipes.o
LOAD ./build/obj/chobjcaches.o
LOAD ./build/obj/chdelegates.o
LOAD ./build/obj/chfactory.o
LOAD ./build/obj/chcore.o
LOAD ./build/obj/ch_test.o
LOAD ./build/obj/ch_test_printf.o
LOAD ./build/obj/rt_test_root.o
LOAD ./build/obj/rt_test_sequence_001.o
LOAD ./build/obj/rt_test_sequence_002.o
LOAD ./build/obj/rt_test_sequence_003.o
LOAD ./build/obj/rt_test_sequence_004.o
LOAD ./build/obj/rt_test_sequence_005.o
LOAD ./build/obj/rt_test_sequence_006.o
LOAD ./build/obj/rt_test_sequence_007.o
LOAD ./build/obj/rt_test_sequence_008.o
LOAD ./build/obj/rt_test_sequence_009.o
LOAD ./build/obj/rt_test_sequence_010.o
LOAD ./build/obj/rt_test_sequence_011.o
LOAD ./build/obj/rt_test_sequence_012.o
LOAD ./build/obj/oslib_test_root.o
LOAD ./build/obj/oslib_test_sequence_001.o
LOAD ./build/obj/oslib_test_sequence_002.o
LOAD ./build/obj/oslib_test_sequence_003.o
LOAD ./build/obj/oslib_test_sequence_004.o
LOAD ./build/obj/oslib_test_sequence_005.o
LOAD ./build/obj/oslib_test_sequence_006.o
LOAD ./build/obj/oslib_test_sequence_007.o
LOAD ./build/obj/oslib_test_sequence_008.o
LOAD ./build/obj/oslib_test_sequence_009.o
LOAD ./build/obj/syscalls.o
LOAD ./build/obj/chprintf.o
LOAD ./build/obj/main.o
LOAD ./build/obj/sign.o
LOAD ./build/obj/nist.o
LOAD ./build/obj/codec.o
LOAD ./build/obj/common.o
LOAD ./build/obj/fft.o
LOAD ./build/obj/fpr.o
LOAD ./build/obj/keygen.o
LOAD ./build/obj/rng.o
LOAD ./build/obj/shake.o
LOAD ./build/obj/vrfy.o
LOAD ./build/obj/katrng.o

.mstack         0x20000000      0x400
                0x20000000                . = ALIGN (0x8)
                0x20000000                __main_stack_base__ = .
                0x20000400                . = (. + __main_stack_size__)
 *fill*         0x20000000      0x400 
                0x20000400                . = ALIGN (0x8)
                0x20000400                __main_stack_end__ = .

.pstack         0x20000400      0x400
                0x20000400                . = ALIGN (0x8)
                0x20000400                __process_stack_base__ = .
                0x20000400                __main_thread_stack_base__ = .
                0x20000800                . = (. + __process_stack_size__)
 *fill*         0x20000400      0x400 
                0x20000800                . = ALIGN (0x8)
                0x20000800                __process_stack_end__ = .
                0x20000800                __main_thread_stack_end__ = .

.vectors        0x08000000      0x1e0
                0x08000000                __textvectors_base__ = LOADADDR (.vectors)
                0x08000000                __vectors_base__ = .
 *(.vectors)
 .vectors       0x08000000      0x1e0 ./build/obj/vectors.o
                0x08000000                _vectors
                0x080001e0                __vectors_end__ = .

.xtors          0x080001e0        0x0
                0x080001e0                __init_array_base__ = .
 *(SORT_BY_NAME(.init_array.*))
 *(.init_array)
                0x080001e0                __init_array_end__ = .
                0x080001e0                __fini_array_base__ = .
 *(.fini_array)
 *(SORT_BY_NAME(.fini_array.*))
                0x080001e0                __fini_array_end__ = .

.text           0x080001e0    0x1c6c0
                0x080001e0                __text_base__ = .
 *(.text)
 .text          0x080001e0       0xd8 ./build/obj/crt0_v7m.o
                0x080001e0                _crt0_entry
 .text          0x080002b8        0x8 ./build/obj/vectors.o
                0x080002b8                Reset_Handler
                0x080002ba                VectorE8
                0x080002ba                Vector9C
                0x080002ba                VectorAC
                0x080002ba                DebugMon_Handler
                0x080002ba                Vector1A0
                0x080002ba                Vector5C
                0x080002ba                Vector11C
                0x080002ba                HardFault_Handler
                0x080002ba                Vector1B8
                0x080002ba                Vector19C
                0x080002ba                Vector8C
                0x080002ba                SysTick_Handler
                0x080002ba                VectorDC
                0x080002ba                PendSV_Handler
                0x080002ba                Vector168
                0x080002ba                NMI_Handler
                0x080002ba                Vector110
                0x080002ba                Vector120
                0x080002ba                Vector1D8
                0x080002ba                VectorC8
                0x080002ba                Vector94
                0x080002ba                VectorA8
                0x080002ba                VectorB4
                0x080002ba                Vector74
                0x080002ba                Vector160
                0x080002ba                Vector1B0
                0x080002ba                UsageFault_Handler
                0x080002ba                VectorEC
                0x080002ba                Vector40
                0x080002ba                VectorF8
                0x080002ba                Vector108
                0x080002ba                VectorBC
                0x080002ba                Vector190
                0x080002ba                Vector150
                0x080002ba                Vector124
                0x080002ba                Vector1C4
                0x080002ba                Vector1CC
                0x080002ba                Vector148
                0x080002ba                Vector188
                0x080002ba                Vector198
                0x080002ba                Vector118
                0x080002ba                Vector64
                0x080002ba                Vector58
                0x080002ba                VectorCC
                0x080002ba                Vector54
                0x080002ba                Vector98
                0x080002ba                Vector138
                0x080002ba                Vector24
                0x080002ba                Vector1AC
                0x080002ba                Vector178
                0x080002ba                Vector84
                0x080002ba                SecureFault_Handler
                0x080002ba                Vector1A4
                0x080002ba                VectorD0
                0x080002ba                Vector1B4
                0x080002ba                Vector140
                0x080002ba                VectorE4
                0x080002ba                VectorC0
                0x080002ba                Vector158
                0x080002ba                Vector130
                0x080002ba                Vector1C0
                0x080002ba                Vector134
                0x080002ba                Vector1D0
                0x080002ba                VectorF0
                0x080002ba                Vector12C
                0x080002ba                Vector13C
                0x080002ba                Vector100
                0x080002ba                VectorE0
                0x080002ba                VectorF4
                0x080002ba                MemManage_Handler
                0x080002ba                Vector6C
                0x080002ba                VectorA0
                0x080002ba                VectorC4
                0x080002ba                Vector7C
                0x080002ba                Vector180
                0x080002ba                Vector90
                0x080002ba                Vector114
                0x080002ba                Vector164
                0x080002ba                Vector60
                0x080002ba                Vector1BC
                0x080002ba                Vector1D4
                0x080002ba                Vector17C
                0x080002ba                Vector48
                0x080002ba                Vector1A8
                0x080002ba                Vector16C
                0x080002ba                Vector70
                0x080002ba                Vector4C
                0x080002ba                Vector144
                0x080002ba                Vector80
                0x080002ba                Vector15C
                0x080002ba                Vector68
                0x080002ba                Vector78
                0x080002ba                Vector18C
                0x080002ba                Vector170
                0x080002ba                Vector88
                0x080002ba                Vector104
                0x080002ba                Vector184
                0x080002ba                Vector10C
                0x080002ba                Vector14C
                0x080002ba                BusFault_Handler
                0x080002ba                Vector50
                0x080002ba                Vector1C8
                0x080002ba                Vector194
                0x080002ba                Vector1DC
                0x080002ba                Vector154
                0x080002ba                Vector44
                0x080002ba                Vector28
                0x080002ba                VectorB8
                0x080002ba                VectorFC
                0x080002ba                Vector34
                0x080002ba                Vector128
                0x080002ba                VectorA4
                0x080002ba                Vector20
                0x080002ba                Vector174
                0x080002be                _unhandled_exception
 .text          0x080002c0       0x2a ./build/obj/chcoreasm.o
                0x080002c0                __port_switch
                0x080002d0                __port_thread_start
                0x080002e2                __port_switch_from_isr
                0x080002e6                __port_exit_from_isr
 *fill*         0x080002ea        0x6 
 .text          0x080002f0       0xa0 c:/chibistudio/tools/gnu tools arm embedded/11.3 2022.08/bin/../lib/gcc/arm-none-eabi/11.3.1/thumb/v7e-m/nofp\libg_nano.a(libc_a-memchr.o)
                0x080002f0                memchr
 *(.text.*)
 .text.__cpu_init
                0x08000390        0x4 C:\Users\Ridwane\AppData\Local\Temp\cc2IgH24.ltrans0.ltrans.o
                0x08000390                __cpu_init
 *fill*         0x08000394        0xc 
 .text.__late_init
                0x080003a0        0x4 C:\Users\Ridwane\AppData\Local\Temp\cc2IgH24.ltrans0.ltrans.o
                0x080003a0                __late_init
 *fill*         0x080003a4        0xc 
 .text.__default_exit
                0x080003b0        0x4 C:\Users\Ridwane\AppData\Local\Temp\cc2IgH24.ltrans0.ltrans.o
                0x080003b0                __default_exit
 *fill*         0x080003b4        0xc 
 .text.__init_ram_areas
                0x080003c0       0x68 C:\Users\Ridwane\AppData\Local\Temp\cc2IgH24.ltrans0.ltrans.o
                0x080003c0                __init_ram_areas
 *fill*         0x08000428        0x8 
 .text.osalInit
                0x08000430        0x4 C:\Users\Ridwane\AppData\Local\Temp\cc2IgH24.ltrans0.ltrans.o
 *fill*         0x08000434        0xc 
 .text.halInit  0x08000440       0x20 C:\Users\Ridwane\AppData\Local\Temp\cc2IgH24.ltrans0.ltrans.o
 .text.st_lld_get_counter
                0x08000460        0xc C:\Users\Ridwane\AppData\Local\Temp\cc2IgH24.ltrans0.ltrans.o
 *fill*         0x0800046c        0x4 
 .text.st_lld_start_alarm
                0x08000470       0x24 C:\Users\Ridwane\AppData\Local\Temp\cc2IgH24.ltrans0.ltrans.o
 *fill*         0x08000494        0xc 
 .text.st_lld_stop_alarm
                0x080004a0        0xc C:\Users\Ridwane\AppData\Local\Temp\cc2IgH24.ltrans0.ltrans.o
 *fill*         0x080004ac        0x4 
 .text.st_lld_set_alarm
                0x080004b0       0x14 C:\Users\Ridwane\AppData\Local\Temp\cc2IgH24.ltrans0.ltrans.o
 *fill*         0x080004c4        0xc 
 .text.stInit   0x080004d0        0xc C:\Users\Ridwane\AppData\Local\Temp\cc2IgH24.ltrans0.ltrans.o
 *fill*         0x080004dc        0x4 
 .text.stGetCounter
                0x080004e0        0xc C:\Users\Ridwane\AppData\Local\Temp\cc2IgH24.ltrans0.ltrans.o
 *fill*         0x080004ec        0x4 
 .text.stStartAlarm
                0x080004f0       0x14 C:\Users\Ridwane\AppData\Local\Temp\cc2IgH24.ltrans0.ltrans.o
 *fill*         0x08000504        0xc 
 .text.stStopAlarm
                0x08000510        0xc C:\Users\Ridwane\AppData\Local\Temp\cc2IgH24.ltrans0.ltrans.o
 *fill*         0x0800051c        0x4 
 .text.stSetAlarm
                0x08000520       0x14 C:\Users\Ridwane\AppData\Local\Temp\cc2IgH24.ltrans0.ltrans.o
 *fill*         0x08000534        0xc 
 .text.ch_queue_init.lto_priv.1
                0x08000540       0x18 C:\Users\Ridwane\AppData\Local\Temp\cc2IgH24.ltrans0.ltrans.o
 *fill*         0x08000558        0x8 
 .text.chSysLock.lto_priv.1
                0x08000560       0x18 C:\Users\Ridwane\AppData\Local\Temp\cc2IgH24.ltrans0.ltrans.o
 *fill*         0x08000578        0x8 
 .text.chSysUnlock.lto_priv.1
                0x08000580       0x18 C:\Users\Ridwane\AppData\Local\Temp\cc2IgH24.ltrans0.ltrans.o
 *fill*         0x08000598        0x8 
 .text.chThdQueueObjectInit.lto_priv.1
                0x080005a0       0x18 C:\Users\Ridwane\AppData\Local\Temp\cc2IgH24.ltrans0.ltrans.o
 *fill*         0x080005b8        0x8 
 .text.osalSysLock.lto_priv.1
                0x080005c0        0xc C:\Users\Ridwane\AppData\Local\Temp\cc2IgH24.ltrans0.ltrans.o
 *fill*         0x080005cc        0x4 
 .text.osalSysUnlock.lto_priv.1
                0x080005d0        0xc C:\Users\Ridwane\AppData\Local\Temp\cc2IgH24.ltrans0.ltrans.o
 *fill*         0x080005dc        0x4 
 .text.osalThreadQueueObjectInit.lto_priv.1
                0x080005e0       0x14 C:\Users\Ridwane\AppData\Local\Temp\cc2IgH24.ltrans0.ltrans.o
 *fill*         0x080005f4        0xc 
 .text.osalThreadEnqueueTimeoutS.lto_priv.1
                0x08000600       0x1c C:\Users\Ridwane\AppData\Local\Temp\cc2IgH24.ltrans0.ltrans.o
 *fill*         0x0800061c        0x4 
 .text.osalThreadDequeueNextI.lto_priv.1
                0x08000620       0x18 C:\Users\Ridwane\AppData\Local\Temp\cc2IgH24.ltrans0.ltrans.o
 *fill*         0x08000638        0x8 
 .text.iq_read  0x08000640       0xb8 C:\Users\Ridwane\AppData\Local\Temp\cc2IgH24.ltrans0.ltrans.o
 *fill*         0x080006f8        0x8 
 .text.oq_write
                0x08000700       0xb8 C:\Users\Ridwane\AppData\Local\Temp\cc2IgH24.ltrans0.ltrans.o
 *fill*         0x080007b8        0x8 
 .text.iqObjectInit
                0x080007c0       0x4c C:\Users\Ridwane\AppData\Local\Temp\cc2IgH24.ltrans0.ltrans.o
 *fill*         0x0800080c        0x4 
 .text.iqPutI   0x08000810       0x80 C:\Users\Ridwane\AppData\Local\Temp\cc2IgH24.ltrans0.ltrans.o
 .text.iqGetTimeout
                0x08000890       0x80 C:\Users\Ridwane\AppData\Local\Temp\cc2IgH24.ltrans0.ltrans.o
 .text.iqReadTimeout
                0x08000910       0x80 C:\Users\Ridwane\AppData\Local\Temp\cc2IgH24.ltrans0.ltrans.o
 .text.oqObjectInit
                0x08000990       0x4c C:\Users\Ridwane\AppData\Local\Temp\cc2IgH24.ltrans0.ltrans.o
 *fill*         0x080009dc        0x4 
 .text.oqPutTimeout
                0x080009e0       0x84 C:\Users\Ridwane\AppData\Local\Temp\cc2IgH24.ltrans0.ltrans.o
 *fill*         0x08000a64        0xc 
 .text.oqGetI   0x08000a70       0x7c C:\Users\Ridwane\AppData\Local\Temp\cc2IgH24.ltrans0.ltrans.o
 *fill*         0x08000aec        0x4 
 .text.oqWriteTimeout
                0x08000af0       0x80 C:\Users\Ridwane\AppData\Local\Temp\cc2IgH24.ltrans0.ltrans.o
 .text.chSysLock.lto_priv.2
                0x08000b70       0x18 C:\Users\Ridwane\AppData\Local\Temp\cc2IgH24.ltrans0.ltrans.o
 *fill*         0x08000b88        0x8 
 .text.chSysUnlock.lto_priv.2
                0x08000b90       0x18 C:\Users\Ridwane\AppData\Local\Temp\cc2IgH24.ltrans0.ltrans.o
 *fill*         0x08000ba8        0x8 
 .text.chEvtObjectInit.lto_priv.0
                0x08000bb0       0x10 C:\Users\Ridwane\AppData\Local\Temp\cc2IgH24.ltrans0.ltrans.o
 .text.osalSysLock.lto_priv.2
                0x08000bc0        0xc C:\Users\Ridwane\AppData\Local\Temp\cc2IgH24.ltrans0.ltrans.o
 *fill*         0x08000bcc        0x4 
 .text.osalSysUnlock.lto_priv.2
                0x08000bd0        0xc C:\Users\Ridwane\AppData\Local\Temp\cc2IgH24.ltrans0.ltrans.o
 *fill*         0x08000bdc        0x4 
 .text.osalEventObjectInit
                0x08000be0       0x14 C:\Users\Ridwane\AppData\Local\Temp\cc2IgH24.ltrans0.ltrans.o
 *fill*         0x08000bf4        0xc 
 .text.osalEventBroadcastFlagsI.lto_priv.1
                0x08000c00       0x18 C:\Users\Ridwane\AppData\Local\Temp\cc2IgH24.ltrans0.ltrans.o
 *fill*         0x08000c18        0x8 
 .text._write   0x08000c20       0x28 C:\Users\Ridwane\AppData\Local\Temp\cc2IgH24.ltrans0.ltrans.o
 *fill*         0x08000c48        0x8 
 .text._read    0x08000c50       0x28 C:\Users\Ridwane\AppData\Local\Temp\cc2IgH24.ltrans0.ltrans.o
 *fill*         0x08000c78        0x8 
 .text._put     0x08000c80       0x28 C:\Users\Ridwane\AppData\Local\Temp\cc2IgH24.ltrans0.ltrans.o
 *fill*         0x08000ca8        0x8 
 .text._get     0x08000cb0       0x20 C:\Users\Ridwane\AppData\Local\Temp\cc2IgH24.ltrans0.ltrans.o
 .text._putt    0x08000cd0       0x28 C:\Users\Ridwane\AppData\Local\Temp\cc2IgH24.ltrans0.ltrans.o
 *fill*         0x08000cf8        0x8 
 .text._gett    0x08000d00       0x20 C:\Users\Ridwane\AppData\Local\Temp\cc2IgH24.ltrans0.ltrans.o
 .text._writet  0x08000d20       0x28 C:\Users\Ridwane\AppData\Local\Temp\cc2IgH24.ltrans0.ltrans.o
 *fill*         0x08000d48        0x8 
 .text._readt   0x08000d50       0x28 C:\Users\Ridwane\AppData\Local\Temp\cc2IgH24.ltrans0.ltrans.o
 *fill*         0x08000d78        0x8 
 .text._ctl     0x08000d80       0x30 C:\Users\Ridwane\AppData\Local\Temp\cc2IgH24.ltrans0.ltrans.o
 .text.sdInit   0x08000db0        0xc C:\Users\Ridwane\AppData\Local\Temp\cc2IgH24.ltrans0.ltrans.o
 *fill*         0x08000dbc        0x4 
 .text.sdObjectInit
                0x08000dc0       0x5c C:\Users\Ridwane\AppData\Local\Temp\cc2IgH24.ltrans0.ltrans.o
 *fill*         0x08000e1c        0x4 
 .text.sdStart  0x08000e20       0x3c C:\Users\Ridwane\AppData\Local\Temp\cc2IgH24.ltrans0.ltrans.o
 *fill*         0x08000e5c        0x4 
 .text.sdIncomingDataI
                0x08000e60       0x4c C:\Users\Ridwane\AppData\Local\Temp\cc2IgH24.ltrans0.ltrans.o
 *fill*         0x08000eac        0x4 
 .text.nvicEnableVector
                0x08000eb0       0x54 C:\Users\Ridwane\AppData\Local\Temp\cc2IgH24.ltrans0.ltrans.o
 *fill*         0x08000f04        0xc 
 .text.exti0_irq_init
                0x08000f10        0x4 C:\Users\Ridwane\AppData\Local\Temp\cc2IgH24.ltrans0.ltrans.o
 *fill*         0x08000f14        0xc 
 .text.exti1_irq_init
                0x08000f20        0x4 C:\Users\Ridwane\AppData\Local\Temp\cc2IgH24.ltrans0.ltrans.o
 *fill*         0x08000f24        0xc 
 .text.exti2_irq_init
                0x08000f30        0x4 C:\Users\Ridwane\AppData\Local\Temp\cc2IgH24.ltrans0.ltrans.o
 *fill*         0x08000f34        0xc 
 .text.exti3_irq_init
                0x08000f40        0x4 C:\Users\Ridwane\AppData\Local\Temp\cc2IgH24.ltrans0.ltrans.o
 *fill*         0x08000f44        0xc 
 .text.exti4_irq_init
                0x08000f50        0x4 C:\Users\Ridwane\AppData\Local\Temp\cc2IgH24.ltrans0.ltrans.o
 *fill*         0x08000f54        0xc 
 .text.exti5_9_irq_init
                0x08000f60        0x4 C:\Users\Ridwane\AppData\Local\Temp\cc2IgH24.ltrans0.ltrans.o
 *fill*         0x08000f64        0xc 
 .text.exti10_15_irq_init
                0x08000f70        0x4 C:\Users\Ridwane\AppData\Local\Temp\cc2IgH24.ltrans0.ltrans.o
 *fill*         0x08000f74        0xc 
 .text.exti16_irq_init
                0x08000f80        0x4 C:\Users\Ridwane\AppData\Local\Temp\cc2IgH24.ltrans0.ltrans.o
 *fill*         0x08000f84        0xc 
 .text.exti17_irq_init
                0x08000f90        0x4 C:\Users\Ridwane\AppData\Local\Temp\cc2IgH24.ltrans0.ltrans.o
 *fill*         0x08000f94        0xc 
 .text.exti18_irq_init
                0x08000fa0        0x4 C:\Users\Ridwane\AppData\Local\Temp\cc2IgH24.ltrans0.ltrans.o
 *fill*         0x08000fa4        0xc 
 .text.exti19_irq_init
                0x08000fb0        0x4 C:\Users\Ridwane\AppData\Local\Temp\cc2IgH24.ltrans0.ltrans.o
 *fill*         0x08000fb4        0xc 
 .text.exti20_irq_init
                0x08000fc0        0x4 C:\Users\Ridwane\AppData\Local\Temp\cc2IgH24.ltrans0.ltrans.o
 *fill*         0x08000fc4        0xc 
 .text.exti21_irq_init
                0x08000fd0        0x4 C:\Users\Ridwane\AppData\Local\Temp\cc2IgH24.ltrans0.ltrans.o
 *fill*         0x08000fd4        0xc 
 .text.exti22_irq_init
                0x08000fe0        0x4 C:\Users\Ridwane\AppData\Local\Temp\cc2IgH24.ltrans0.ltrans.o
 *fill*         0x08000fe4        0xc 
 .text.usart1_irq_init
                0x08000ff0       0x10 C:\Users\Ridwane\AppData\Local\Temp\cc2IgH24.ltrans0.ltrans.o
 .text.VectorD4
                0x08001000       0x14 C:\Users\Ridwane\AppData\Local\Temp\cc2IgH24.ltrans0.ltrans.o
                0x08001000                VectorD4
 *fill*         0x08001014        0xc 
 .text.usart2_irq_init
                0x08001020       0x10 C:\Users\Ridwane\AppData\Local\Temp\cc2IgH24.ltrans0.ltrans.o
 .text.VectorD8
                0x08001030       0x14 C:\Users\Ridwane\AppData\Local\Temp\cc2IgH24.ltrans0.ltrans.o
                0x08001030                VectorD8
 *fill*         0x08001044        0xc 
 .text.usart3_irq_init
                0x08001050        0x4 C:\Users\Ridwane\AppData\Local\Temp\cc2IgH24.ltrans0.ltrans.o
 *fill*         0x08001054        0xc 
 .text.uart4_irq_init
                0x08001060        0x4 C:\Users\Ridwane\AppData\Local\Temp\cc2IgH24.ltrans0.ltrans.o
 *fill*         0x08001064        0xc 
 .text.uart5_irq_init
                0x08001070        0x4 C:\Users\Ridwane\AppData\Local\Temp\cc2IgH24.ltrans0.ltrans.o
 *fill*         0x08001074        0xc 
 .text.usart6_irq_init
                0x08001080        0x4 C:\Users\Ridwane\AppData\Local\Temp\cc2IgH24.ltrans0.ltrans.o
 *fill*         0x08001084        0xc 
 .text.uart7_irq_init
                0x08001090        0x4 C:\Users\Ridwane\AppData\Local\Temp\cc2IgH24.ltrans0.ltrans.o
 *fill*         0x08001094        0xc 
 .text.uart8_irq_init
                0x080010a0        0x4 C:\Users\Ridwane\AppData\Local\Temp\cc2IgH24.ltrans0.ltrans.o
 *fill*         0x080010a4        0xc 
 .text.uart9_irq_init
                0x080010b0        0x4 C:\Users\Ridwane\AppData\Local\Temp\cc2IgH24.ltrans0.ltrans.o
 *fill*         0x080010b4        0xc 
 .text.uart10_irq_init
                0x080010c0        0x4 C:\Users\Ridwane\AppData\Local\Temp\cc2IgH24.ltrans0.ltrans.o
 *fill*         0x080010c4        0xc 
 .text.tim1_tim9_tim10_tim11_irq_init
                0x080010d0        0x4 C:\Users\Ridwane\AppData\Local\Temp\cc2IgH24.ltrans0.ltrans.o
 *fill*         0x080010d4        0xc 
 .text.tim2_irq_init
                0x080010e0       0x10 C:\Users\Ridwane\AppData\Local\Temp\cc2IgH24.ltrans0.ltrans.o
 .text.VectorB0
                0x080010f0       0x10 C:\Users\Ridwane\AppData\Local\Temp\cc2IgH24.ltrans0.ltrans.o
                0x080010f0                VectorB0
 .text.tim3_irq_init
                0x08001100        0x4 C:\Users\Ridwane\AppData\Local\Temp\cc2IgH24.ltrans0.ltrans.o
 *fill*         0x08001104        0xc 
 .text.tim4_irq_init
                0x08001110        0x4 C:\Users\Ridwane\AppData\Local\Temp\cc2IgH24.ltrans0.ltrans.o
 *fill*         0x08001114        0xc 
 .text.tim5_irq_init
                0x08001120        0x4 C:\Users\Ridwane\AppData\Local\Temp\cc2IgH24.ltrans0.ltrans.o
 *fill*         0x08001124        0xc 
 .text.tim6_irq_init
                0x08001130        0x4 C:\Users\Ridwane\AppData\Local\Temp\cc2IgH24.ltrans0.ltrans.o
 *fill*         0x08001134        0xc 
 .text.tim7_irq_init
                0x08001140        0x4 C:\Users\Ridwane\AppData\Local\Temp\cc2IgH24.ltrans0.ltrans.o
 *fill*         0x08001144        0xc 
 .text.tim8_tim12_tim13_tim14_irq_init
                0x08001150        0x4 C:\Users\Ridwane\AppData\Local\Temp\cc2IgH24.ltrans0.ltrans.o
 *fill*         0x08001154        0xc 
 .text.irqInit  0x08001160       0x88 C:\Users\Ridwane\AppData\Local\Temp\cc2IgH24.ltrans0.ltrans.o
 *fill*         0x080011e8        0x8 
 .text.hal_lld_backup_domain_init
                0x080011f0       0x40 C:\Users\Ridwane\AppData\Local\Temp\cc2IgH24.ltrans0.ltrans.o
 .text.hal_lld_init
                0x08001230       0xa0 C:\Users\Ridwane\AppData\Local\Temp\cc2IgH24.ltrans0.ltrans.o
 .text.stm32_clock_init
                0x080012d0      0x150 C:\Users\Ridwane\AppData\Local\Temp\cc2IgH24.ltrans0.ltrans.o
 .text._pal_lld_init
                0x08001420        0x4 C:\Users\Ridwane\AppData\Local\Temp\cc2IgH24.ltrans0.ltrans.o
 *fill*         0x08001424        0xc 
 .text._pal_lld_setgroupmode
                0x08001430      0x16c C:\Users\Ridwane\AppData\Local\Temp\cc2IgH24.ltrans0.ltrans.o
 *fill*         0x0800159c        0x4 
 .text.chSysLockFromISR.lto_priv.0
                0x080015a0       0x18 C:\Users\Ridwane\AppData\Local\Temp\cc2IgH24.ltrans0.ltrans.o
 *fill*         0x080015b8        0x8 
 .text.chSysUnlockFromISR.lto_priv.0
                0x080015c0       0x18 C:\Users\Ridwane\AppData\Local\Temp\cc2IgH24.ltrans0.ltrans.o
 *fill*         0x080015d8        0x8 
 .text.osalSysLockFromISR.lto_priv.0
                0x080015e0        0xc C:\Users\Ridwane\AppData\Local\Temp\cc2IgH24.ltrans0.ltrans.o
 *fill*         0x080015ec        0x4 
 .text.osalSysUnlockFromISR.lto_priv.0
                0x080015f0        0xc C:\Users\Ridwane\AppData\Local\Temp\cc2IgH24.ltrans0.ltrans.o
 *fill*         0x080015fc        0x4 
 .text.osalOsTimerHandlerI
                0x08001600        0xc C:\Users\Ridwane\AppData\Local\Temp\cc2IgH24.ltrans0.ltrans.o
 *fill*         0x0800160c        0x4 
 .text.st_lld_init
                0x08001610       0x78 C:\Users\Ridwane\AppData\Local\Temp\cc2IgH24.ltrans0.ltrans.o
 *fill*         0x08001688        0x8 
 .text.st_lld_serve_interrupt
                0x08001690       0x44 C:\Users\Ridwane\AppData\Local\Temp\cc2IgH24.ltrans0.ltrans.o
 *fill*         0x080016d4        0xc 
 .text.chSysLockFromISR.lto_priv.1
                0x080016e0       0x18 C:\Users\Ridwane\AppData\Local\Temp\cc2IgH24.ltrans0.ltrans.o
 *fill*         0x080016f8        0x8 
 .text.chSysUnlockFromISR.lto_priv.1
                0x08001700       0x18 C:\Users\Ridwane\AppData\Local\Temp\cc2IgH24.ltrans0.ltrans.o
 *fill*         0x08001718        0x8 
 .text.osalSysLockFromISR.lto_priv.1
                0x08001720        0xc C:\Users\Ridwane\AppData\Local\Temp\cc2IgH24.ltrans0.ltrans.o
 *fill*         0x0800172c        0x4 
 .text.osalSysUnlockFromISR.lto_priv.1
                0x08001730        0xc C:\Users\Ridwane\AppData\Local\Temp\cc2IgH24.ltrans0.ltrans.o
 *fill*         0x0800173c        0x4 
 .text.osalEventBroadcastFlagsI.lto_priv.2
                0x08001740       0x18 C:\Users\Ridwane\AppData\Local\Temp\cc2IgH24.ltrans0.ltrans.o
 *fill*         0x08001758        0x8 
 .text.usart_init
                0x08001760       0xac C:\Users\Ridwane\AppData\Local\Temp\cc2IgH24.ltrans0.ltrans.o
 *fill*         0x0800180c        0x4 
 .text.set_error
                0x08001810       0x74 C:\Users\Ridwane\AppData\Local\Temp\cc2IgH24.ltrans0.ltrans.o
 *fill*         0x08001884        0xc 
 .text.notify1  0x08001890       0x1c C:\Users\Ridwane\AppData\Local\Temp\cc2IgH24.ltrans0.ltrans.o
 *fill*         0x080018ac        0x4 
 .text.notify2  0x080018b0       0x1c C:\Users\Ridwane\AppData\Local\Temp\cc2IgH24.ltrans0.ltrans.o
 *fill*         0x080018cc        0x4 
 .text.sd_lld_init
                0x080018d0       0x54 C:\Users\Ridwane\AppData\Local\Temp\cc2IgH24.ltrans0.ltrans.o
 *fill*         0x08001924        0xc 
 .text.sd_lld_start
                0x08001930       0x84 C:\Users\Ridwane\AppData\Local\Temp\cc2IgH24.ltrans0.ltrans.o
 *fill*         0x080019b4        0xc 
 .text.sd_lld_serve_interrupt
                0x080019c0      0x15c C:\Users\Ridwane\AppData\Local\Temp\cc2IgH24.ltrans0.ltrans.o
 *fill*         0x08001b1c        0x4 
 .text.gpio_init
                0x08001b20       0x44 C:\Users\Ridwane\AppData\Local\Temp\cc2IgH24.ltrans0.ltrans.o
 *fill*         0x08001b64        0xc 
 .text.stm32_gpio_init
                0x08001b70       0xe4 C:\Users\Ridwane\AppData\Local\Temp\cc2IgH24.ltrans0.ltrans.o
 *fill*         0x08001c54        0xc 
 .text.__early_init
                0x08001c60       0x10 C:\Users\Ridwane\AppData\Local\Temp\cc2IgH24.ltrans0.ltrans.o
                0x08001c60                __early_init
 .text.boardInit
                0x08001c70        0x4 C:\Users\Ridwane\AppData\Local\Temp\cc2IgH24.ltrans0.ltrans.o
 *fill*         0x08001c74        0xc 
 .text.__tm_calibration_object_init
                0x08001c80       0x44 C:\Users\Ridwane\AppData\Local\Temp\cc2IgH24.ltrans0.ltrans.o
 *fill*         0x08001cc4        0xc 
 .text.chSysLock.lto_priv.3
                0x08001cd0       0x18 C:\Users\Ridwane\AppData\Local\Temp\cc2IgH24.ltrans0.ltrans.o
 *fill*         0x08001ce8        0x8 
 .text.chSysUnlock.lto_priv.3
                0x08001cf0       0x18 C:\Users\Ridwane\AppData\Local\Temp\cc2IgH24.ltrans0.ltrans.o
 *fill*         0x08001d08        0x8 
 .text.chSysLockFromISR.lto_priv.2
                0x08001d10       0x18 C:\Users\Ridwane\AppData\Local\Temp\cc2IgH24.ltrans0.ltrans.o
 *fill*         0x08001d28        0x8 
 .text.chSysUnlockFromISR.lto_priv.2
                0x08001d30       0x18 C:\Users\Ridwane\AppData\Local\Temp\cc2IgH24.ltrans0.ltrans.o
 *fill*         0x08001d48        0x8 
 .text.__oslib_init
                0x08001d50       0x14 C:\Users\Ridwane\AppData\Local\Temp\cc2IgH24.ltrans0.ltrans.o
 *fill*         0x08001d64        0xc 
 .text.chSysInit
                0x08001d70       0x5c C:\Users\Ridwane\AppData\Local\Temp\cc2IgH24.ltrans0.ltrans.o
 *fill*         0x08001dcc        0x4 
 .text.chSysHalt
                0x08001dd0       0x24 C:\Users\Ridwane\AppData\Local\Temp\cc2IgH24.ltrans0.ltrans.o
 *fill*         0x08001df4        0xc 
 .text.chSysIntegrityCheckI
                0x08001e00      0x110 C:\Users\Ridwane\AppData\Local\Temp\cc2IgH24.ltrans0.ltrans.o
 .text.chSysTimerHandlerI
                0x08001f10        0xc C:\Users\Ridwane\AppData\Local\Temp\cc2IgH24.ltrans0.ltrans.o
 *fill*         0x08001f1c        0x4 
 .text.chSysGetStatusAndLockX
                0x08001f20       0x54 C:\Users\Ridwane\AppData\Local\Temp\cc2IgH24.ltrans0.ltrans.o
 *fill*         0x08001f74        0xc 
 .text.chSysRestoreStatusX
                0x08001f80       0x4c C:\Users\Ridwane\AppData\Local\Temp\cc2IgH24.ltrans0.ltrans.o
 *fill*         0x08001fcc        0x4 
 .text.chRFCUCollectFaultsI
                0x08001fd0       0x1c C:\Users\Ridwane\AppData\Local\Temp\cc2IgH24.ltrans0.ltrans.o
 *fill*         0x08001fec        0x4 
 .text.chTimeAddX.lto_priv.0
                0x08001ff0       0x14 C:\Users\Ridwane\AppData\Local\Temp\cc2IgH24.ltrans0.ltrans.o
 *fill*         0x08002004        0xc 
 .text.chTimeDiffX.lto_priv.0
                0x08002010       0x14 C:\Users\Ridwane\AppData\Local\Temp\cc2IgH24.ltrans0.ltrans.o
 *fill*         0x08002024        0xc 
 .text.ch_dlist_isempty
                0x08002030       0x1c C:\Users\Ridwane\AppData\Local\Temp\cc2IgH24.ltrans0.ltrans.o
 *fill*         0x0800204c        0x4 
 .text.ch_dlist_isfirst
                0x08002050       0x1c C:\Users\Ridwane\AppData\Local\Temp\cc2IgH24.ltrans0.ltrans.o
 *fill*         0x0800206c        0x4 
 .text.ch_dlist_insert_after
                0x08002070       0x34 C:\Users\Ridwane\AppData\Local\Temp\cc2IgH24.ltrans0.ltrans.o
 *fill*         0x080020a4        0xc 
 .text.ch_dlist_insert_before
                0x080020b0       0x34 C:\Users\Ridwane\AppData\Local\Temp\cc2IgH24.ltrans0.ltrans.o
 *fill*         0x080020e4        0xc 
 .text.ch_dlist_insert
                0x080020f0       0x5c C:\Users\Ridwane\AppData\Local\Temp\cc2IgH24.ltrans0.ltrans.o
 *fill*         0x0800214c        0x4 
 .text.ch_dlist_remove_first
                0x08002150       0x24 C:\Users\Ridwane\AppData\Local\Temp\cc2IgH24.ltrans0.ltrans.o
 *fill*         0x08002174        0xc 
 .text.ch_dlist_dequeue
                0x08002180       0x20 C:\Users\Ridwane\AppData\Local\Temp\cc2IgH24.ltrans0.ltrans.o
 .text.port_timer_start_alarm
                0x080021a0       0x14 C:\Users\Ridwane\AppData\Local\Temp\cc2IgH24.ltrans0.ltrans.o
 *fill*         0x080021b4        0xc 
 .text.port_timer_stop_alarm
                0x080021c0        0xc C:\Users\Ridwane\AppData\Local\Temp\cc2IgH24.ltrans0.ltrans.o
 *fill*         0x080021cc        0x4 
 .text.port_timer_set_alarm
                0x080021d0       0x14 C:\Users\Ridwane\AppData\Local\Temp\cc2IgH24.ltrans0.ltrans.o
 *fill*         0x080021e4        0xc 
 .text.port_timer_get_time.lto_priv.0
                0x080021f0        0xc C:\Users\Ridwane\AppData\Local\Temp\cc2IgH24.ltrans0.ltrans.o
 *fill*         0x080021fc        0x4 
 .text.chSysLockFromISR.lto_priv.3
                0x08002200       0x18 C:\Users\Ridwane\AppData\Local\Temp\cc2IgH24.ltrans0.ltrans.o
 *fill*         0x08002218        0x8 
 .text.chSysUnlockFromISR.lto_priv.3
                0x08002220       0x18 C:\Users\Ridwane\AppData\Local\Temp\cc2IgH24.ltrans0.ltrans.o
 *fill*         0x08002238        0x8 
 .text.chVTGetSystemTimeX.lto_priv.0
                0x08002240        0xc C:\Users\Ridwane\AppData\Local\Temp\cc2IgH24.ltrans0.ltrans.o
 *fill*         0x0800224c        0x4 
 .text.vt_set_alarm
                0x08002250       0x70 C:\Users\Ridwane\AppData\Local\Temp\cc2IgH24.ltrans0.ltrans.o
 .text.vt_insert_first
                0x080022c0       0x98 C:\Users\Ridwane\AppData\Local\Temp\cc2IgH24.ltrans0.ltrans.o
 *fill*         0x08002358        0x8 
 .text.vt_enqueue
                0x08002360       0x74 C:\Users\Ridwane\AppData\Local\Temp\cc2IgH24.ltrans0.ltrans.o
 *fill*         0x080023d4        0xc 
 .text.chVTDoSetI
                0x080023e0       0x38 C:\Users\Ridwane\AppData\Local\Temp\cc2IgH24.ltrans0.ltrans.o
 *fill*         0x08002418        0x8 
 .text.chVTDoResetI
                0x08002420       0xc4 C:\Users\Ridwane\AppData\Local\Temp\cc2IgH24.ltrans0.ltrans.o
 *fill*         0x080024e4        0xc 
 .text.chVTDoTickI
                0x080024f0      0x13c C:\Users\Ridwane\AppData\Local\Temp\cc2IgH24.ltrans0.ltrans.o
 *fill*         0x0800262c        0x4 
 .text.chVTGetTimeStampI
                0x08002630       0x54 C:\Users\Ridwane\AppData\Local\Temp\cc2IgH24.ltrans0.ltrans.o
 *fill*         0x08002684        0xc 
 .text.ch_queue_dequeue.lto_priv.0
                0x08002690       0x20 C:\Users\Ridwane\AppData\Local\Temp\cc2IgH24.ltrans0.ltrans.o
 .text.ch_pqueue_remove_highest
                0x080026b0       0x24 C:\Users\Ridwane\AppData\Local\Temp\cc2IgH24.ltrans0.ltrans.o
 *fill*         0x080026d4        0xc 
 .text.ch_pqueue_insert_behind
                0x080026e0       0x48 C:\Users\Ridwane\AppData\Local\Temp\cc2IgH24.ltrans0.ltrans.o
 *fill*         0x08002728        0x8 
 .text.ch_pqueue_insert_ahead
                0x08002730       0x48 C:\Users\Ridwane\AppData\Local\Temp\cc2IgH24.ltrans0.ltrans.o
 *fill*         0x08002778        0x8 
 .text.chSysLockFromISR.lto_priv.4
                0x08002780       0x18 C:\Users\Ridwane\AppData\Local\Temp\cc2IgH24.ltrans0.ltrans.o
 *fill*         0x08002798        0x8 
 .text.chSysUnlockFromISR.lto_priv.4
                0x080027a0       0x18 C:\Users\Ridwane\AppData\Local\Temp\cc2IgH24.ltrans0.ltrans.o
 *fill*         0x080027b8        0x8 
 .text.chVTIsArmedI.lto_priv.0
                0x080027c0       0x18 C:\Users\Ridwane\AppData\Local\Temp\cc2IgH24.ltrans0.ltrans.o
 *fill*         0x080027d8        0x8 
 .text.chSemFastSignalI.lto_priv.0
                0x080027e0       0x14 C:\Users\Ridwane\AppData\Local\Temp\cc2IgH24.ltrans0.ltrans.o
 *fill*         0x080027f4        0xc 
 .text.__sch_ready_behind
                0x08002800       0x28 C:\Users\Ridwane\AppData\Local\Temp\cc2IgH24.ltrans0.ltrans.o
 *fill*         0x08002828        0x8 
 .text.__sch_ready_ahead
                0x08002830       0x28 C:\Users\Ridwane\AppData\Local\Temp\cc2IgH24.ltrans0.ltrans.o
 *fill*         0x08002858        0x8 
 .text.__sch_reschedule_behind
                0x08002860       0x64 C:\Users\Ridwane\AppData\Local\Temp\cc2IgH24.ltrans0.ltrans.o
 *fill*         0x080028c4        0xc 
 .text.__sch_reschedule_ahead
                0x080028d0       0x64 C:\Users\Ridwane\AppData\Local\Temp\cc2IgH24.ltrans0.ltrans.o
 *fill*         0x08002934        0xc 
 .text.__sch_wakeup
                0x08002940       0x94 C:\Users\Ridwane\AppData\Local\Temp\cc2IgH24.ltrans0.ltrans.o
 *fill*         0x080029d4        0xc 
 .text.chSchReadyI
                0x080029e0       0x18 C:\Users\Ridwane\AppData\Local\Temp\cc2IgH24.ltrans0.ltrans.o
 *fill*         0x080029f8        0x8 
 .text.chSchGoSleepS
                0x08002a00       0x6c C:\Users\Ridwane\AppData\Local\Temp\cc2IgH24.ltrans0.ltrans.o
 *fill*         0x08002a6c        0x4 
 .text.chSchGoSleepTimeoutS
                0x08002a70       0x68 C:\Users\Ridwane\AppData\Local\Temp\cc2IgH24.ltrans0.ltrans.o
 *fill*         0x08002ad8        0x8 
 .text.chSchWakeupS
                0x08002ae0       0x84 C:\Users\Ridwane\AppData\Local\Temp\cc2IgH24.ltrans0.ltrans.o
 *fill*         0x08002b64        0xc 
 .text.chSchRescheduleS
                0x08002b70       0x38 C:\Users\Ridwane\AppData\Local\Temp\cc2IgH24.ltrans0.ltrans.o
 *fill*         0x08002ba8        0x8 
 .text.chSchIsPreemptionRequired
                0x08002bb0       0x34 C:\Users\Ridwane\AppData\Local\Temp\cc2IgH24.ltrans0.ltrans.o
 *fill*         0x08002be4        0xc 
 .text.chSchDoPreemption
                0x08002bf0       0x64 C:\Users\Ridwane\AppData\Local\Temp\cc2IgH24.ltrans0.ltrans.o
                0x08002bf0                chSchDoPreemption
 *fill*         0x08002c54        0xc 
 .text.chSchDoYieldS
                0x08002c60       0x38 C:\Users\Ridwane\AppData\Local\Temp\cc2IgH24.ltrans0.ltrans.o
 *fill*         0x08002c98        0x8 
 .text.__rfcu_object_init
                0x08002ca0       0x10 C:\Users\Ridwane\AppData\Local\Temp\cc2IgH24.ltrans0.ltrans.o
 .text.__dbg_object_init
                0x08002cb0       0x10 C:\Users\Ridwane\AppData\Local\Temp\cc2IgH24.ltrans0.ltrans.o
 .text.ch_queue_init.lto_priv.2
                0x08002cc0       0x18 C:\Users\Ridwane\AppData\Local\Temp\cc2IgH24.ltrans0.ltrans.o
 *fill*         0x08002cd8        0x8 
 .text.ch_pqueue_init
                0x08002ce0       0x1c C:\Users\Ridwane\AppData\Local\Temp\cc2IgH24.ltrans0.ltrans.o
 *fill*         0x08002cfc        0x4 
 .text.ch_dlist_init
                0x08002d00       0x20 C:\Users\Ridwane\AppData\Local\Temp\cc2IgH24.ltrans0.ltrans.o
 .text.port_timer_get_time.lto_priv.1
                0x08002d20        0xc C:\Users\Ridwane\AppData\Local\Temp\cc2IgH24.ltrans0.ltrans.o
 *fill*         0x08002d2c        0x4 
 .text.chVTGetSystemTimeX.lto_priv.1
                0x08002d30        0xc C:\Users\Ridwane\AppData\Local\Temp\cc2IgH24.ltrans0.ltrans.o
 *fill*         0x08002d3c        0x4 
 .text.__vt_object_init
                0x08002d40       0x2c C:\Users\Ridwane\AppData\Local\Temp\cc2IgH24.ltrans0.ltrans.o
 *fill*         0x08002d6c        0x4 
 .text.__reg_object_init
                0x08002d70       0x18 C:\Users\Ridwane\AppData\Local\Temp\cc2IgH24.ltrans0.ltrans.o
 *fill*         0x08002d88        0x8 
 .text.__idle_thread
                0x08002d90        0x8 C:\Users\Ridwane\AppData\Local\Temp\cc2IgH24.ltrans0.ltrans.o
 *fill*         0x08002d98        0x8 
 .text.chInstanceObjectInit
                0x08002da0       0xc0 C:\Users\Ridwane\AppData\Local\Temp\cc2IgH24.ltrans0.ltrans.o
 .text.chTimeDiffX.lto_priv.1
                0x08002e60       0x14 C:\Users\Ridwane\AppData\Local\Temp\cc2IgH24.ltrans0.ltrans.o
 *fill*         0x08002e74        0xc 
 .text.ch_list_init
                0x08002e80       0x10 C:\Users\Ridwane\AppData\Local\Temp\cc2IgH24.ltrans0.ltrans.o
 .text.ch_list_notempty
                0x08002e90       0x1c C:\Users\Ridwane\AppData\Local\Temp\cc2IgH24.ltrans0.ltrans.o
 *fill*         0x08002eac        0x4 
 .text.ch_list_link
                0x08002eb0       0x1c C:\Users\Ridwane\AppData\Local\Temp\cc2IgH24.ltrans0.ltrans.o
 *fill*         0x08002ecc        0x4 
 .text.ch_list_unlink
                0x08002ed0       0x1c C:\Users\Ridwane\AppData\Local\Temp\cc2IgH24.ltrans0.ltrans.o
 *fill*         0x08002eec        0x4 
 .text.ch_queue_init.lto_priv.3
                0x08002ef0       0x18 C:\Users\Ridwane\AppData\Local\Temp\cc2IgH24.ltrans0.ltrans.o
 *fill*         0x08002f08        0x8 
 .text.ch_queue_notempty.lto_priv.0
                0x08002f10       0x1c C:\Users\Ridwane\AppData\Local\Temp\cc2IgH24.ltrans0.ltrans.o
 *fill*         0x08002f2c        0x4 
 .text.ch_queue_insert.lto_priv.0
                0x08002f30       0x28 C:\Users\Ridwane\AppData\Local\Temp\cc2IgH24.ltrans0.ltrans.o
 *fill*         0x08002f58        0x8 
 .text.ch_queue_fifo_remove.lto_priv.0
                0x08002f60       0x24 C:\Users\Ridwane\AppData\Local\Temp\cc2IgH24.ltrans0.ltrans.o
 *fill*         0x08002f84        0xc 
 .text.ch_queue_dequeue.lto_priv.1
                0x08002f90       0x20 C:\Users\Ridwane\AppData\Local\Temp\cc2IgH24.ltrans0.ltrans.o
 .text.port_timer_get_time.lto_priv.2
                0x08002fb0        0xc C:\Users\Ridwane\AppData\Local\Temp\cc2IgH24.ltrans0.ltrans.o
 *fill*         0x08002fbc        0x4 
 .text.chSysLock.lto_priv.4
                0x08002fc0       0x18 C:\Users\Ridwane\AppData\Local\Temp\cc2IgH24.ltrans0.ltrans.o
 *fill*         0x08002fd8        0x8 
 .text.chSysUnlock.lto_priv.4
                0x08002fe0       0x18 C:\Users\Ridwane\AppData\Local\Temp\cc2IgH24.ltrans0.ltrans.o
 *fill*         0x08002ff8        0x8 
 .text.chVTGetSystemTimeX.lto_priv.2
                0x08003000        0xc C:\Users\Ridwane\AppData\Local\Temp\cc2IgH24.ltrans0.ltrans.o
 *fill*         0x0800300c        0x4 
 .text.chThdGetSelfX.lto_priv.0
                0x08003010        0xc C:\Users\Ridwane\AppData\Local\Temp\cc2IgH24.ltrans0.ltrans.o
 *fill*         0x0800301c        0x4 
 .text.chThdGetWorkingAreaX.lto_priv.0
                0x08003020       0x10 C:\Users\Ridwane\AppData\Local\Temp\cc2IgH24.ltrans0.ltrans.o
 .text.chThdSleepS
                0x08003030       0x18 C:\Users\Ridwane\AppData\Local\Temp\cc2IgH24.ltrans0.ltrans.o
 *fill*         0x08003048        0x8 
 .text.chThdDoDequeueNextI
                0x08003050       0x28 C:\Users\Ridwane\AppData\Local\Temp\cc2IgH24.ltrans0.ltrans.o
 *fill*         0x08003078        0x8 
 .text.__thd_object_init
                0x08003080       0x78 C:\Users\Ridwane\AppData\Local\Temp\cc2IgH24.ltrans0.ltrans.o
 *fill*         0x080030f8        0x8 
 .text.chThdCreateSuspendedI
                0x08003100       0x60 C:\Users\Ridwane\AppData\Local\Temp\cc2IgH24.ltrans0.ltrans.o
 .text.chThdCreateI
                0x08003160       0x20 C:\Users\Ridwane\AppData\Local\Temp\cc2IgH24.ltrans0.ltrans.o
 .text.chThdCreate
                0x08003180       0x28 C:\Users\Ridwane\AppData\Local\Temp\cc2IgH24.ltrans0.ltrans.o
 *fill*         0x080031a8        0x8 
 .text.chThdCreateStatic
                0x080031b0       0x74 C:\Users\Ridwane\AppData\Local\Temp\cc2IgH24.ltrans0.ltrans.o
 *fill*         0x08003224        0xc 
 .text.chThdRelease
                0x08003230       0x80 C:\Users\Ridwane\AppData\Local\Temp\cc2IgH24.ltrans0.ltrans.o
 .text.chThdExit
                0x080032b0       0x18 C:\Users\Ridwane\AppData\Local\Temp\cc2IgH24.ltrans0.ltrans.o
                0x080032b0                chThdExit
 *fill*         0x080032c8        0x8 
 .text.chThdExitS
                0x080032d0       0x7c C:\Users\Ridwane\AppData\Local\Temp\cc2IgH24.ltrans0.ltrans.o
 *fill*         0x0800334c        0x4 
 .text.chThdWait
                0x08003350       0x54 C:\Users\Ridwane\AppData\Local\Temp\cc2IgH24.ltrans0.ltrans.o
 *fill*         0x080033a4        0xc 
 .text.chThdSetPriority
                0x080033b0       0x4c C:\Users\Ridwane\AppData\Local\Temp\cc2IgH24.ltrans0.ltrans.o
 *fill*         0x080033fc        0x4 
 .text.chThdTerminate
                0x08003400       0x28 C:\Users\Ridwane\AppData\Local\Temp\cc2IgH24.ltrans0.ltrans.o
 *fill*         0x08003428        0x8 
 .text.chThdSleep
                0x08003430       0x1c C:\Users\Ridwane\AppData\Local\Temp\cc2IgH24.ltrans0.ltrans.o
 *fill*         0x0800344c        0x4 
 .text.chThdSleepUntil
                0x08003450       0x3c C:\Users\Ridwane\AppData\Local\Temp\cc2IgH24.ltrans0.ltrans.o
 *fill*         0x0800348c        0x4 
 .text.chThdYield
                0x08003490       0x14 C:\Users\Ridwane\AppData\Local\Temp\cc2IgH24.ltrans0.ltrans.o
 *fill*         0x080034a4        0xc 
 .text.chThdSuspendTimeoutS
                0x080034b0       0x44 C:\Users\Ridwane\AppData\Local\Temp\cc2IgH24.ltrans0.ltrans.o
 *fill*         0x080034f4        0xc 
 .text.chThdResumeI
                0x08003500       0x30 C:\Users\Ridwane\AppData\Local\Temp\cc2IgH24.ltrans0.ltrans.o
 .text.chThdResumeS
                0x08003530       0x2c C:\Users\Ridwane\AppData\Local\Temp\cc2IgH24.ltrans0.ltrans.o
 *fill*         0x0800355c        0x4 
 .text.chThdResume
                0x08003560       0x20 C:\Users\Ridwane\AppData\Local\Temp\cc2IgH24.ltrans0.ltrans.o
 .text.chThdEnqueueTimeoutS
                0x08003580       0x40 C:\Users\Ridwane\AppData\Local\Temp\cc2IgH24.ltrans0.ltrans.o
 .text.chThdDequeueNextI
                0x080035c0       0x28 C:\Users\Ridwane\AppData\Local\Temp\cc2IgH24.ltrans0.ltrans.o
 *fill*         0x080035e8        0x8 
 .text.chThdDequeueAllI
                0x080035f0       0x2c C:\Users\Ridwane\AppData\Local\Temp\cc2IgH24.ltrans0.ltrans.o
 *fill*         0x0800361c        0x4 
 .text.tm_stop  0x08003620       0x70 C:\Users\Ridwane\AppData\Local\Temp\cc2IgH24.ltrans0.ltrans.o
 .text.chTMObjectInit
                0x08003690       0x34 C:\Users\Ridwane\AppData\Local\Temp\cc2IgH24.ltrans0.ltrans.o
 *fill*         0x080036c4        0xc 
 .text.chTMStartMeasurementX
                0x080036d0       0x18 C:\Users\Ridwane\AppData\Local\Temp\cc2IgH24.ltrans0.ltrans.o
 *fill*         0x080036e8        0x8 
 .text.chTMStopMeasurementX
                0x080036f0       0x28 C:\Users\Ridwane\AppData\Local\Temp\cc2IgH24.ltrans0.ltrans.o
 *fill*         0x08003718        0x8 
 .text.ch_queue_init.lto_priv.4
                0x08003720       0x18 C:\Users\Ridwane\AppData\Local\Temp\cc2IgH24.ltrans0.ltrans.o
 *fill*         0x08003738        0x8 
 .text.ch_queue_notempty.lto_priv.1
                0x08003740       0x1c C:\Users\Ridwane\AppData\Local\Temp\cc2IgH24.ltrans0.ltrans.o
 *fill*         0x0800375c        0x4 
 .text.ch_queue_insert.lto_priv.1
                0x08003760       0x28 C:\Users\Ridwane\AppData\Local\Temp\cc2IgH24.ltrans0.ltrans.o
 *fill*         0x08003788        0x8 
 .text.ch_queue_fifo_remove.lto_priv.1
                0x08003790       0x24 C:\Users\Ridwane\AppData\Local\Temp\cc2IgH24.ltrans0.ltrans.o
 *fill*         0x080037b4        0xc 
 .text.ch_queue_lifo_remove
                0x080037c0       0x24 C:\Users\Ridwane\AppData\Local\Temp\cc2IgH24.ltrans0.ltrans.o
 *fill*         0x080037e4        0xc 
 .text.chSysLock.lto_priv.6
                0x080037f0       0x18 C:\Users\Ridwane\AppData\Local\Temp\cc2IgH24.ltrans0.ltrans.o
 *fill*         0x08003808        0x8 
 .text.chSysUnlock.lto_priv.6
                0x08003810       0x18 C:\Users\Ridwane\AppData\Local\Temp\cc2IgH24.ltrans0.ltrans.o
 *fill*         0x08003828        0x8 
 .text.chThdGetSelfX.lto_priv.1
                0x08003830        0xc C:\Users\Ridwane\AppData\Local\Temp\cc2IgH24.ltrans0.ltrans.o
 *fill*         0x0800383c        0x4 
 .text.chSemObjectInit
                0x08003840       0x20 C:\Users\Ridwane\AppData\Local\Temp\cc2IgH24.ltrans0.ltrans.o
 .text.chSemResetWithMessage
                0x08003860       0x28 C:\Users\Ridwane\AppData\Local\Temp\cc2IgH24.ltrans0.ltrans.o
 *fill*         0x08003888        0x8 
 .text.chSemResetWithMessageI
                0x08003890       0x40 C:\Users\Ridwane\AppData\Local\Temp\cc2IgH24.ltrans0.ltrans.o
 .text.chSemWait
                0x080038d0       0x20 C:\Users\Ridwane\AppData\Local\Temp\cc2IgH24.ltrans0.ltrans.o
 .text.chSemWaitS
                0x080038f0       0x48 C:\Users\Ridwane\AppData\Local\Temp\cc2IgH24.ltrans0.ltrans.o
 *fill*         0x08003938        0x8 
 .text.chSemWaitTimeout
                0x08003940       0x24 C:\Users\Ridwane\AppData\Local\Temp\cc2IgH24.ltrans0.ltrans.o
 *fill*         0x08003964        0xc 
 .text.chSemWaitTimeoutS
                0x08003970       0x68 C:\Users\Ridwane\AppData\Local\Temp\cc2IgH24.ltrans0.ltrans.o
 *fill*         0x080039d8        0x8 
 .text.chSemSignal
                0x080039e0       0x3c C:\Users\Ridwane\AppData\Local\Temp\cc2IgH24.ltrans0.ltrans.o
 *fill*         0x08003a1c        0x4 
 .text.chSemSignalI
                0x08003a20       0x38 C:\Users\Ridwane\AppData\Local\Temp\cc2IgH24.ltrans0.ltrans.o
 *fill*         0x08003a58        0x8 
 .text.chSemAddCounterI
                0x08003a60       0x48 C:\Users\Ridwane\AppData\Local\Temp\cc2IgH24.ltrans0.ltrans.o
 *fill*         0x08003aa8        0x8 
 .text.chSemSignalWait
                0x08003ab0       0x84 C:\Users\Ridwane\AppData\Local\Temp\cc2IgH24.ltrans0.ltrans.o
 *fill*         0x08003b34        0xc 
 .text.ch_queue_init.lto_priv.5
                0x08003b40       0x18 C:\Users\Ridwane\AppData\Local\Temp\cc2IgH24.ltrans0.ltrans.o
 *fill*         0x08003b58        0x8 
 .text.ch_queue_notempty.lto_priv.2
                0x08003b60       0x1c C:\Users\Ridwane\AppData\Local\Temp\cc2IgH24.ltrans0.ltrans.o
 *fill*         0x08003b7c        0x4 
 .text.ch_queue_fifo_remove.lto_priv.2
                0x08003b80       0x24 C:\Users\Ridwane\AppData\Local\Temp\cc2IgH24.ltrans0.ltrans.o
 *fill*         0x08003ba4        0xc 
 .text.ch_queue_dequeue.lto_priv.2
                0x08003bb0       0x20 C:\Users\Ridwane\AppData\Local\Temp\cc2IgH24.ltrans0.ltrans.o
 .text.chSysLock.lto_priv.7
                0x08003bd0       0x18 C:\Users\Ridwane\AppData\Local\Temp\cc2IgH24.ltrans0.ltrans.o
 *fill*         0x08003be8        0x8 
 .text.chSysUnlock.lto_priv.7
                0x08003bf0       0x18 C:\Users\Ridwane\AppData\Local\Temp\cc2IgH24.ltrans0.ltrans.o
 *fill*         0x08003c08        0x8 
 .text.ch_sch_prio_insert.lto_priv.0
                0x08003c10       0x48 C:\Users\Ridwane\AppData\Local\Temp\cc2IgH24.ltrans0.ltrans.o
 *fill*         0x08003c58        0x8 
 .text.chThdGetSelfX.lto_priv.2
                0x08003c60        0xc C:\Users\Ridwane\AppData\Local\Temp\cc2IgH24.ltrans0.ltrans.o
 *fill*         0x08003c6c        0x4 
 .text.chMtxQueueNotEmptyS
                0x08003c70       0x18 C:\Users\Ridwane\AppData\Local\Temp\cc2IgH24.ltrans0.ltrans.o
 *fill*         0x08003c88        0x8 
 .text.chMtxObjectInit
                0x08003c90       0x1c C:\Users\Ridwane\AppData\Local\Temp\cc2IgH24.ltrans0.ltrans.o
 *fill*         0x08003cac        0x4 
 .text.chMtxLock
                0x08003cb0       0x1c C:\Users\Ridwane\AppData\Local\Temp\cc2IgH24.ltrans0.ltrans.o
 *fill*         0x08003ccc        0x4 
 .text.chMtxLockS
                0x08003cd0       0xcc C:\Users\Ridwane\AppData\Local\Temp\cc2IgH24.ltrans0.ltrans.o
 *fill*         0x08003d9c        0x4 
 .text.chMtxTryLock
                0x08003da0       0x28 C:\Users\Ridwane\AppData\Local\Temp\cc2IgH24.ltrans0.ltrans.o
 *fill*         0x08003dc8        0x8 
 .text.chMtxTryLockS
                0x08003dd0       0x38 C:\Users\Ridwane\AppData\Local\Temp\cc2IgH24.ltrans0.ltrans.o
 *fill*         0x08003e08        0x8 
 .text.chMtxUnlock
                0x08003e10       0xa0 C:\Users\Ridwane\AppData\Local\Temp\cc2IgH24.ltrans0.ltrans.o
 .text.chMtxUnlockS
                0x08003eb0       0x94 C:\Users\Ridwane\AppData\Local\Temp\cc2IgH24.ltrans0.ltrans.o
 *fill*         0x08003f44        0xc 
 .text.chMtxUnlockAllS
                0x08003f50       0x74 C:\Users\Ridwane\AppData\Local\Temp\cc2IgH24.ltrans0.ltrans.o
 *fill*         0x08003fc4        0xc 
 .text.chMtxUnlockAll
                0x08003fd0       0x14 C:\Users\Ridwane\AppData\Local\Temp\cc2IgH24.ltrans0.ltrans.o
 *fill*         0x08003fe4        0xc 
 .text.ch_queue_init.lto_priv.6
                0x08003ff0       0x18 C:\Users\Ridwane\AppData\Local\Temp\cc2IgH24.ltrans0.ltrans.o
 *fill*         0x08004008        0x8 
 .text.ch_queue_notempty.lto_priv.3
                0x08004010       0x1c C:\Users\Ridwane\AppData\Local\Temp\cc2IgH24.ltrans0.ltrans.o
 *fill*         0x0800402c        0x4 
 .text.ch_queue_fifo_remove.lto_priv.3
                0x08004030       0x24 C:\Users\Ridwane\AppData\Local\Temp\cc2IgH24.ltrans0.ltrans.o
 *fill*         0x08004054        0xc 
 .text.chSysLock.lto_priv.8
                0x08004060       0x18 C:\Users\Ridwane\AppData\Local\Temp\cc2IgH24.ltrans0.ltrans.o
 *fill*         0x08004078        0x8 
 .text.chSysUnlock.lto_priv.8
                0x08004080       0x18 C:\Users\Ridwane\AppData\Local\Temp\cc2IgH24.ltrans0.ltrans.o
 *fill*         0x08004098        0x8 
 .text.ch_sch_prio_insert.lto_priv.1
                0x080040a0       0x48 C:\Users\Ridwane\AppData\Local\Temp\cc2IgH24.ltrans0.ltrans.o
 *fill*         0x080040e8        0x8 
 .text.chThdGetSelfX.lto_priv.3
                0x080040f0        0xc C:\Users\Ridwane\AppData\Local\Temp\cc2IgH24.ltrans0.ltrans.o
 *fill*         0x080040fc        0x4 
 .text.chMtxGetNextMutexX
                0x08004100       0x10 C:\Users\Ridwane\AppData\Local\Temp\cc2IgH24.ltrans0.ltrans.o
 .text.chCondObjectInit
                0x08004110       0x18 C:\Users\Ridwane\AppData\Local\Temp\cc2IgH24.ltrans0.ltrans.o
 *fill*         0x08004128        0x8 
 .text.chCondSignal
                0x08004130       0x38 C:\Users\Ridwane\AppData\Local\Temp\cc2IgH24.ltrans0.ltrans.o
 *fill*         0x08004168        0x8 
 .text.chCondSignalI
                0x08004170       0x34 C:\Users\Ridwane\AppData\Local\Temp\cc2IgH24.ltrans0.ltrans.o
 *fill*         0x080041a4        0xc 
 .text.chCondBroadcast
                0x080041b0       0x20 C:\Users\Ridwane\AppData\Local\Temp\cc2IgH24.ltrans0.ltrans.o
 .text.chCondBroadcastI
                0x080041d0       0x38 C:\Users\Ridwane\AppData\Local\Temp\cc2IgH24.ltrans0.ltrans.o
 *fill*         0x08004208        0x8 
 .text.chCondWait
                0x08004210       0x20 C:\Users\Ridwane\AppData\Local\Temp\cc2IgH24.ltrans0.ltrans.o
 .text.chCondWaitS
                0x08004230       0x48 C:\Users\Ridwane\AppData\Local\Temp\cc2IgH24.ltrans0.ltrans.o
 *fill*         0x08004278        0x8 
 .text.chCondWaitTimeout
                0x08004280       0x24 C:\Users\Ridwane\AppData\Local\Temp\cc2IgH24.ltrans0.ltrans.o
 *fill*         0x080042a4        0xc 
 .text.chCondWaitTimeoutS
                0x080042b0       0x50 C:\Users\Ridwane\AppData\Local\Temp\cc2IgH24.ltrans0.ltrans.o
 .text.chSysLock.lto_priv.9
                0x08004300       0x18 C:\Users\Ridwane\AppData\Local\Temp\cc2IgH24.ltrans0.ltrans.o
 *fill*         0x08004318        0x8 
 .text.chSysUnlock.lto_priv.9
                0x08004320       0x18 C:\Users\Ridwane\AppData\Local\Temp\cc2IgH24.ltrans0.ltrans.o
 *fill*         0x08004338        0x8 
 .text.chThdGetSelfX.lto_priv.4
                0x08004340        0xc C:\Users\Ridwane\AppData\Local\Temp\cc2IgH24.ltrans0.ltrans.o
 *fill*         0x0800434c        0x4 
 .text.chEvtAddEventsI
                0x08004350       0x20 C:\Users\Ridwane\AppData\Local\Temp\cc2IgH24.ltrans0.ltrans.o
 .text.chEvtRegisterMaskWithFlagsI
                0x08004370       0x40 C:\Users\Ridwane\AppData\Local\Temp\cc2IgH24.ltrans0.ltrans.o
 .text.chEvtRegisterMaskWithFlags
                0x080043b0       0x28 C:\Users\Ridwane\AppData\Local\Temp\cc2IgH24.ltrans0.ltrans.o
 *fill*         0x080043d8        0x8 
 .text.chEvtUnregister
                0x080043e0       0x44 C:\Users\Ridwane\AppData\Local\Temp\cc2IgH24.ltrans0.ltrans.o
 *fill*         0x08004424        0xc 
 .text.chEvtGetAndClearEventsI
                0x08004430       0x30 C:\Users\Ridwane\AppData\Local\Temp\cc2IgH24.ltrans0.ltrans.o
 .text.chEvtGetAndClearEvents
                0x08004460       0x20 C:\Users\Ridwane\AppData\Local\Temp\cc2IgH24.ltrans0.ltrans.o
 .text.chEvtAddEvents
                0x08004480       0x20 C:\Users\Ridwane\AppData\Local\Temp\cc2IgH24.ltrans0.ltrans.o
 .text.chEvtSignalI
                0x080044a0       0x5c C:\Users\Ridwane\AppData\Local\Temp\cc2IgH24.ltrans0.ltrans.o
 *fill*         0x080044fc        0x4 
 .text.chEvtSignal
                0x08004500       0x24 C:\Users\Ridwane\AppData\Local\Temp\cc2IgH24.ltrans0.ltrans.o
 *fill*         0x08004524        0xc 
 .text.chEvtBroadcastFlagsI
                0x08004530       0x58 C:\Users\Ridwane\AppData\Local\Temp\cc2IgH24.ltrans0.ltrans.o
 *fill*         0x08004588        0x8 
 .text.chEvtBroadcastFlags
                0x08004590       0x24 C:\Users\Ridwane\AppData\Local\Temp\cc2IgH24.ltrans0.ltrans.o
 *fill*         0x080045b4        0xc 
 .text.chEvtDispatch
                0x080045c0       0x54 C:\Users\Ridwane\AppData\Local\Temp\cc2IgH24.ltrans0.ltrans.o
 *fill*         0x08004614        0xc 
 .text.chEvtWaitOne
                0x08004620       0x5c C:\Users\Ridwane\AppData\Local\Temp\cc2IgH24.ltrans0.ltrans.o
 *fill*         0x0800467c        0x4 
 .text.chEvtWaitAny
                0x08004680       0x54 C:\Users\Ridwane\AppData\Local\Temp\cc2IgH24.ltrans0.ltrans.o
 *fill*         0x080046d4        0xc 
 .text.chEvtWaitAll
                0x080046e0       0x48 C:\Users\Ridwane\AppData\Local\Temp\cc2IgH24.ltrans0.ltrans.o
 *fill*         0x08004728        0x8 
 .text.chEvtWaitOneTimeout
                0x08004730       0x7c C:\Users\Ridwane\AppData\Local\Temp\cc2IgH24.ltrans0.ltrans.o
 *fill*         0x080047ac        0x4 
 .text.chEvtWaitAnyTimeout
                0x080047b0       0x74 C:\Users\Ridwane\AppData\Local\Temp\cc2IgH24.ltrans0.ltrans.o
 *fill*         0x08004824        0xc 
 .text.chEvtWaitAllTimeout
                0x08004830       0x68 C:\Users\Ridwane\AppData\Local\Temp\cc2IgH24.ltrans0.ltrans.o
 *fill*         0x08004898        0x8 
 .text.ch_queue_insert.lto_priv.2
                0x080048a0       0x28 C:\Users\Ridwane\AppData\Local\Temp\cc2IgH24.ltrans0.ltrans.o
 *fill*         0x080048c8        0x8 
 .text.ch_queue_fifo_remove.lto_priv.4
                0x080048d0       0x24 C:\Users\Ridwane\AppData\Local\Temp\cc2IgH24.ltrans0.ltrans.o
 *fill*         0x080048f4        0xc 
 .text.chSysLock.lto_priv.10
                0x08004900       0x18 C:\Users\Ridwane\AppData\Local\Temp\cc2IgH24.ltrans0.ltrans.o
 *fill*         0x08004918        0x8 
 .text.chSysUnlock.lto_priv.10
                0x08004920       0x18 C:\Users\Ridwane\AppData\Local\Temp\cc2IgH24.ltrans0.ltrans.o
 *fill*         0x08004938        0x8 
 .text.chThdGetSelfX.lto_priv.5
                0x08004940        0xc C:\Users\Ridwane\AppData\Local\Temp\cc2IgH24.ltrans0.ltrans.o
 *fill*         0x0800494c        0x4 
 .text.chMsgIsPendingI
                0x08004950       0x1c C:\Users\Ridwane\AppData\Local\Temp\cc2IgH24.ltrans0.ltrans.o
 *fill*         0x0800496c        0x4 
 .text.chMsgReleaseS
                0x08004970       0x18 C:\Users\Ridwane\AppData\Local\Temp\cc2IgH24.ltrans0.ltrans.o
 *fill*         0x08004988        0x8 
 .text.chMsgSend
                0x08004990       0x50 C:\Users\Ridwane\AppData\Local\Temp\cc2IgH24.ltrans0.ltrans.o
 .text.chMsgWaitS
                0x080049e0       0x40 C:\Users\Ridwane\AppData\Local\Temp\cc2IgH24.ltrans0.ltrans.o
 .text.chMsgRelease
                0x08004a20       0x20 C:\Users\Ridwane\AppData\Local\Temp\cc2IgH24.ltrans0.ltrans.o
 .text.chSysLock.lto_priv.11
                0x08004a40       0x18 C:\Users\Ridwane\AppData\Local\Temp\cc2IgH24.ltrans0.ltrans.o
 *fill*         0x08004a58        0x8 
 .text.chSysUnlock.lto_priv.11
                0x08004a60       0x18 C:\Users\Ridwane\AppData\Local\Temp\cc2IgH24.ltrans0.ltrans.o
 *fill*         0x08004a78        0x8 
 .text.chThdCreateFromHeap
                0x08004a80       0x70 C:\Users\Ridwane\AppData\Local\Temp\cc2IgH24.ltrans0.ltrans.o
 .text.chThdCreateFromMemoryPool
                0x08004af0       0x74 C:\Users\Ridwane\AppData\Local\Temp\cc2IgH24.ltrans0.ltrans.o
 *fill*         0x08004b64        0xc 
 .text.ch_queue_init.lto_priv.7
                0x08004b70       0x18 C:\Users\Ridwane\AppData\Local\Temp\cc2IgH24.ltrans0.ltrans.o
 *fill*         0x08004b88        0x8 
 .text.chSysLock.lto_priv.12
                0x08004b90       0x18 C:\Users\Ridwane\AppData\Local\Temp\cc2IgH24.ltrans0.ltrans.o
 *fill*         0x08004ba8        0x8 
 .text.chSysUnlock.lto_priv.12
                0x08004bb0       0x18 C:\Users\Ridwane\AppData\Local\Temp\cc2IgH24.ltrans0.ltrans.o
 *fill*         0x08004bc8        0x8 
 .text.chThdQueueObjectInit.lto_priv.2
                0x08004bd0       0x18 C:\Users\Ridwane\AppData\Local\Temp\cc2IgH24.ltrans0.ltrans.o
 *fill*         0x08004be8        0x8 
 .text.chMBGetSizeI.lto_priv.0
                0x08004bf0       0x18 C:\Users\Ridwane\AppData\Local\Temp\cc2IgH24.ltrans0.ltrans.o
 *fill*         0x08004c08        0x8 
 .text.chMBGetUsedCountI.lto_priv.0
                0x08004c10       0x10 C:\Users\Ridwane\AppData\Local\Temp\cc2IgH24.ltrans0.ltrans.o
 .text.chMBGetFreeCountI.lto_priv.0
                0x08004c20       0x20 C:\Users\Ridwane\AppData\Local\Temp\cc2IgH24.ltrans0.ltrans.o
 .text.chMBObjectInit
                0x08004c40       0x50 C:\Users\Ridwane\AppData\Local\Temp\cc2IgH24.ltrans0.ltrans.o
 .text.chMBReset
                0x08004c90       0x20 C:\Users\Ridwane\AppData\Local\Temp\cc2IgH24.ltrans0.ltrans.o
 .text.chMBResetI
                0x08004cb0       0x48 C:\Users\Ridwane\AppData\Local\Temp\cc2IgH24.ltrans0.ltrans.o
 *fill*         0x08004cf8        0x8 
 .text.chMBPostTimeout
                0x08004d00       0x28 C:\Users\Ridwane\AppData\Local\Temp\cc2IgH24.ltrans0.ltrans.o
 *fill*         0x08004d28        0x8 
 .text.chMBPostTimeoutS
                0x08004d30       0x84 C:\Users\Ridwane\AppData\Local\Temp\cc2IgH24.ltrans0.ltrans.o
 *fill*         0x08004db4        0xc 
 .text.chMBPostI
                0x08004dc0       0x6c C:\Users\Ridwane\AppData\Local\Temp\cc2IgH24.ltrans0.ltrans.o
 *fill*         0x08004e2c        0x4 
 .text.chMBPostAheadTimeout
                0x08004e30       0x28 C:\Users\Ridwane\AppData\Local\Temp\cc2IgH24.ltrans0.ltrans.o
 *fill*         0x08004e58        0x8 
 .text.chMBPostAheadTimeoutS
                0x08004e60       0x88 C:\Users\Ridwane\AppData\Local\Temp\cc2IgH24.ltrans0.ltrans.o
 *fill*         0x08004ee8        0x8 
 .text.chMBPostAheadI
                0x08004ef0       0x70 C:\Users\Ridwane\AppData\Local\Temp\cc2IgH24.ltrans0.ltrans.o
 .text.chMBFetchTimeout
                0x08004f60       0x28 C:\Users\Ridwane\AppData\Local\Temp\cc2IgH24.ltrans0.ltrans.o
 *fill*         0x08004f88        0x8 
 .text.chMBFetchTimeoutS
                0x08004f90       0x84 C:\Users\Ridwane\AppData\Local\Temp\cc2IgH24.ltrans0.ltrans.o
 *fill*         0x08005014        0xc 
 .text.chMBFetchI
                0x08005020       0x6c C:\Users\Ridwane\AppData\Local\Temp\cc2IgH24.ltrans0.ltrans.o
 *fill*         0x0800508c        0x4 
 .text.chSysLock.lto_priv.13
                0x08005090       0x18 C:\Users\Ridwane\AppData\Local\Temp\cc2IgH24.ltrans0.ltrans.o
 *fill*         0x080050a8        0x8 
 .text.chSysUnlock.lto_priv.13
                0x080050b0       0x18 C:\Users\Ridwane\AppData\Local\Temp\cc2IgH24.ltrans0.ltrans.o
 *fill*         0x080050c8        0x8 
 .text.__core_init
                0x080050d0       0x1c C:\Users\Ridwane\AppData\Local\Temp\cc2IgH24.ltrans0.ltrans.o
 *fill*         0x080050ec        0x4 
 .text.chCoreAllocFromBaseI
                0x080050f0       0x54 C:\Users\Ridwane\AppData\Local\Temp\cc2IgH24.ltrans0.ltrans.o
 *fill*         0x08005144        0xc 
 .text.chCoreAllocFromTopI
                0x08005150       0x50 C:\Users\Ridwane\AppData\Local\Temp\cc2IgH24.ltrans0.ltrans.o
 .text.chCoreAllocFromBase
                0x080051a0       0x28 C:\Users\Ridwane\AppData\Local\Temp\cc2IgH24.ltrans0.ltrans.o
 *fill*         0x080051c8        0x8 
 .text.chCoreAllocFromTop
                0x080051d0       0x28 C:\Users\Ridwane\AppData\Local\Temp\cc2IgH24.ltrans0.ltrans.o
 *fill*         0x080051f8        0x8 
 .text.__heap_init
                0x08005200       0x2c C:\Users\Ridwane\AppData\Local\Temp\cc2IgH24.ltrans0.ltrans.o
 *fill*         0x0800522c        0x4 
 .text.chHeapObjectInit
                0x08005230       0x58 C:\Users\Ridwane\AppData\Local\Temp\cc2IgH24.ltrans0.ltrans.o
 *fill*         0x08005288        0x8 
 .text.chHeapAllocAligned
                0x08005290      0x1a0 C:\Users\Ridwane\AppData\Local\Temp\cc2IgH24.ltrans0.ltrans.o
 .text.chHeapFree
                0x08005430       0xd8 C:\Users\Ridwane\AppData\Local\Temp\cc2IgH24.ltrans0.ltrans.o
 *fill*         0x08005508        0x8 
 .text.chHeapStatus
                0x08005510       0x98 C:\Users\Ridwane\AppData\Local\Temp\cc2IgH24.ltrans0.ltrans.o
 *fill*         0x080055a8        0x8 
 .text.chSysLock.lto_priv.14
                0x080055b0       0x18 C:\Users\Ridwane\AppData\Local\Temp\cc2IgH24.ltrans0.ltrans.o
 *fill*         0x080055c8        0x8 
 .text.chSysUnlock.lto_priv.14
                0x080055d0       0x18 C:\Users\Ridwane\AppData\Local\Temp\cc2IgH24.ltrans0.ltrans.o
 *fill*         0x080055e8        0x8 
 .text.chPoolAdd
                0x080055f0       0x18 C:\Users\Ridwane\AppData\Local\Temp\cc2IgH24.ltrans0.ltrans.o
 *fill*         0x08005608        0x8 
 .text.chGuardedPoolFreeI
                0x08005610       0x24 C:\Users\Ridwane\AppData\Local\Temp\cc2IgH24.ltrans0.ltrans.o
 *fill*         0x08005634        0xc 
 .text.chGuardedPoolAdd
                0x08005640       0x18 C:\Users\Ridwane\AppData\Local\Temp\cc2IgH24.ltrans0.ltrans.o
 *fill*         0x08005658        0x8 
 .text.chPoolObjectInitAligned
                0x08005660       0x28 C:\Users\Ridwane\AppData\Local\Temp\cc2IgH24.ltrans0.ltrans.o
 *fill*         0x08005688        0x8 
 .text.chPoolLoadArray
                0x08005690       0x34 C:\Users\Ridwane\AppData\Local\Temp\cc2IgH24.ltrans0.ltrans.o
 *fill*         0x080056c4        0xc 
 .text.chPoolAllocI
                0x080056d0       0x44 C:\Users\Ridwane\AppData\Local\Temp\cc2IgH24.ltrans0.ltrans.o
 *fill*         0x08005714        0xc 
 .text.chPoolAlloc
                0x08005720       0x20 C:\Users\Ridwane\AppData\Local\Temp\cc2IgH24.ltrans0.ltrans.o
 .text.chPoolFreeI
                0x08005740       0x20 C:\Users\Ridwane\AppData\Local\Temp\cc2IgH24.ltrans0.ltrans.o
 .text.chPoolFree
                0x08005760       0x20 C:\Users\Ridwane\AppData\Local\Temp\cc2IgH24.ltrans0.ltrans.o
 .text.chGuardedPoolObjectInitAligned
                0x08005780       0x2c C:\Users\Ridwane\AppData\Local\Temp\cc2IgH24.ltrans0.ltrans.o
 *fill*         0x080057ac        0x4 
 .text.chGuardedPoolLoadArray
                0x080057b0       0x34 C:\Users\Ridwane\AppData\Local\Temp\cc2IgH24.ltrans0.ltrans.o
 *fill*         0x080057e4        0xc 
 .text.chGuardedPoolAllocTimeoutS
                0x080057f0       0x34 C:\Users\Ridwane\AppData\Local\Temp\cc2IgH24.ltrans0.ltrans.o
 *fill*         0x08005824        0xc 
 .text.chGuardedPoolAllocTimeout
                0x08005830       0x24 C:\Users\Ridwane\AppData\Local\Temp\cc2IgH24.ltrans0.ltrans.o
 *fill*         0x08005854        0xc 
 .text.chGuardedPoolFree
                0x08005860       0x24 C:\Users\Ridwane\AppData\Local\Temp\cc2IgH24.ltrans0.ltrans.o
 *fill*         0x08005884        0xc 
 .text.chSysLock.lto_priv.15
                0x08005890       0x18 C:\Users\Ridwane\AppData\Local\Temp\cc2IgH24.ltrans0.ltrans.o
 *fill*         0x080058a8        0x8 
 .text.chSysUnlock.lto_priv.15
                0x080058b0       0x18 C:\Users\Ridwane\AppData\Local\Temp\cc2IgH24.ltrans0.ltrans.o
 *fill*         0x080058c8        0x8 
 .text.chPipeGetSize
                0x080058d0       0x14 C:\Users\Ridwane\AppData\Local\Temp\cc2IgH24.ltrans0.ltrans.o
 *fill*         0x080058e4        0xc 
 .text.chPipeGetUsedCount
                0x080058f0       0x10 C:\Users\Ridwane\AppData\Local\Temp\cc2IgH24.ltrans0.ltrans.o
 .text.chPipeGetFreeCount
                0x08005900       0x20 C:\Users\Ridwane\AppData\Local\Temp\cc2IgH24.ltrans0.ltrans.o
 .text.pipe_write
                0x08005920       0xd4 C:\Users\Ridwane\AppData\Local\Temp\cc2IgH24.ltrans0.ltrans.o
 *fill*         0x080059f4        0xc 
 .text.pipe_read
                0x08005a00       0xd4 C:\Users\Ridwane\AppData\Local\Temp\cc2IgH24.ltrans0.ltrans.o
 *fill*         0x08005ad4        0xc 
 .text.chPipeObjectInit
                0x08005ae0       0x64 C:\Users\Ridwane\AppData\Local\Temp\cc2IgH24.ltrans0.ltrans.o
 *fill*         0x08005b44        0xc 
 .text.chPipeReset
                0x08005b50       0x68 C:\Users\Ridwane\AppData\Local\Temp\cc2IgH24.ltrans0.ltrans.o
 *fill*         0x08005bb8        0x8 
 .text.chPipeWriteTimeout
                0x08005bc0       0x94 C:\Users\Ridwane\AppData\Local\Temp\cc2IgH24.ltrans0.ltrans.o
 *fill*         0x08005c54        0xc 
 .text.chPipeReadTimeout
                0x08005c60       0x94 C:\Users\Ridwane\AppData\Local\Temp\cc2IgH24.ltrans0.ltrans.o
 *fill*         0x08005cf4        0xc 
 .text.chSysLock.lto_priv.16
                0x08005d00       0x18 C:\Users\Ridwane\AppData\Local\Temp\cc2IgH24.ltrans0.ltrans.o
 *fill*         0x08005d18        0x8 
 .text.chSysUnlock.lto_priv.16
                0x08005d20       0x18 C:\Users\Ridwane\AppData\Local\Temp\cc2IgH24.ltrans0.ltrans.o
 *fill*         0x08005d38        0x8 
 .text.chSemFastWaitI
                0x08005d40       0x14 C:\Users\Ridwane\AppData\Local\Temp\cc2IgH24.ltrans0.ltrans.o
 *fill*         0x08005d54        0xc 
 .text.chSemFastSignalI.lto_priv.1
                0x08005d60       0x14 C:\Users\Ridwane\AppData\Local\Temp\cc2IgH24.ltrans0.ltrans.o
 *fill*         0x08005d74        0xc 
 .text.chSemGetCounterI.lto_priv.0
                0x08005d80       0x10 C:\Users\Ridwane\AppData\Local\Temp\cc2IgH24.ltrans0.ltrans.o
 .text.hash_get_s
                0x08005d90       0x58 C:\Users\Ridwane\AppData\Local\Temp\cc2IgH24.ltrans0.ltrans.o
 *fill*         0x08005de8        0x8 
 .text.lru_get_last_s
                0x08005df0       0x9c C:\Users\Ridwane\AppData\Local\Temp\cc2IgH24.ltrans0.ltrans.o
 *fill*         0x08005e8c        0x4 
 .text.chCacheObjectInit
                0x08005e90       0xf4 C:\Users\Ridwane\AppData\Local\Temp\cc2IgH24.ltrans0.ltrans.o
 *fill*         0x08005f84        0xc 
 .text.chCacheGetObject
                0x08005f90       0xc4 C:\Users\Ridwane\AppData\Local\Temp\cc2IgH24.ltrans0.ltrans.o
 *fill*         0x08006054        0xc 
 .text.chCacheReleaseObjectI
                0x08006060      0x104 C:\Users\Ridwane\AppData\Local\Temp\cc2IgH24.ltrans0.ltrans.o
 *fill*         0x08006164        0xc 
 .text.chCacheReadObject
                0x08006170       0x34 C:\Users\Ridwane\AppData\Local\Temp\cc2IgH24.ltrans0.ltrans.o
 *fill*         0x080061a4        0xc 
 .text.chSysLock.lto_priv.17
                0x080061b0       0x18 C:\Users\Ridwane\AppData\Local\Temp\cc2IgH24.ltrans0.ltrans.o
 *fill*         0x080061c8        0x8 
 .text.chSysUnlock.lto_priv.17
                0x080061d0       0x18 C:\Users\Ridwane\AppData\Local\Temp\cc2IgH24.ltrans0.ltrans.o
 *fill*         0x080061e8        0x8 
 .text.chMsgWait.lto_priv.0
                0x080061f0       0x1c C:\Users\Ridwane\AppData\Local\Temp\cc2IgH24.ltrans0.ltrans.o
 *fill*         0x0800620c        0x4 
 .text.chMsgGet.lto_priv.0
                0x08006210       0x10 C:\Users\Ridwane\AppData\Local\Temp\cc2IgH24.ltrans0.ltrans.o
 .text.__ch_delegate_fn0
                0x08006220       0x24 C:\Users\Ridwane\AppData\Local\Temp\cc2IgH24.ltrans0.ltrans.o
 *fill*         0x08006244        0xc 
 .text.__ch_delegate_fn1
                0x08006250       0x34 C:\Users\Ridwane\AppData\Local\Temp\cc2IgH24.ltrans0.ltrans.o
 *fill*         0x08006284        0xc 
 .text.__ch_delegate_fn2
                0x08006290       0x44 C:\Users\Ridwane\AppData\Local\Temp\cc2IgH24.ltrans0.ltrans.o
 *fill*         0x080062d4        0xc 
 .text.__ch_delegate_fn3
                0x080062e0       0x54 C:\Users\Ridwane\AppData\Local\Temp\cc2IgH24.ltrans0.ltrans.o
 *fill*         0x08006334        0xc 
 .text.__ch_delegate_fn4
                0x08006340       0x60 C:\Users\Ridwane\AppData\Local\Temp\cc2IgH24.ltrans0.ltrans.o
 .text.chDelegateCallVeneer
                0x080063a0       0x30 C:\Users\Ridwane\AppData\Local\Temp\cc2IgH24.ltrans0.ltrans.o
 .text.chDelegateDispatch
                0x080063d0       0x34 C:\Users\Ridwane\AppData\Local\Temp\cc2IgH24.ltrans0.ltrans.o
 *fill*         0x08006404        0xc 
 .text.chCoreAllocAlignedI
                0x08006410       0x1c C:\Users\Ridwane\AppData\Local\Temp\cc2IgH24.ltrans0.ltrans.o
 *fill*         0x0800642c        0x4 
 .text.chPoolObjectInit.lto_priv.0
                0x08006430       0x20 C:\Users\Ridwane\AppData\Local\Temp\cc2IgH24.ltrans0.ltrans.o
 .text.chFifoObjectInitAligned
                0x08006450       0x3c C:\Users\Ridwane\AppData\Local\Temp\cc2IgH24.ltrans0.ltrans.o
 *fill*         0x0800648c        0x4 
 .text.copy_name
                0x08006490       0x3c C:\Users\Ridwane\AppData\Local\Temp\cc2IgH24.ltrans0.ltrans.o
 *fill*         0x080064cc        0x4 
 .text.dyn_list_init
                0x080064d0       0x10 C:\Users\Ridwane\AppData\Local\Temp\cc2IgH24.ltrans0.ltrans.o
 .text.dyn_list_find
                0x080064e0       0x40 C:\Users\Ridwane\AppData\Local\Temp\cc2IgH24.ltrans0.ltrans.o
 .text.dyn_list_unlink
                0x08006520       0x3c C:\Users\Ridwane\AppData\Local\Temp\cc2IgH24.ltrans0.ltrans.o
 *fill*         0x0800655c        0x4 
 .text.dyn_create_object_heap
                0x08006560       0x60 C:\Users\Ridwane\AppData\Local\Temp\cc2IgH24.ltrans0.ltrans.o
 .text.dyn_release_object_heap
                0x080065c0       0x34 C:\Users\Ridwane\AppData\Local\Temp\cc2IgH24.ltrans0.ltrans.o
 *fill*         0x080065f4        0xc 
 .text.dyn_create_object_pool
                0x08006600       0x5c C:\Users\Ridwane\AppData\Local\Temp\cc2IgH24.ltrans0.ltrans.o
 *fill*         0x0800665c        0x4 
 .text.dyn_release_object_pool
                0x08006660       0x38 C:\Users\Ridwane\AppData\Local\Temp\cc2IgH24.ltrans0.ltrans.o
 *fill*         0x08006698        0x8 
 .text.dyn_find_object
                0x080066a0       0x2c C:\Users\Ridwane\AppData\Local\Temp\cc2IgH24.ltrans0.ltrans.o
 *fill*         0x080066cc        0x4 
 .text.__factory_init
                0x080066d0       0x6c C:\Users\Ridwane\AppData\Local\Temp\cc2IgH24.ltrans0.ltrans.o
 *fill*         0x0800673c        0x4 
 .text.chFactoryRegisterObject
                0x08006740       0x44 C:\Users\Ridwane\AppData\Local\Temp\cc2IgH24.ltrans0.ltrans.o
 *fill*         0x08006784        0xc 
 .text.chFactoryFindObject
                0x08006790       0x30 C:\Users\Ridwane\AppData\Local\Temp\cc2IgH24.ltrans0.ltrans.o
 .text.chFactoryReleaseObject
                0x080067c0       0x34 C:\Users\Ridwane\AppData\Local\Temp\cc2IgH24.ltrans0.ltrans.o
 *fill*         0x080067f4        0xc 
 .text.chFactoryCreateBuffer
                0x08006800       0x4c C:\Users\Ridwane\AppData\Local\Temp\cc2IgH24.ltrans0.ltrans.o
 *fill*         0x0800684c        0x4 
 .text.chFactoryFindBuffer
                0x08006850       0x30 C:\Users\Ridwane\AppData\Local\Temp\cc2IgH24.ltrans0.ltrans.o
 .text.chFactoryReleaseBuffer
                0x08006880       0x2c C:\Users\Ridwane\AppData\Local\Temp\cc2IgH24.ltrans0.ltrans.o
 *fill*         0x080068ac        0x4 
 .text.chFactoryCreateSemaphore
                0x080068b0       0x48 C:\Users\Ridwane\AppData\Local\Temp\cc2IgH24.ltrans0.ltrans.o
 *fill*         0x080068f8        0x8 
 .text.chFactoryFindSemaphore
                0x08006900       0x30 C:\Users\Ridwane\AppData\Local\Temp\cc2IgH24.ltrans0.ltrans.o
 .text.chFactoryReleaseSemaphore
                0x08006930       0x34 C:\Users\Ridwane\AppData\Local\Temp\cc2IgH24.ltrans0.ltrans.o
 *fill*         0x08006964        0xc 
 .text.chFactoryCreateMailbox
                0x08006970       0x50 C:\Users\Ridwane\AppData\Local\Temp\cc2IgH24.ltrans0.ltrans.o
 .text.chFactoryFindMailbox
                0x080069c0       0x30 C:\Users\Ridwane\AppData\Local\Temp\cc2IgH24.ltrans0.ltrans.o
 .text.chFactoryReleaseMailbox
                0x080069f0       0x2c C:\Users\Ridwane\AppData\Local\Temp\cc2IgH24.ltrans0.ltrans.o
 *fill*         0x08006a1c        0x4 
 .text.chFactoryCreateObjectsFIFO
                0x08006a20       0x98 C:\Users\Ridwane\AppData\Local\Temp\cc2IgH24.ltrans0.ltrans.o
 *fill*         0x08006ab8        0x8 
 .text.chFactoryFindObjectsFIFO
                0x08006ac0       0x30 C:\Users\Ridwane\AppData\Local\Temp\cc2IgH24.ltrans0.ltrans.o
 .text.chFactoryReleaseObjectsFIFO
                0x08006af0       0x2c C:\Users\Ridwane\AppData\Local\Temp\cc2IgH24.ltrans0.ltrans.o
 *fill*         0x08006b1c        0x4 
 .text.chFactoryCreatePipe
                0x08006b20       0x50 C:\Users\Ridwane\AppData\Local\Temp\cc2IgH24.ltrans0.ltrans.o
 .text.chFactoryFindPipe
                0x08006b70       0x30 C:\Users\Ridwane\AppData\Local\Temp\cc2IgH24.ltrans0.ltrans.o
 .text.chFactoryReleasePipe
                0x08006ba0       0x2c C:\Users\Ridwane\AppData\Local\Temp\cc2IgH24.ltrans0.ltrans.o
 *fill*         0x08006bcc        0x4 
 .text.__NVIC_SetPriorityGrouping
                0x08006bd0       0x40 C:\Users\Ridwane\AppData\Local\Temp\cc2IgH24.ltrans0.ltrans.o
 .text.__NVIC_SetPriority
                0x08006c10       0x50 C:\Users\Ridwane\AppData\Local\Temp\cc2IgH24.ltrans0.ltrans.o
 .text.SVC_Handler
                0x08006c60       0x34 C:\Users\Ridwane\AppData\Local\Temp\cc2IgH24.ltrans0.ltrans.o
                0x08006c60                SVC_Handler
 *fill*         0x08006c94        0xc 
 .text.port_init
                0x08006ca0       0x5c C:\Users\Ridwane\AppData\Local\Temp\cc2IgH24.ltrans0.ltrans.o
 *fill*         0x08006cfc        0x4 
 .text.__port_irq_epilogue
                0x08006d00       0x84 C:\Users\Ridwane\AppData\Local\Temp\cc2IgH24.ltrans0.ltrans.o
 *fill*         0x08006d84        0xc 
 .text.chTimeIsInRangeX.lto_priv.1
                0x08006d90       0x24 C:\Users\Ridwane\AppData\Local\Temp\cc2IgH24.ltrans0.ltrans.o
 *fill*         0x08006db4        0xc 
 .text.port_timer_get_time.lto_priv.3
                0x08006dc0        0xc C:\Users\Ridwane\AppData\Local\Temp\cc2IgH24.ltrans0.ltrans.o
 *fill*         0x08006dcc        0x4 
 .text.chVTGetSystemTimeX.lto_priv.3
                0x08006dd0        0xc C:\Users\Ridwane\AppData\Local\Temp\cc2IgH24.ltrans0.ltrans.o
 *fill*         0x08006ddc        0x4 
 .text.osalOsGetSystemTimeX
                0x08006de0        0xc C:\Users\Ridwane\AppData\Local\Temp\cc2IgH24.ltrans0.ltrans.o
 *fill*         0x08006dec        0x4 
 .text.osalTimeIsInRangeX
                0x08006df0       0x20 C:\Users\Ridwane\AppData\Local\Temp\cc2IgH24.ltrans0.ltrans.o
 .text.osalThreadSleep.lto_priv.1
                0x08006e10       0x14 C:\Users\Ridwane\AppData\Local\Temp\cc2IgH24.ltrans0.ltrans.o
 *fill*         0x08006e24        0xc 
 .text.test_stream_putchar
                0x08006e30       0x28 C:\Users\Ridwane\AppData\Local\Temp\cc2IgH24.ltrans0.ltrans.o
 *fill*         0x08006e58        0x8 
 .text.test_clear_tokens
                0x08006e60       0x14 C:\Users\Ridwane\AppData\Local\Temp\cc2IgH24.ltrans0.ltrans.o
 *fill*         0x08006e74        0xc 
 .text.test_print_tokens
                0x08006e80       0x34 C:\Users\Ridwane\AppData\Local\Temp\cc2IgH24.ltrans0.ltrans.o
 *fill*         0x08006eb4        0xc 
 .text.test_execute_case
                0x08006ec0       0x40 C:\Users\Ridwane\AppData\Local\Temp\cc2IgH24.ltrans0.ltrans.o
 .text.test_print_string
                0x08006f00       0x34 C:\Users\Ridwane\AppData\Local\Temp\cc2IgH24.ltrans0.ltrans.o
 *fill*         0x08006f34        0xc 
 .text.test_print_line
                0x08006f40       0x30 C:\Users\Ridwane\AppData\Local\Temp\cc2IgH24.ltrans0.ltrans.o
 .text.test_print_fat_line
                0x08006f70       0x30 C:\Users\Ridwane\AppData\Local\Temp\cc2IgH24.ltrans0.ltrans.o
 .text.test_execute_inner
                0x08006fa0      0x21c C:\Users\Ridwane\AppData\Local\Temp\cc2IgH24.ltrans0.ltrans.o
 *fill*         0x080071bc        0x4 
 .text.__test_fail
                0x080071c0       0x24 C:\Users\Ridwane\AppData\Local\Temp\cc2IgH24.ltrans0.ltrans.o
 *fill*         0x080071e4        0xc 
 .text.__test_assert
                0x080071f0       0x30 C:\Users\Ridwane\AppData\Local\Temp\cc2IgH24.ltrans0.ltrans.o
 .text.__test_assert_sequence
                0x08007220       0x60 C:\Users\Ridwane\AppData\Local\Temp\cc2IgH24.ltrans0.ltrans.o
 .text.__test_assert_time_window
                0x08007280       0x30 C:\Users\Ridwane\AppData\Local\Temp\cc2IgH24.ltrans0.ltrans.o
 .text.test_emit_token
                0x080072b0       0x30 C:\Users\Ridwane\AppData\Local\Temp\cc2IgH24.ltrans0.ltrans.o
 .text.test_execute_stream
                0x080072e0       0x2c C:\Users\Ridwane\AppData\Local\Temp\cc2IgH24.ltrans0.ltrans.o
 *fill*         0x0800730c        0x4 
 .text.test_ltoswd
                0x08007310       0xa0 C:\Users\Ridwane\AppData\Local\Temp\cc2IgH24.ltrans0.ltrans.o
 .text.test_ltoa
                0x080073b0       0x20 C:\Users\Ridwane\AppData\Local\Temp\cc2IgH24.ltrans0.ltrans.o
 .text.test_putchar
                0x080073d0       0x2c C:\Users\Ridwane\AppData\Local\Temp\cc2IgH24.ltrans0.ltrans.o
 *fill*         0x080073fc        0x4 
 .text.test_vprintf
                0x08007400      0x4a0 C:\Users\Ridwane\AppData\Local\Temp\cc2IgH24.ltrans0.ltrans.o
 .text.test_printf
                0x080078a0       0x24 C:\Users\Ridwane\AppData\Local\Temp\cc2IgH24.ltrans0.ltrans.o
 *fill*         0x080078c4        0xc 
 .text.port_timer_get_time.lto_priv.4
                0x080078d0        0xc C:\Users\Ridwane\AppData\Local\Temp\cc2IgH24.ltrans0.ltrans.o
 *fill*         0x080078dc        0x4 
 .text.chSysLock.lto_priv.18
                0x080078e0       0x18 C:\Users\Ridwane\AppData\Local\Temp\cc2IgH24.ltrans0.ltrans.o
 *fill*         0x080078f8        0x8 
 .text.chSysUnlock.lto_priv.18
                0x08007900       0x18 C:\Users\Ridwane\AppData\Local\Temp\cc2IgH24.ltrans0.ltrans.o
 *fill*         0x08007918        0x8 
 .text.chVTGetSystemTimeX.lto_priv.4
                0x08007920        0xc C:\Users\Ridwane\AppData\Local\Temp\cc2IgH24.ltrans0.ltrans.o
 *fill*         0x0800792c        0x4 
 .text.chVTGetSystemTime
                0x08007930       0x1c C:\Users\Ridwane\AppData\Local\Temp\cc2IgH24.ltrans0.ltrans.o
 *fill*         0x0800794c        0x4 
 .text.test_terminate_threads
                0x08007950       0x40 C:\Users\Ridwane\AppData\Local\Temp\cc2IgH24.ltrans0.ltrans.o
 .text.test_wait_threads
                0x08007990       0x48 C:\Users\Ridwane\AppData\Local\Temp\cc2IgH24.ltrans0.ltrans.o
 *fill*         0x080079d8        0x8 
 .text.test_wait_tick
                0x080079e0       0x14 C:\Users\Ridwane\AppData\Local\Temp\cc2IgH24.ltrans0.ltrans.o
 *fill*         0x080079f4        0xc 
 .text.test_printn.lto_priv.0
                0x08007a00       0x1c C:\Users\Ridwane\AppData\Local\Temp\cc2IgH24.ltrans0.ltrans.o
 *fill*         0x08007a1c        0x4 
 .text.test_print.lto_priv.0
                0x08007a20       0x1c C:\Users\Ridwane\AppData\Local\Temp\cc2IgH24.ltrans0.ltrans.o
 *fill*         0x08007a3c        0x4 
 .text.test_println.lto_priv.0
                0x08007a40       0x1c C:\Users\Ridwane\AppData\Local\Temp\cc2IgH24.ltrans0.ltrans.o
 *fill*         0x08007a5c        0x4 
 .text.rt_test_001_001_execute
                0x08007a60       0xa8 C:\Users\Ridwane\AppData\Local\Temp\cc2IgH24.ltrans0.ltrans.o
 *fill*         0x08007b08        0x8 
 .text.rt_test_001_002_execute
                0x08007b10       0x8c C:\Users\Ridwane\AppData\Local\Temp\cc2IgH24.ltrans0.ltrans.o
 *fill*         0x08007b9c        0x4 
 .text.rt_test_001_003_execute
                0x08007ba0      0x2d8 C:\Users\Ridwane\AppData\Local\Temp\cc2IgH24.ltrans0.ltrans.o
 *fill*         0x08007e78        0x8 
 .text.chSysDisable
                0x08007e80        0xc C:\Users\Ridwane\AppData\Local\Temp\cc2IgH24.ltrans0.ltrans.o
 *fill*         0x08007e8c        0x4 
 .text.chSysSuspend
                0x08007e90       0x1c C:\Users\Ridwane\AppData\Local\Temp\cc2IgH24.ltrans0.ltrans.o
 *fill*         0x08007eac        0x4 
 .text.chSysEnable
                0x08007eb0       0x1c C:\Users\Ridwane\AppData\Local\Temp\cc2IgH24.ltrans0.ltrans.o
 *fill*         0x08007ecc        0x4 
 .text.chSysLock.lto_priv.19
                0x08007ed0       0x18 C:\Users\Ridwane\AppData\Local\Temp\cc2IgH24.ltrans0.ltrans.o
 *fill*         0x08007ee8        0x8 
 .text.chSysUnlock.lto_priv.19
                0x08007ef0       0x18 C:\Users\Ridwane\AppData\Local\Temp\cc2IgH24.ltrans0.ltrans.o
 *fill*         0x08007f08        0x8 
 .text.chSysLockFromISR.lto_priv.5
                0x08007f10       0x18 C:\Users\Ridwane\AppData\Local\Temp\cc2IgH24.ltrans0.ltrans.o
 *fill*         0x08007f28        0x8 
 .text.chSysUnlockFromISR.lto_priv.5
                0x08007f30       0x18 C:\Users\Ridwane\AppData\Local\Temp\cc2IgH24.ltrans0.ltrans.o
 *fill*         0x08007f48        0x8 
 .text.chSysUnconditionalLock
                0x08007f50       0x30 C:\Users\Ridwane\AppData\Local\Temp\cc2IgH24.ltrans0.ltrans.o
 .text.chSysUnconditionalUnlock
                0x08007f80       0x34 C:\Users\Ridwane\AppData\Local\Temp\cc2IgH24.ltrans0.ltrans.o
 *fill*         0x08007fb4        0xc 
 .text.chVTObjectInit
                0x08007fc0       0x10 C:\Users\Ridwane\AppData\Local\Temp\cc2IgH24.ltrans0.ltrans.o
 .text.chVTIsArmedI.lto_priv.1
                0x08007fd0       0x18 C:\Users\Ridwane\AppData\Local\Temp\cc2IgH24.ltrans0.ltrans.o
 *fill*         0x08007fe8        0x8 
 .text.chVTIsArmed
                0x08007ff0       0x28 C:\Users\Ridwane\AppData\Local\Temp\cc2IgH24.ltrans0.ltrans.o
 *fill*         0x08008018        0x8 
 .text.chVTResetI
                0x08008020       0x20 C:\Users\Ridwane\AppData\Local\Temp\cc2IgH24.ltrans0.ltrans.o
 .text.chVTSetI
                0x08008040       0x28 C:\Users\Ridwane\AppData\Local\Temp\cc2IgH24.ltrans0.ltrans.o
 *fill*         0x08008068        0x8 
 .text.chVTSet  0x08008070       0x28 C:\Users\Ridwane\AppData\Local\Temp\cc2IgH24.ltrans0.ltrans.o
 *fill*         0x08008098        0x8 