Archive member included to satisfy reference by file (symbol)

c:/chibistudio/tools/gnu tools arm embedded/11.3 2022.08/bin/../lib/gcc/arm-none-eabi/11.3.1/thumb/v7e-m/nofp\libg_nano.a(libc_a-rand.o)
                              ./build/obj/main.o (symbol from plugin) (rand)
c:/chibistudio/tools/gnu tools arm embedded/11.3 2022.08/bin/../lib/gcc/arm-none-eabi/11.3.1/thumb/v7e-m/nofp\libg_nano.a(libc_a-impure.o)
                              c:/chibistudio/tools/gnu tools arm embedded/11.3 2022.08/bin/../lib/gcc/arm-none-eabi/11.3.1/thumb/v7e-m/nofp\libg_nano.a(libc_a-rand.o) (_impure_ptr)
c:/chibistudio/tools/gnu tools arm embedded/11.3 2022.08/bin/../lib/gcc/arm-none-eabi/11.3.1/thumb/v7e-m/nofp\libg_nano.a(libc_a-errno.o)
                              ./build/obj/randombytes.o (symbol from plugin) (__errno)
c:/chibistudio/tools/gnu tools arm embedded/11.3 2022.08/bin/../lib/gcc/arm-none-eabi/11.3.1/thumb/v7e-m/nofp\libg_nano.a(libc_a-sysopen.o)
                              ./build/obj/randombytes.o (symbol from plugin) (open)
c:/chibistudio/tools/gnu tools arm embedded/11.3 2022.08/bin/../lib/gcc/arm-none-eabi/11.3.1/thumb/v7e-m/nofp\libg_nano.a(libc_a-sysread.o)
                              ./build/obj/randombytes.o (symbol from plugin) (read)
c:/chibistudio/tools/gnu tools arm embedded/11.3 2022.08/bin/../lib/gcc/arm-none-eabi/11.3.1/thumb/v7e-m/nofp\libg_nano.a(libc_a-assert.o)
                              c:/chibistudio/tools/gnu tools arm embedded/11.3 2022.08/bin/../lib/gcc/arm-none-eabi/11.3.1/thumb/v7e-m/nofp\libg_nano.a(libc_a-rand.o) (__assert_func)
c:/chibistudio/tools/gnu tools arm embedded/11.3 2022.08/bin/../lib/gcc/arm-none-eabi/11.3.1/thumb/v7e-m/nofp\libg_nano.a(libc_a-malloc.o)
                              c:/chibistudio/tools/gnu tools arm embedded/11.3 2022.08/bin/../lib/gcc/arm-none-eabi/11.3.1/thumb/v7e-m/nofp\libg_nano.a(libc_a-rand.o) (malloc)
c:/chibistudio/tools/gnu tools arm embedded/11.3 2022.08/bin/../lib/gcc/arm-none-eabi/11.3.1/thumb/v7e-m/nofp\libg_nano.a(libc_a-mallocr.o)
                              c:/chibistudio/tools/gnu tools arm embedded/11.3 2022.08/bin/../lib/gcc/arm-none-eabi/11.3.1/thumb/v7e-m/nofp\libg_nano.a(libc_a-malloc.o) (_malloc_r)
c:/chibistudio/tools/gnu tools arm embedded/11.3 2022.08/bin/../lib/gcc/arm-none-eabi/11.3.1/thumb/v7e-m/nofp\libg_nano.a(libc_a-mlock.o)
                              c:/chibistudio/tools/gnu tools arm embedded/11.3 2022.08/bin/../lib/gcc/arm-none-eabi/11.3.1/thumb/v7e-m/nofp\libg_nano.a(libc_a-mallocr.o) (__malloc_lock)
c:/chibistudio/tools/gnu tools arm embedded/11.3 2022.08/bin/../lib/gcc/arm-none-eabi/11.3.1/thumb/v7e-m/nofp\libg_nano.a(libc_a-fprintf.o)
                              c:/chibistudio/tools/gnu tools arm embedded/11.3 2022.08/bin/../lib/gcc/arm-none-eabi/11.3.1/thumb/v7e-m/nofp\libg_nano.a(libc_a-assert.o) (fiprintf)
c:/chibistudio/tools/gnu tools arm embedded/11.3 2022.08/bin/../lib/gcc/arm-none-eabi/11.3.1/thumb/v7e-m/nofp\libg_nano.a(libc_a-lock.o)
                              c:/chibistudio/tools/gnu tools arm embedded/11.3 2022.08/bin/../lib/gcc/arm-none-eabi/11.3.1/thumb/v7e-m/nofp\libg_nano.a(libc_a-mlock.o) (__retarget_lock_acquire_recursive)
c:/chibistudio/tools/gnu tools arm embedded/11.3 2022.08/bin/../lib/gcc/arm-none-eabi/11.3.1/thumb/v7e-m/nofp\libg_nano.a(libc_a-abort.o)
                              c:/chibistudio/tools/gnu tools arm embedded/11.3 2022.08/bin/../lib/gcc/arm-none-eabi/11.3.1/thumb/v7e-m/nofp\libg_nano.a(libc_a-assert.o) (abort)
c:/chibistudio/tools/gnu tools arm embedded/11.3 2022.08/bin/../lib/gcc/arm-none-eabi/11.3.1/thumb/v7e-m/nofp\libg_nano.a(libc_a-freer.o)
                              c:/chibistudio/tools/gnu tools arm embedded/11.3 2022.08/bin/../lib/gcc/arm-none-eabi/11.3.1/thumb/v7e-m/nofp\libg_nano.a(libc_a-malloc.o) (_free_r)
c:/chibistudio/tools/gnu tools arm embedded/11.3 2022.08/bin/../lib/gcc/arm-none-eabi/11.3.1/thumb/v7e-m/nofp\libg_nano.a(libc_a-nano-vfprintf.o)
                              c:/chibistudio/tools/gnu tools arm embedded/11.3 2022.08/bin/../lib/gcc/arm-none-eabi/11.3.1/thumb/v7e-m/nofp\libg_nano.a(libc_a-fprintf.o) (_vfprintf_r)
c:/chibistudio/tools/gnu tools arm embedded/11.3 2022.08/bin/../lib/gcc/arm-none-eabi/11.3.1/thumb/v7e-m/nofp\libg_nano.a(libc_a-nano-vfprintf_i.o)
                              c:/chibistudio/tools/gnu tools arm embedded/11.3 2022.08/bin/../lib/gcc/arm-none-eabi/11.3.1/thumb/v7e-m/nofp\libg_nano.a(libc_a-nano-vfprintf.o) (_printf_i)
c:/chibistudio/tools/gnu tools arm embedded/11.3 2022.08/bin/../lib/gcc/arm-none-eabi/11.3.1/thumb/v7e-m/nofp\libg_nano.a(libc_a-findfp.o)
                              c:/chibistudio/tools/gnu tools arm embedded/11.3 2022.08/bin/../lib/gcc/arm-none-eabi/11.3.1/thumb/v7e-m/nofp\libg_nano.a(libc_a-nano-vfprintf.o) (__sinit)
c:/chibistudio/tools/gnu tools arm embedded/11.3 2022.08/bin/../lib/gcc/arm-none-eabi/11.3.1/thumb/v7e-m/nofp\libg_nano.a(libc_a-fvwrite.o)
[...]
Memory Configuration

Name             Origin             Length             Attributes
flash0           0x08000000         0x00100000         xr
flash1           0x00000000         0x00000000         xr
flash2           0x00000000         0x00000000         xr
flash3           0x00000000         0x00000000         xr
flash4           0x00000000         0x00000000         xr
flash5           0x00000000         0x00000000         xr
flash6           0x00000000         0x00000000         xr
flash7           0x00000000         0x00000000         xr
ram0             0x20000000         0x00020000         xw
ram1             0x20000000         0x0001c000         xw
ram2             0x2001c000         0x00004000         xw
ram3             0x00000000         0x00000000         xw
ram4             0x10000000         0x00010000         xw
ram5             0x40024000         0x00001000         xw
ram6             0x00000000         0x00000000         xw
ram7             0x00000000         0x00000000         xw
*default*        0x00000000         0xffffffff

Linker script and memory map

LOAD ./build/obj/crt0_v7m.o
LOAD ./build/obj/vectors.o
LOAD ./build/obj/chcoreasm.o
LOAD ./build/obj/crt1.o
LOAD C:\Users\Ridwane\AppData\Local\Temp\ccG6qa3f.ltrans0.ltrans.o
LOAD C:\Users\Ridwane\AppData\Local\Temp\ccG6qa3f.ltrans1.ltrans.o
LOAD C:\Users\Ridwane\AppData\Local\Temp\ccMjm6eA.debug.temp.o
LOAD C:\Users\Ridwane\AppData\Local\Temp\ccmIIEHO.debug.temp.o
LOAD C:\Users\Ridwane\AppData\Local\Temp\ccGc6L52.debug.temp.o
LOAD C:\Users\Ridwane\AppData\Local\Temp\ccM3mEvh.debug.temp.o
LOAD C:\Users\Ridwane\AppData\Local\Temp\ccQHTV6v.debug.temp.o
LOAD C:\Users\Ridwane\AppData\Local\Temp\ccErrMDK.debug.temp.o
LOAD C:\Users\Ridwane\AppData\Local\Temp\cc6pSUcZ.debug.temp.o
LOAD C:\Users\Ridwane\AppData\Local\Temp\cc6PAfvh.debug.temp.o
LOAD C:\Users\Ridwane\AppData\Local\Temp\ccWIePGz.debug.temp.o
LOAD C:\Users\Ridwane\AppData\Local\Temp\ccE1d85R.debug.temp.o
LOAD C:\Users\Ridwane\AppData\Local\Temp\ccgXiLxa.debug.temp.o
LOAD C:\Users\Ridwane\AppData\Local\Temp\ccuIcoUs.debug.temp.o
LOAD C:\Users\Ridwane\AppData\Local\Temp\ccATrKuL.debug.temp.o
LOAD C:\Users\Ridwane\AppData\Local\Temp\ccwxClY3.debug.temp.o
LOAD C:\Users\Ridwane\AppData\Local\Temp\ccclW6Em.debug.temp.o
LOAD C:\Users\Ridwane\AppData\Local\Temp\ccoPLnpF.debug.temp.o
LOAD C:\Users\Ridwane\AppData\Local\Temp\ccOI6H1X.debug.temp.o
LOAD C:\Users\Ridwane\AppData\Local\Temp\ccsthxGf.debug.temp.o
LOAD C:\Users\Ridwane\AppData\Local\Temp\ccYNgGnx.debug.temp.o
LOAD C:\Users\Ridwane\AppData\Local\Temp\ccghyo0O.debug.temp.o
LOAD C:\Users\Ridwane\AppData\Local\Temp\ccqabQQ6.debug.temp.o
LOAD C:\Users\Ridwane\AppData\Local\Temp\cccTChCo.debug.temp.o
LOAD C:\Users\Ridwane\AppData\Local\Temp\ccWok8yG.debug.temp.o
LOAD C:\Users\Ridwane\AppData\Local\Temp\ccq02xrY.debug.temp.o
LOAD C:\Users\Ridwane\AppData\Local\Temp\ccABK2ng.debug.temp.o
LOAD C:\Users\Ridwane\AppData\Local\Temp\ccGWqWvy.debug.temp.o
LOAD C:\Users\Ridwane\AppData\Local\Temp\ccyqppzQ.debug.temp.o
LOAD C:\Users\Ridwane\AppData\Local\Temp\ccGGihE7.debug.temp.o
LOAD C:\Users\Ridwane\AppData\Local\Temp\ccGEczMo.debug.temp.o
LOAD C:\Users\Ridwane\AppData\Local\Temp\ccqI7pQF.debug.temp.o
LOAD C:\Users\Ridwane\AppData\Local\Temp\ccQBiv5W.debug.temp.o
LOAD C:\Users\Ridwane\AppData\Local\Temp\cc0Emute.debug.temp.o
LOAD C:\Users\Ridwane\AppData\Local\Temp\ccOAwtMv.debug.temp.o
LOAD C:\Users\Ridwane\AppData\Local\Temp\ccuW1bjN.debug.temp.o
LOAD C:\Users\Ridwane\AppData\Local\Temp\ccUnytL4.debug.temp.o
LOAD C:\Users\Ridwane\AppData\Local\Temp\ccyGUfgl.debug.temp.o
LOAD C:\Users\Ridwane\AppData\Local\Temp\cc46ELNB.debug.temp.o
LOAD C:\Users\Ridwane\AppData\Local\Temp\cckVnQrS.debug.temp.o
LOAD C:\Users\Ridwane\AppData\Local\Temp\ccczVU08.debug.temp.o
LOAD C:\Users\Ridwane\AppData\Local\Temp\ccWCOINp.debug.temp.o
LOAD C:\Users\Ridwane\AppData\Local\Temp\cciwwwvG.debug.temp.o
LOAD C:\Users\Ridwane\AppData\Local\Temp\ccgVACmX.debug.temp.o
LOAD C:\Users\Ridwane\AppData\Local\Temp\cc4M6tfe.debug.temp.o
LOAD C:\Users\Ridwane\AppData\Local\Temp\ccKmzVTy.debug.temp.o
LOAD C:\Users\Ridwane\AppData\Local\Temp\ccExP4rT.debug.temp.o
LOAD C:\Users\Ridwane\AppData\Local\Temp\ccmYMode.debug.temp.o
LOAD C:\Users\Ridwane\AppData\Local\Temp\ccUVh20y.debug.temp.o
LOAD C:\Users\Ridwane\AppData\Local\Temp\cccZNeKT.debug.temp.o
LOAD C:\Users\Ridwane\AppData\Local\Temp\ccectBGe.debug.temp.o
LOAD C:\Users\Ridwane\AppData\Local\Temp\ccARztyz.debug.temp.o
LOAD C:\Users\Ridwane\AppData\Local\Temp\cckXvOBU.debug.temp.o
LOAD C:\Users\Ridwane\AppData\Local\Temp\ccGSg9zf.debug.temp.o
LOAD C:\Users\Ridwane\AppData\Local\Temp\ccoV3xBz.debug.temp.o
LOAD C:\Users\Ridwane\AppData\Local\Temp\ccQ3RvyT.debug.temp.o
LOAD C:\Users\Ridwane\AppData\Local\Temp\cc2lPDId.debug.temp.o
LOAD C:\Users\Ridwane\AppData\Local\Temp\ccWGwkOx.debug.temp.o
LOAD C:\Users\Ridwane\AppData\Local\Temp\ccKuQK7R.debug.temp.o
LOAD C:\Users\Ridwane\AppData\Local\Temp\cccbgbmc.debug.temp.o
LOAD C:\Users\Ridwane\AppData\Local\Temp\ccueKkOw.debug.temp.o
LOAD C:\Users\Ridwane\AppData\Local\Temp\cco72tbR.debug.temp.o
LOAD C:\Users\Ridwane\AppData\Local\Temp\ccE7nHBa.debug.temp.o
LOAD C:\Users\Ridwane\AppData\Local\Temp\ccEdKtXt.debug.temp.o
LOAD C:\Users\Ridwane\AppData\Local\Temp\ccyWbAlN.debug.temp.o
LOAD C:\Users\Ridwane\AppData\Local\Temp\cccPMQW6.debug.temp.o
LOAD C:\Users\Ridwane\AppData\Local\Temp\ccANoGtq.debug.temp.o
LOAD C:\Users\Ridwane\AppData\Local\Temp\ccWygVbK.debug.temp.o
LOAD C:\Users\Ridwane\AppData\Local\Temp\ccU9W9O3.debug.temp.o
LOAD C:\Users\Ridwane\AppData\Local\Temp\ccMnJIun.debug.temp.o
LOAD C:\Users\Ridwane\AppData\Local\Temp\ccw1Q0nH.debug.temp.o
LOAD C:\Users\Ridwane\AppData\Local\Temp\ccSuNic1.debug.temp.o
LOAD C:\Users\Ridwane\AppData\Local\Temp\cc8APU2k.debug.temp.o
LOAD C:\Users\Ridwane\AppData\Local\Temp\ccKOTAWD.debug.temp.o
LOAD C:\Users\Ridwane\AppData\Local\Temp\ccYRMgLW.debug.temp.o
LOAD C:\Users\Ridwane\AppData\Local\Temp\cc4k1FNf.debug.temp.o
LOAD C:\Users\Ridwane\AppData\Local\Temp\ccUTgELy.debug.temp.o
LOAD C:\Users\Ridwane\AppData\Local\Temp\ccAZzsUR.debug.temp.o
LOAD C:\Users\Ridwane\AppData\Local\Temp\cc0aUPYa.debug.temp.o
LOAD C:\Users\Ridwane\AppData\Local\Temp\cciMzWgu.debug.temp.o
LOAD C:\Users\Ridwane\AppData\Local\Temp\cckHRNAN.debug.temp.o
LOAD C:\Users\Ridwane\AppData\Local\Temp\cc8KreQ6.debug.temp.o
LOAD ./build/obj/hal.o
LOAD ./build/obj/hal_st.o
LOAD ./build/obj/hal_buffered_serial.o
LOAD ./build/obj/hal_buffers.o
LOAD ./build/obj/hal_queues.o
LOAD ./build/obj/hal_flash.o
LOAD ./build/obj/hal_mmcsd.o
LOAD ./build/obj/hal_pal.o
LOAD ./build/obj/hal_serial.o
LOAD ./build/obj/nvic.o
LOAD ./build/obj/stm32_isr.o
LOAD ./build/obj/hal_lld.o
LOAD ./build/obj/hal_efl_lld.o
LOAD ./build/obj/stm32_dma.o
LOAD ./build/obj/stm32_exti.o
LOAD ./build/obj/hal_pal_lld.o
LOAD ./build/obj/hal_st_lld.o
LOAD ./build/obj/hal_serial_lld.o
LOAD ./build/obj/board.o
LOAD ./build/obj/osal.o
LOAD ./build/obj/chsys.o
LOAD ./build/obj/chrfcu.o
LOAD ./build/obj/chdebug.o
LOAD ./build/obj/chtrace.o
LOAD ./build/obj/chvt.o
LOAD ./build/obj/chschd.o
LOAD ./build/obj/chinstances.o
LOAD ./build/obj/chthreads.o
LOAD ./build/obj/chtm.o
LOAD ./build/obj/chregistry.o
LOAD ./build/obj/chsem.o
LOAD ./build/obj/chmtx.o
LOAD ./build/obj/chcond.o
LOAD ./build/obj/chevents.o
LOAD ./build/obj/chmsg.o
LOAD ./build/obj/chdynamic.o
LOAD ./build/obj/chmboxes.o
LOAD ./build/obj/chmemcore.o
LOAD ./build/obj/chmemheaps.o
LOAD ./build/obj/chmempools.o
LOAD ./build/obj/chpipes.o
LOAD ./build/obj/chobjcaches.o
LOAD ./build/obj/chdelegates.o
LOAD ./build/obj/chfactory.o
LOAD ./build/obj/chcore.o
LOAD ./build/obj/ch_test.o
LOAD ./build/obj/ch_test_printf.o
LOAD ./build/obj/rt_test_root.o
LOAD ./build/obj/rt_test_sequence_001.o
LOAD ./build/obj/rt_test_sequence_002.o
LOAD ./build/obj/rt_test_sequence_003.o
LOAD ./build/obj/rt_test_sequence_004.o
LOAD ./build/obj/rt_test_sequence_005.o
LOAD ./build/obj/rt_test_sequence_006.o
LOAD ./build/obj/rt_test_sequence_007.o
LOAD ./build/obj/rt_test_sequence_008.o
LOAD ./build/obj/rt_test_sequence_009.o
LOAD ./build/obj/rt_test_sequence_010.o
LOAD ./build/obj/rt_test_sequence_011.o
LOAD ./build/obj/rt_test_sequence_012.o
LOAD ./build/obj/oslib_test_root.o
LOAD ./build/obj/oslib_test_sequence_001.o
LOAD ./build/obj/oslib_test_sequence_002.o
LOAD ./build/obj/oslib_test_sequence_003.o
LOAD ./build/obj/oslib_test_sequence_004.o
LOAD ./build/obj/oslib_test_sequence_005.o
LOAD ./build/obj/oslib_test_sequence_006.o
LOAD ./build/obj/oslib_test_sequence_007.o
LOAD ./build/obj/oslib_test_sequence_008.o
LOAD ./build/obj/oslib_test_sequence_009.o
LOAD ./build/obj/syscalls.o
LOAD ./build/obj/chprintf.o
LOAD ./build/obj/main.o
LOAD ./build/obj/sign.o
LOAD ./build/obj/consts.o
LOAD ./build/obj/fips202.o
LOAD ./build/obj/packing.o
LOAD ./build/obj/polyvec.o
LOAD ./build/obj/randombytes.o

.mstack         0x20000000      0x400
                0x20000000                . = ALIGN (0x8)
                0x20000000                __main_stack_base__ = .
                0x20000400                . = (. + __main_stack_size__)
 *fill*         0x20000000      0x400 
                0x20000400                . = ALIGN (0x8)
                0x20000400                __main_stack_end__ = .

.pstack         0x20000400      0x400
                0x20000400                . = ALIGN (0x8)
                0x20000400                __process_stack_base__ = .
                0x20000400                __main_thread_stack_base__ = .
                0x20000800                . = (. + __process_stack_size__)
 *fill*         0x20000400      0x400 
                0x20000800                . = ALIGN (0x8)
                0x20000800                __process_stack_end__ = .
                0x20000800                __main_thread_stack_end__ = .

.vectors        0x08000000      0x1e0
                0x08000000                __textvectors_base__ = LOADADDR (.vectors)
                0x08000000                __vectors_base__ = .
 *(.vectors)
 .vectors       0x08000000      0x1e0 ./build/obj/vectors.o
                0x08000000                _vectors
                0x080001e0                __vectors_end__ = .

.xtors          0x080001e0        0x0
                0x080001e0                __init_array_base__ = .
 *(SORT_BY_NAME(.init_array.*))
 *(.init_array)
                0x080001e0                __init_array_end__ = .
                0x080001e0                __fini_array_base__ = .
 *(.fini_array)
 *(SORT_BY_NAME(.fini_array.*))
                0x080001e0                __fini_array_end__ = .

.text           0x080001e0     0xe11c
                0x080001e0                __text_base__ = .
 *(.text)
 .text          0x080001e0       0xd8 ./build/obj/crt0_v7m.o
                0x080001e0                _crt0_entry
 .text          0x080002b8        0x8 ./build/obj/vectors.o
                0x080002b8                Reset_Handler
                0x080002ba                VectorE8
                0x080002ba                Vector9C
                0x080002ba                VectorAC
                0x080002ba                DebugMon_Handler
                0x080002ba                Vector1A0
                0x080002ba                Vector5C
                0x080002ba                Vector11C
                0x080002ba                HardFault_Handler
                0x080002ba                Vector1B8
                0x080002ba                Vector19C
                0x080002ba                Vector8C
                0x080002ba                SysTick_Handler
                0x080002ba                VectorDC
                0x080002ba                PendSV_Handler
                0x080002ba                Vector168
                0x080002ba                NMI_Handler
                0x080002ba                Vector110
                0x080002ba                Vector120
                0x080002ba                Vector1D8
                0x080002ba                VectorC8
                0x080002ba                Vector94
                0x080002ba                VectorA8
                0x080002ba                VectorB4
                0x080002ba                Vector74
                0x080002ba                Vector160
                0x080002ba                Vector1B0
                0x080002ba                UsageFault_Handler
                0x080002ba                VectorEC
                0x080002ba                Vector40
                0x080002ba                VectorF8
                0x080002ba                Vector108
                0x080002ba                VectorBC
                0x080002ba                Vector190
                0x080002ba                Vector150
                0x080002ba                Vector124
                0x080002ba                Vector1C4
                0x080002ba                Vector1CC
                0x080002ba                Vector148
                0x080002ba                Vector188
                0x080002ba                Vector198
                0x080002ba                Vector118
                0x080002ba                Vector64
                0x080002ba                Vector58
                0x080002ba                VectorCC
                0x080002ba                Vector54
                0x080002ba                Vector98
                0x080002ba                Vector138
                0x080002ba                Vector24
                0x080002ba                Vector1AC
                0x080002ba                Vector178
                0x080002ba                Vector84
                0x080002ba                SecureFault_Handler
                0x080002ba                Vector1A4
                0x080002ba                VectorD0
                0x080002ba                Vector1B4
                0x080002ba                Vector140
                0x080002ba                VectorE4
                0x080002ba                VectorC0
                0x080002ba                Vector158
                0x080002ba                Vector130
                0x080002ba                Vector1C0
                0x080002ba                Vector134
                0x080002ba                Vector1D0
                0x080002ba                VectorF0
                0x080002ba                Vector12C
                0x080002ba                Vector13C
                0x080002ba                Vector100
                0x080002ba                VectorE0
                0x080002ba                VectorF4
                0x080002ba                MemManage_Handler
                0x080002ba                Vector6C
                0x080002ba                VectorA0
                0x080002ba                VectorC4
                0x080002ba                Vector7C
                0x080002ba                Vector180
                0x080002ba                Vector90
                0x080002ba                Vector114
                0x080002ba                Vector164
                0x080002ba                Vector60
                0x080002ba                Vector1BC
                0x080002ba                Vector1D4
                0x080002ba                Vector17C
                0x080002ba                Vector48
                0x080002ba                Vector1A8
                0x080002ba                Vector16C
                0x080002ba                Vector70
                0x080002ba                Vector4C
                0x080002ba                Vector144
                0x080002ba                Vector80
                0x080002ba                Vector15C
                0x080002ba                Vector68
                0x080002ba                Vector78
                0x080002ba                Vector18C
                0x080002ba                Vector170
                0x080002ba                Vector88
                0x080002ba                Vector104
                0x080002ba                Vector184
                0x080002ba                Vector10C
                0x080002ba                Vector14C
                0x080002ba                BusFault_Handler
                0x080002ba                Vector50
                0x080002ba                Vector1C8
                0x080002ba                Vector194
                0x080002ba                Vector1DC
                0x080002ba                Vector154
                0x080002ba                Vector44
                0x080002ba                Vector28
                0x080002ba                VectorB8
                0x080002ba                VectorFC
                0x080002ba                Vector34
                0x080002ba                Vector128
                0x080002ba                VectorA4
                0x080002ba                Vector20
                0x080002ba                Vector174
                0x080002be                _unhandled_exception
 .text          0x080002c0       0x2a ./build/obj/chcoreasm.o
                0x080002c0                __port_switch
                0x080002d0                __port_thread_start
                0x080002e2                __port_switch_from_isr
                0x080002e6                __port_exit_from_isr
 *fill*         0x080002ea        0x6 
 .text          0x080002f0       0xa0 c:/chibistudio/tools/gnu tools arm embedded/11.3 2022.08/bin/../lib/gcc/arm-none-eabi/11.3.1/thumb/v7e-m/nofp\libg_nano.a(libc_a-memchr.o)
                0x080002f0                memchr
 .text          0x08000390       0x14 c:/chibistudio/tools/gnu tools arm embedded/11.3 2022.08/bin/../lib/gcc/arm-none-eabi/11.3.1/thumb/v7e-m/nofp\libg_nano.a(libc_a-strcmp.o)
                0x08000390                strcmp
 *(.text.*)
 *fill*         0x080003a4        0xc 
 .text._ctl.lto_priv.0
                0x080003b0        0xc C:\Users\Ridwane\AppData\Local\Temp\ccG6qa3f.ltrans0.ltrans.o
                0x080003b0                _ctl.lto_priv.0
 *fill*         0x080003bc        0x4 
 .text.notify1.lto_priv.0
                0x080003c0       0x10 C:\Users\Ridwane\AppData\Local\Temp\ccG6qa3f.ltrans0.ltrans.o
                0x080003c0                notify1.lto_priv.0
 .text.notify2.lto_priv.0
                0x080003d0       0x10 C:\Users\Ridwane\AppData\Local\Temp\ccG6qa3f.ltrans0.ltrans.o
                0x080003d0                notify2.lto_priv.0
 .text.__idle_thread.lto_priv.0
                0x080003e0        0x4 C:\Users\Ridwane\AppData\Local\Temp\ccG6qa3f.ltrans0.ltrans.o
                0x080003e0                __idle_thread.lto_priv.0
 *fill*         0x080003e4        0xc 
 .text.chCoreAllocFromTop
                0x080003f0       0x3c C:\Users\Ridwane\AppData\Local\Temp\ccG6qa3f.ltrans0.ltrans.o
                0x080003f0                chCoreAllocFromTop
 *fill*         0x0800042c        0x4 
 .text.__ch_delegate_fn0
                0x08000430        0xc C:\Users\Ridwane\AppData\Local\Temp\ccG6qa3f.ltrans0.ltrans.o
 *fill*         0x0800043c        0x4 
 .text.__ch_delegate_fn1
                0x08000440       0x1c C:\Users\Ridwane\AppData\Local\Temp\ccG6qa3f.ltrans0.ltrans.o
 *fill*         0x0800045c        0x4 
 .text.__ch_delegate_fn2
                0x08000460       0x1c C:\Users\Ridwane\AppData\Local\Temp\ccG6qa3f.ltrans0.ltrans.o
 *fill*         0x0800047c        0x4 
 .text.__ch_delegate_fn3
                0x08000480       0x20 C:\Users\Ridwane\AppData\Local\Temp\ccG6qa3f.ltrans0.ltrans.o
 .text.__ch_delegate_fn4
                0x080004a0       0x24 C:\Users\Ridwane\AppData\Local\Temp\ccG6qa3f.ltrans0.ltrans.o
 *fill*         0x080004c4        0xc 
 .text.chCoreAllocAlignedI.lto_priv.0
                0x080004d0       0x20 C:\Users\Ridwane\AppData\Local\Temp\ccG6qa3f.ltrans0.ltrans.o
                0x080004d0                chCoreAllocAlignedI.lto_priv.0
 .text.test_stream_putchar.lto_priv.0
                0x080004f0       0x18 C:\Users\Ridwane\AppData\Local\Temp\ccG6qa3f.ltrans0.ltrans.o
                0x080004f0                test_stream_putchar.lto_priv.0
 *fill*         0x08000508        0x8 
 .text.__test_assert_sequence
                0x08000510       0x3c C:\Users\Ridwane\AppData\Local\Temp\ccG6qa3f.ltrans0.ltrans.o
 *fill*         0x0800054c        0x4 
 .text.rt_test_002_001_execute.lto_priv.0
                0x08000550      0x128 C:\Users\Ridwane\AppData\Local\Temp\ccG6qa3f.ltrans0.ltrans.o
                0x08000550                rt_test_002_001_execute.lto_priv.0
 *fill*         0x08000678        0x8 
 .text.rt_test_002_003_execute.lto_priv.0
                0x08000680       0x24 C:\Users\Ridwane\AppData\Local\Temp\ccG6qa3f.ltrans0.ltrans.o
                0x08000680                rt_test_002_003_execute.lto_priv.0
 *fill*         0x080006a4        0xc 
 .text.rt_test_003_001_execute.lto_priv.0
                0x080006b0       0x18 C:\Users\Ridwane\AppData\Local\Temp\ccG6qa3f.ltrans0.ltrans.o
                0x080006b0                rt_test_003_001_execute.lto_priv.0
 *fill*         0x080006c8        0x8 
 .text.rt_test_003_002_execute.lto_priv.0
                0x080006d0        0xc C:\Users\Ridwane\AppData\Local\Temp\ccG6qa3f.ltrans0.ltrans.o
                0x080006d0                rt_test_003_002_execute.lto_priv.0
 *fill*         0x080006dc        0x4 
 .text.thread   0x080006e0       0x1c C:\Users\Ridwane\AppData\Local\Temp\ccG6qa3f.ltrans0.ltrans.o
 *fill*         0x080006fc        0x4 
 .text.rt_test_006_001_setup.lto_priv.0
                0x08000700        0xc C:\Users\Ridwane\AppData\Local\Temp\ccG6qa3f.ltrans0.ltrans.o
                0x08000700                rt_test_006_001_setup.lto_priv.0
 *fill*         0x0800070c        0x4 
 .text.rt_test_007_001_setup.lto_priv.0
                0x08000710       0x10 C:\Users\Ridwane\AppData\Local\Temp\ccG6qa3f.ltrans0.ltrans.o
                0x08000710                rt_test_007_001_setup.lto_priv.0
 .text.rt_test_007_005_setup.lto_priv.0
                0x08000720       0x10 C:\Users\Ridwane\AppData\Local\Temp\ccG6qa3f.ltrans0.ltrans.o
                0x08000720                rt_test_007_005_setup.lto_priv.0
 .text.rt_test_007_002_setup
                0x08000730       0x10 C:\Users\Ridwane\AppData\Local\Temp\ccG6qa3f.ltrans0.ltrans.o
                0x08000730                rt_test_007_002_setup.lto_priv.0
 .text.rt_test_007_003_setup
                0x08000740       0x10 C:\Users\Ridwane\AppData\Local\Temp\ccG6qa3f.ltrans0.ltrans.o
                0x08000740                rt_test_007_003_setup.lto_priv.0
 .text.rt_test_007_004_setup
                0x08000750       0x10 C:\Users\Ridwane\AppData\Local\Temp\ccG6qa3f.ltrans0.ltrans.o
                0x08000750                rt_test_007_004_setup.lto_priv.0
 .text.rt_test_008_005_setup.lto_priv.0
                0x08000760       0x10 C:\Users\Ridwane\AppData\Local\Temp\ccG6qa3f.ltrans0.ltrans.o
                0x08000760                rt_test_008_005_setup.lto_priv.0
 .text.rt_test_008_001_setup
                0x08000770       0x10 C:\Users\Ridwane\AppData\Local\Temp\ccG6qa3f.ltrans0.ltrans.o
                0x08000770                rt_test_008_001_setup.lto_priv.0
 .text.rt_test_008_004_setup.lto_priv.0
                0x08000780       0x1c C:\Users\Ridwane\AppData\Local\Temp\ccG6qa3f.ltrans0.ltrans.o
                0x08000780                rt_test_008_004_setup.lto_priv.0
 *fill*         0x0800079c        0x4 
 .text.rt_test_008_008_setup.lto_priv.0
                0x080007a0       0x1c C:\Users\Ridwane\AppData\Local\Temp\ccG6qa3f.ltrans0.ltrans.o
                0x080007a0                rt_test_008_008_setup.lto_priv.0
 *fill*         0x080007bc        0x4 
 .text.rt_test_008_007_setup
                0x080007c0       0x1c C:\Users\Ridwane\AppData\Local\Temp\ccG6qa3f.ltrans0.ltrans.o
                0x080007c0                rt_test_008_007_setup.lto_priv.0
 *fill*         0x080007dc        0x4 
 .text.rt_test_008_009_setup.lto_priv.0
                0x080007e0       0x28 C:\Users\Ridwane\AppData\Local\Temp\ccG6qa3f.ltrans0.ltrans.o
                0x080007e0                rt_test_008_009_setup.lto_priv.0
 *fill*         0x08000808        0x8 
 .text.h1       0x08000810       0x1c C:\Users\Ridwane\AppData\Local\Temp\ccG6qa3f.ltrans0.ltrans.o
 *fill*         0x0800082c        0x4 
 .text.h2       0x08000830       0x1c C:\Users\Ridwane\AppData\Local\Temp\ccG6qa3f.ltrans0.ltrans.o
 *fill*         0x0800084c        0x4 
 .text.h3       0x08000850       0x1c C:\Users\Ridwane\AppData\Local\Temp\ccG6qa3f.ltrans0.ltrans.o
 *fill*         0x0800086c        0x4 
 .text.rt_test_010_001_execute.lto_priv.0
                0x08000870       0xfc C:\Users\Ridwane\AppData\Local\Temp\ccG6qa3f.ltrans0.ltrans.o
                0x08000870                rt_test_010_001_execute.lto_priv.0
 *fill*         0x0800096c        0x4 
 .text.rt_test_010_002_setup
                0x08000970       0x18 C:\Users\Ridwane\AppData\Local\Temp\ccG6qa3f.ltrans0.ltrans.o
                0x08000970                rt_test_010_002_setup.lto_priv.0
 *fill*         0x08000988        0x8 
 .text.rt_test_010_002_execute.lto_priv.0
                0x08000990       0x50 C:\Users\Ridwane\AppData\Local\Temp\ccG6qa3f.ltrans0.ltrans.o
                0x08000990                rt_test_010_002_execute.lto_priv.0
 .text.rt_test_010_003_setup
                0x080009e0       0x18 C:\Users\Ridwane\AppData\Local\Temp\ccG6qa3f.ltrans0.ltrans.o
                0x080009e0                rt_test_010_003_setup.lto_priv.0
 *fill*         0x080009f8        0x8 
 .text.rt_test_010_004_setup
                0x08000a00       0x18 C:\Users\Ridwane\AppData\Local\Temp\ccG6qa3f.ltrans0.ltrans.o
                0x08000a00                rt_test_010_004_setup.lto_priv.0
 *fill*         0x08000a18        0x8 
 .text.rt_test_010_005_setup
                0x08000a20       0x18 C:\Users\Ridwane\AppData\Local\Temp\ccG6qa3f.ltrans0.ltrans.o
                0x08000a20                rt_test_010_005_setup.lto_priv.0
 *fill*         0x08000a38        0x8 
 .text.rt_test_010_006_setup.lto_priv.0
                0x08000a40       0x18 C:\Users\Ridwane\AppData\Local\Temp\ccG6qa3f.ltrans0.ltrans.o
                0x08000a40                rt_test_010_006_setup.lto_priv.0
 *fill*         0x08000a58        0x8 
 .text.rt_test_010_007_setup.lto_priv.0
                0x08000a60       0x28 C:\Users\Ridwane\AppData\Local\Temp\ccG6qa3f.ltrans0.ltrans.o
                0x08000a60                rt_test_010_007_setup.lto_priv.0
 *fill*         0x08000a88        0x8 
 .text.dyn_thread1
                0x08000a90       0x1c C:\Users\Ridwane\AppData\Local\Temp\ccG6qa3f.ltrans0.ltrans.o
                0x08000a90                dyn_thread1.lto_priv.0
 *fill*         0x08000aac        0x4 
 .text.rt_test_011_001_setup.lto_priv.0
                0x08000ab0       0x34 C:\Users\Ridwane\AppData\Local\Temp\ccG6qa3f.ltrans0.ltrans.o
                0x08000ab0                rt_test_011_001_setup.lto_priv.0
 *fill*         0x08000ae4        0xc 
 .text.rt_test_011_002_setup.lto_priv.0
                0x08000af0       0x18 C:\Users\Ridwane\AppData\Local\Temp\ccG6qa3f.ltrans0.ltrans.o
                0x08000af0                rt_test_011_002_setup.lto_priv.0
 *fill*         0x08000b08        0x8 
 .text.tmo      0x08000b10        0x4 C:\Users\Ridwane\AppData\Local\Temp\ccG6qa3f.ltrans0.ltrans.o
 *fill*         0x08000b14        0xc 
 .text.rt_test_012_007_setup.lto_priv.0
                0x08000b20       0x10 C:\Users\Ridwane\AppData\Local\Temp\ccG6qa3f.ltrans0.ltrans.o
                0x08000b20                rt_test_012_007_setup.lto_priv.0
 .text.rt_test_012_010_setup.lto_priv.0
                0x08000b30       0x10 C:\Users\Ridwane\AppData\Local\Temp\ccG6qa3f.ltrans0.ltrans.o
                0x08000b30                rt_test_012_010_setup.lto_priv.0
 .text.rt_test_012_011_setup.lto_priv.0
                0x08000b40       0x10 C:\Users\Ridwane\AppData\Local\Temp\ccG6qa3f.ltrans0.ltrans.o
                0x08000b40                rt_test_012_011_setup.lto_priv.0
 .text.oslib_test_002_003_setup.lto_priv.0
                0x08000b50       0x34 C:\Users\Ridwane\AppData\Local\Temp\ccG6qa3f.ltrans0.ltrans.o
                0x08000b50                oslib_test_002_003_setup.lto_priv.0
 *fill*         0x08000b84        0xc 
 .text.oslib_test_002_001_setup
                0x08000b90       0x34 C:\Users\Ridwane\AppData\Local\Temp\ccG6qa3f.ltrans0.ltrans.o
                0x08000b90                oslib_test_002_001_setup.lto_priv.0
 *fill*         0x08000bc4        0xc 
 .text.oslib_test_002_002_setup
                0x08000bd0       0x34 C:\Users\Ridwane\AppData\Local\Temp\ccG6qa3f.ltrans0.ltrans.o
                0x08000bd0                oslib_test_002_002_setup.lto_priv.0
 *fill*         0x08000c04        0xc 
 .text.oslib_test_003_001_setup.lto_priv.0
                0x08000c10       0x48 C:\Users\Ridwane\AppData\Local\Temp\ccG6qa3f.ltrans0.ltrans.o
                0x08000c10                oslib_test_003_001_setup.lto_priv.0
 *fill*         0x08000c58        0x8 
 .text.oslib_test_003_002_setup.lto_priv.0
                0x08000c60       0x48 C:\Users\Ridwane\AppData\Local\Temp\ccG6qa3f.ltrans0.ltrans.o
                0x08000c60                oslib_test_003_002_setup.lto_priv.0
 *fill*         0x08000ca8        0x8 
 .text.dis_func0
                0x08000cb0       0x20 C:\Users\Ridwane\AppData\Local\Temp\ccG6qa3f.ltrans0.ltrans.o
 .text.dis_func1
                0x08000cd0       0x18 C:\Users\Ridwane\AppData\Local\Temp\ccG6qa3f.ltrans0.ltrans.o
 *fill*         0x08000ce8        0x8 
 .text.dis_func2
                0x08000cf0       0x2c C:\Users\Ridwane\AppData\Local\Temp\ccG6qa3f.ltrans0.ltrans.o
 *fill*         0x08000d1c        0x4 
 .text.dis_func3
                0x08000d20       0x38 C:\Users\Ridwane\AppData\Local\Temp\ccG6qa3f.ltrans0.ltrans.o
 *fill*         0x08000d58        0x8 
 .text.dis_func4
                0x08000d60       0x48 C:\Users\Ridwane\AppData\Local\Temp\ccG6qa3f.ltrans0.ltrans.o
 *fill*         0x08000da8        0x8 
 .text.dis_func_end
                0x08000db0       0x28 C:\Users\Ridwane\AppData\Local\Temp\ccG6qa3f.ltrans0.ltrans.o
 *fill*         0x08000dd8        0x8 
 .text.obj_write
                0x08000de0       0x20 C:\Users\Ridwane\AppData\Local\Temp\ccG6qa3f.ltrans0.ltrans.o
 .text.null_provider
                0x08000e00        0x4 C:\Users\Ridwane\AppData\Local\Temp\ccG6qa3f.ltrans0.ltrans.o
 *fill*         0x08000e04        0xc 
 .text.oslib_test_007_001_setup.lto_priv.0
                0x08000e10       0x14 C:\Users\Ridwane\AppData\Local\Temp\ccG6qa3f.ltrans0.ltrans.o
                0x08000e10                oslib_test_007_001_setup.lto_priv.0
 *fill*         0x08000e24        0xc 
 .text.oslib_test_007_001_execute.lto_priv.0
                0x08000e30      0x198 C:\Users\Ridwane\AppData\Local\Temp\ccG6qa3f.ltrans0.ltrans.o
                0x08000e30                oslib_test_007_001_execute.lto_priv.0
 *fill*         0x08000fc8        0x8 
 .text.oslib_test_007_003_setup.lto_priv.0
                0x08000fd0       0x1c C:\Users\Ridwane\AppData\Local\Temp\ccG6qa3f.ltrans0.ltrans.o
                0x08000fd0                oslib_test_007_003_setup.lto_priv.0
 *fill*         0x08000fec        0x4 
 .text.oslib_test_007_002_setup
                0x08000ff0       0x1c C:\Users\Ridwane\AppData\Local\Temp\ccG6qa3f.ltrans0.ltrans.o
                0x08000ff0                oslib_test_007_002_setup.lto_priv.0
 *fill*         0x0800100c        0x4 
 .text.oslib_test_008_001_setup.lto_priv.0
                0x08001010       0x34 C:\Users\Ridwane\AppData\Local\Temp\ccG6qa3f.ltrans0.ltrans.o
                0x08001010                oslib_test_008_001_setup.lto_priv.0
 *fill*         0x08001044        0xc 
 .text.__sch_wakeup.lto_priv.0
                0x08001050       0x70 C:\Users\Ridwane\AppData\Local\Temp\ccG6qa3f.ltrans0.ltrans.o
                0x08001050                __sch_wakeup.lto_priv.0
 .text.chSemSignalI
                0x080010c0       0x38 C:\Users\Ridwane\AppData\Local\Temp\ccG6qa3f.ltrans0.ltrans.o
                0x080010c0                chSemSignalI
 *fill*         0x080010f8        0x8 
 .text.chMtxUnlockS
                0x08001100       0x68 C:\Users\Ridwane\AppData\Local\Temp\ccG6qa3f.ltrans0.ltrans.o
 *fill*         0x08001168        0x8 
 .text.chEvtBroadcastFlagsI
                0x08001170       0x74 C:\Users\Ridwane\AppData\Local\Temp\ccG6qa3f.ltrans0.ltrans.o
 *fill*         0x080011e4        0xc 
 .text.sd_lld_serve_interrupt
                0x080011f0      0x1d4 C:\Users\Ridwane\AppData\Local\Temp\ccG6qa3f.ltrans0.ltrans.o
 *fill*         0x080013c4        0xc 
 .text.chThdYield
                0x080013d0       0x50 C:\Users\Ridwane\AppData\Local\Temp\ccG6qa3f.ltrans0.ltrans.o
 .text.chMsgSend
                0x08001420       0x6c C:\Users\Ridwane\AppData\Local\Temp\ccG6qa3f.ltrans0.ltrans.o
 *fill*         0x0800148c        0x4 
 .text.msg_thread1
                0x08001490       0x28 C:\Users\Ridwane\AppData\Local\Temp\ccG6qa3f.ltrans0.ltrans.o
 *fill*         0x080014b8        0x8 
 .text.thread1.lto_priv.1
                0x080014c0       0x6c C:\Users\Ridwane\AppData\Local\Temp\ccG6qa3f.ltrans0.ltrans.o
 *fill*         0x0800152c        0x4 
 .text.bmk_thread3
                0x08001530       0x88 C:\Users\Ridwane\AppData\Local\Temp\ccG6qa3f.ltrans0.ltrans.o
 *fill*         0x080015b8        0x8 
 .text.bmk_thread4
                0x080015c0       0x3c C:\Users\Ridwane\AppData\Local\Temp\ccG6qa3f.ltrans0.ltrans.o
 *fill*         0x080015fc        0x4 
 .text.bmk_thread7
                0x08001600       0x6c C:\Users\Ridwane\AppData\Local\Temp\ccG6qa3f.ltrans0.ltrans.o
 *fill*         0x0800166c        0x4 
 .text.bmk_thread8
                0x08001670       0x74 C:\Users\Ridwane\AppData\Local\Temp\ccG6qa3f.ltrans0.ltrans.o
 *fill*         0x080016e4        0xc 
 .text.chDelegateCallVeneer
                0x080016f0       0x24 C:\Users\Ridwane\AppData\Local\Temp\ccG6qa3f.ltrans0.ltrans.o
 *fill*         0x08001714        0xc 
 .text.rt_test_007_001_teardown.lto_priv.0
                0x08001720        0xc C:\Users\Ridwane\AppData\Local\Temp\ccG6qa3f.ltrans0.ltrans.o
                0x08001720                rt_test_007_001_teardown.lto_priv.0
 *fill*         0x0800172c        0x4 
 .text.oslib_test_002_003_teardown.lto_priv.0
                0x08001730        0x4 C:\Users\Ridwane\AppData\Local\Temp\ccG6qa3f.ltrans0.ltrans.o
                0x08001730                oslib_test_002_003_teardown.lto_priv.0
 *fill*         0x08001734        0xc 
 .text.oslib_test_002_001_teardown
                0x08001740        0x4 C:\Users\Ridwane\AppData\Local\Temp\ccG6qa3f.ltrans0.ltrans.o
                0x08001740                oslib_test_002_001_teardown.lto_priv.0
 *fill*         0x08001744        0xc 
 .text.oslib_test_002_002_teardown
                0x08001750        0x4 C:\Users\Ridwane\AppData\Local\Temp\ccG6qa3f.ltrans0.ltrans.o
                0x08001750                oslib_test_002_002_teardown.lto_priv.0
 *fill*         0x08001754        0xc 
 .text.oslib_test_003_002_execute.lto_priv.0
                0x08001760       0x88 C:\Users\Ridwane\AppData\Local\Temp\ccG6qa3f.ltrans0.ltrans.o
                0x08001760                oslib_test_003_002_execute.lto_priv.0
 *fill*         0x080017e8        0x8 
 .text.__cpu_init
                0x080017f0        0x4 C:\Users\Ridwane\AppData\Local\Temp\ccG6qa3f.ltrans0.ltrans.o
                0x080017f0                __cpu_init
 *fill*         0x080017f4        0xc 
 .text.__late_init
                0x08001800        0x4 C:\Users\Ridwane\AppData\Local\Temp\ccG6qa3f.ltrans0.ltrans.o
                0x08001800                __late_init
 *fill*         0x08001804        0xc 
 .text.__default_exit
                0x08001810        0x4 C:\Users\Ridwane\AppData\Local\Temp\ccG6qa3f.ltrans0.ltrans.o
                0x08001810                __default_exit
 *fill*         0x08001814        0xc 
 .text.__init_ram_areas
                0x08001820       0x6c C:\Users\Ridwane\AppData\Local\Temp\ccG6qa3f.ltrans0.ltrans.o
                0x08001820                __init_ram_areas
 *fill*         0x0800188c        0x4 
 .text.VectorD4
                0x08001890       0x58 C:\Users\Ridwane\AppData\Local\Temp\ccG6qa3f.ltrans0.ltrans.o
                0x08001890                VectorD4
 *fill*         0x080018e8        0x8 
 .text.VectorD8
                0x080018f0       0x58 C:\Users\Ridwane\AppData\Local\Temp\ccG6qa3f.ltrans0.ltrans.o
                0x080018f0                VectorD8
 *fill*         0x08001948        0x8 
 .text.VectorB0
                0x08001950      0x168 C:\Users\Ridwane\AppData\Local\Temp\ccG6qa3f.ltrans0.ltrans.o
                0x08001950                VectorB0
 *fill*         0x08001ab8        0x8 
 .text.usart_init.lto_priv.0
                0x08001ac0       0x64 C:\Users\Ridwane\AppData\Local\Temp\ccG6qa3f.ltrans0.ltrans.o
                0x08001ac0                usart_init.lto_priv.0
 *fill*         0x08001b24        0xc 
 .text.__early_init
                0x08001b30      0x290 C:\Users\Ridwane\AppData\Local\Temp\ccG6qa3f.ltrans0.ltrans.o
                0x08001b30                __early_init
 .text.chVTDoResetI
                0x08001dc0       0xa4 C:\Users\Ridwane\AppData\Local\Temp\ccG6qa3f.ltrans0.ltrans.o
                0x08001dc0                chVTDoResetI
 *fill*         0x08001e64        0xc 
 .text.test_wait_tick
                0x08001e70       0x68 C:\Users\Ridwane\AppData\Local\Temp\ccG6qa3f.ltrans0.ltrans.o
 *fill*         0x08001ed8        0x8 
 .text.job_slow
                0x08001ee0       0x70 C:\Users\Ridwane\AppData\Local\Temp\ccG6qa3f.ltrans0.ltrans.o
 .text.__sch_reschedule_ahead.lto_priv.0
                0x08001f50       0x3c C:\Users\Ridwane\AppData\Local\Temp\ccG6qa3f.ltrans0.ltrans.o
                0x08001f50                __sch_reschedule_ahead.lto_priv.0
                0x08001f50                chSchDoPreemption
 *fill*         0x08001f8c        0x4 
 .text.vtcb     0x08001f90       0x50 C:\Users\Ridwane\AppData\Local\Temp\ccG6qa3f.ltrans0.ltrans.o
 .text.rt_test_005_003_execute.lto_priv.0
                0x08001fe0       0xbc C:\Users\Ridwane\AppData\Local\Temp\ccG6qa3f.ltrans0.ltrans.o
                0x08001fe0                rt_test_005_003_execute.lto_priv.0
 *fill*         0x0800209c        0x4 
 .text.rt_test_005_004_execute.lto_priv.0
                0x080020a0      0x108 C:\Users\Ridwane\AppData\Local\Temp\ccG6qa3f.ltrans0.ltrans.o
                0x080020a0                rt_test_005_004_execute.lto_priv.0
 *fill*         0x080021a8        0x8 
 .text.thread1.lto_priv.0
                0x080021b0       0x6c C:\Users\Ridwane\AppData\Local\Temp\ccG6qa3f.ltrans0.ltrans.o
 *fill*         0x0800221c        0x4 
 .text.thread4  0x08002220       0x34 C:\Users\Ridwane\AppData\Local\Temp\ccG6qa3f.ltrans0.ltrans.o
 *fill*         0x08002254        0xc 
 .text.obj_read
                0x08002260       0xc8 C:\Users\Ridwane\AppData\Local\Temp\ccG6qa3f.ltrans0.ltrans.o
 *fill*         0x08002328        0x8 
 .text.oslib_test_006_001_execute.lto_priv.0
                0x08002330      0x5e8 C:\Users\Ridwane\AppData\Local\Temp\ccG6qa3f.ltrans0.ltrans.o
                0x08002330                oslib_test_006_001_execute.lto_priv.0
 *fill*         0x08002918        0x8 
 .text.chSchGoSleepTimeoutS
                0x08002920       0x70 C:\Users\Ridwane\AppData\Local\Temp\ccG6qa3f.ltrans0.ltrans.o
                0x08002920                chSchGoSleepTimeoutS
 .text.oqWriteTimeout
                0x08002990       0xd8 C:\Users\Ridwane\AppData\Local\Temp\ccG6qa3f.ltrans0.ltrans.o
 *fill*         0x08002a68        0x8 
 .text._write.lto_priv.0
                0x08002a70        0xc C:\Users\Ridwane\AppData\Local\Temp\ccG6qa3f.ltrans0.ltrans.o
                0x08002a70                _write.lto_priv.0
 *fill*         0x08002a7c        0x4 
 .text._writet.lto_priv.0
                0x08002a80        0x8 C:\Users\Ridwane\AppData\Local\Temp\ccG6qa3f.ltrans0.ltrans.o
                0x08002a80                _writet.lto_priv.0
 *fill*         0x08002a88        0x8 
 .text.iqGetTimeout
                0x08002a90       0x6c C:\Users\Ridwane\AppData\Local\Temp\ccG6qa3f.ltrans0.ltrans.o
 *fill*         0x08002afc        0x4 
 .text._get.lto_priv.0
                0x08002b00        0xc C:\Users\Ridwane\AppData\Local\Temp\ccG6qa3f.ltrans0.ltrans.o
                0x08002b00                _get.lto_priv.0
 *fill*         0x08002b0c        0x4 
 .text._gett.lto_priv.0
                0x08002b10        0x8 C:\Users\Ridwane\AppData\Local\Temp\ccG6qa3f.ltrans0.ltrans.o
                0x08002b10                _gett.lto_priv.0
 *fill*         0x08002b18        0x8 
 .text.iqReadTimeout
                0x08002b20       0xe0 C:\Users\Ridwane\AppData\Local\Temp\ccG6qa3f.ltrans0.ltrans.o
 .text._read.lto_priv.0
                0x08002c00        0xc C:\Users\Ridwane\AppData\Local\Temp\ccG6qa3f.ltrans0.ltrans.o
                0x08002c00                _read.lto_priv.0
 *fill*         0x08002c0c        0x4 
 .text._readt.lto_priv.0
                0x08002c10        0x8 C:\Users\Ridwane\AppData\Local\Temp\ccG6qa3f.ltrans0.ltrans.o
                0x08002c10                _readt.lto_priv.0
 *fill*         0x08002c18        0x8 
 .text.oqPutTimeout
                0x08002c20       0x78 C:\Users\Ridwane\AppData\Local\Temp\ccG6qa3f.ltrans0.ltrans.o
 *fill*         0x08002c98        0x8 
 .text._put.lto_priv.0
                0x08002ca0        0xc C:\Users\Ridwane\AppData\Local\Temp\ccG6qa3f.ltrans0.ltrans.o
                0x08002ca0                _put.lto_priv.0
 *fill*         0x08002cac        0x4 
 .text._putt.lto_priv.0
                0x08002cb0        0x8 C:\Users\Ridwane\AppData\Local\Temp\ccG6qa3f.ltrans0.ltrans.o
                0x08002cb0                _putt.lto_priv.0
 *fill*         0x08002cb8        0x8 
 .text.chMBPostTimeout
                0x08002cc0       0xd0 C:\Users\Ridwane\AppData\Local\Temp\ccG6qa3f.ltrans0.ltrans.o
 .text.chMBFetchTimeoutS
                0x08002d90       0xa4 C:\Users\Ridwane\AppData\Local\Temp\ccG6qa3f.ltrans0.ltrans.o
 *fill*         0x08002e34        0xc 
 .text.oslib_test_002_003_execute.lto_priv.0
                0x08002e40      0x170 C:\Users\Ridwane\AppData\Local\Temp\ccG6qa3f.ltrans0.ltrans.o
                0x08002e40                oslib_test_002_003_execute.lto_priv.0
 .text.Thread1.lto_priv.0
                0x08002fb0       0x9c C:\Users\Ridwane\AppData\Local\Temp\ccG6qa3f.ltrans0.ltrans.o
 *fill*         0x0800304c        0x4 
 .text.chGuardedPoolAllocTimeout
                0x08003050       0x68 C:\Users\Ridwane\AppData\Local\Temp\ccG6qa3f.ltrans0.ltrans.o
 *fill*         0x080030b8        0x8 
 .text.oslib_test_007_002_execute.lto_priv.0
                0x080030c0      0x160 C:\Users\Ridwane\AppData\Local\Temp\ccG6qa3f.ltrans0.ltrans.o
                0x080030c0                oslib_test_007_002_execute.lto_priv.0
 .text.oslib_test_007_003_execute.lto_priv.0
                0x08003220       0x30 C:\Users\Ridwane\AppData\Local\Temp\ccG6qa3f.ltrans0.ltrans.o
                0x08003220                oslib_test_007_003_execute.lto_priv.0
 .text.rt_test_002_002_execute.lto_priv.0
                0x08003250      0x134 C:\Users\Ridwane\AppData\Local\Temp\ccG6qa3f.ltrans0.ltrans.o
                0x08003250                rt_test_002_002_execute.lto_priv.0
 *fill*         0x08003384        0xc 
 .text.rt_test_004_001_execute.lto_priv.0
                0x08003390       0xa8 C:\Users\Ridwane\AppData\Local\Temp\ccG6qa3f.ltrans0.ltrans.o
                0x08003390                rt_test_004_001_execute.lto_priv.0
 *fill*         0x08003438        0x8 
 .text.rt_test_005_001_execute.lto_priv.0
                0x08003440       0xec C:\Users\Ridwane\AppData\Local\Temp\ccG6qa3f.ltrans0.ltrans.o
                0x08003440                rt_test_005_001_execute.lto_priv.0
 *fill*         0x0800352c        0x4 
 .text.thread2  0x08003530       0x70 C:\Users\Ridwane\AppData\Local\Temp\ccG6qa3f.ltrans0.ltrans.o
 .text.evt_thread3
                0x080035a0       0x80 C:\Users\Ridwane\AppData\Local\Temp\ccG6qa3f.ltrans0.ltrans.o
 .text.evt_thread7
                0x08003620       0x6c C:\Users\Ridwane\AppData\Local\Temp\ccG6qa3f.ltrans0.ltrans.o
 *fill*         0x0800368c        0x4 
 .text.rt_test_010_006_execute.lto_priv.0
                0x08003690      0x128 C:\Users\Ridwane\AppData\Local\Temp\ccG6qa3f.ltrans0.ltrans.o
                0x08003690                rt_test_010_006_execute.lto_priv.0
 *fill*         0x080037b8        0x8 
 .text.msg_loop_test
                0x080037c0       0xb8 C:\Users\Ridwane\AppData\Local\Temp\ccG6qa3f.ltrans0.ltrans.o
 *fill*         0x08003878        0x8 
 .text.chSchWakeupS
                0x08003880       0x60 C:\Users\Ridwane\AppData\Local\Temp\ccG6qa3f.ltrans0.ltrans.o
                0x08003880                chSchWakeupS
 .text.rt_test_007_001_execute.lto_priv.0
                0x080038e0      0x108 C:\Users\Ridwane\AppData\Local\Temp\ccG6qa3f.ltrans0.ltrans.o
                0x080038e0                rt_test_007_001_execute.lto_priv.0
 *fill*         0x080039e8        0x8 
 .text.thread3  0x080039f0       0x7c C:\Users\Ridwane\AppData\Local\Temp\ccG6qa3f.ltrans0.ltrans.o
 *fill*         0x08003a6c        0x4 
 .text.bmk_thread1
                0x08003a70       0x6c C:\Users\Ridwane\AppData\Local\Temp\ccG6qa3f.ltrans0.ltrans.o
 *fill*         0x08003adc        0x4 
 .text.chThdCreateSuspendedI
                0x08003ae0       0x88 C:\Users\Ridwane\AppData\Local\Temp\ccG6qa3f.ltrans0.ltrans.o
                0x08003ae0                chThdCreateSuspendedI
 *fill*         0x08003b68        0x8 
 .text.chThdCreateStatic
                0x08003b70       0x7c C:\Users\Ridwane\AppData\Local\Temp\ccG6qa3f.ltrans0.ltrans.o
                0x08003b70                chThdCreateStatic
 *fill*         0x08003bec        0x4 
 .text.rt_test_007_005_execute.lto_priv.0
                0x08003bf0       0x88 C:\Users\Ridwane\AppData\Local\Temp\ccG6qa3f.ltrans0.ltrans.o
                0x08003bf0                rt_test_007_005_execute.lto_priv.0
 *fill*         0x08003c78        0x8 
 .text.rt_test_007_006_execute.lto_priv.0
                0x08003c80      0x214 C:\Users\Ridwane\AppData\Local\Temp\ccG6qa3f.ltrans0.ltrans.o
                0x08003c80                rt_test_007_006_execute.lto_priv.0
 *fill*         0x08003e94        0xc 
 .text.chThdExit
                0x08003ea0       0x88 C:\Users\Ridwane\AppData\Local\Temp\ccG6qa3f.ltrans0.ltrans.o
                0x08003ea0                chThdExit
 *fill*         0x08003f28        0x8 
 .text.Thread1.lto_priv.1
                0x08003f30       0x94 C:\Users\Ridwane\AppData\Local\Temp\ccG6qa3f.ltrans0.ltrans.o
 *fill*         0x08003fc4        0xc 
 .text.chTMStartMeasurementX
                0x08003fd0        0xc C:\Users\Ridwane\AppData\Local\Temp\ccG6qa3f.ltrans0.ltrans.o
                0x08003fd0                chTMStartMeasurementX
 *fill*         0x08003fdc        0x4 
 .text.chTMStopMeasurementX
                0x08003fe0       0x44 C:\Users\Ridwane\AppData\Local\Temp\ccG6qa3f.ltrans0.ltrans.o
                0x08003fe0                chTMStopMeasurementX
 *fill*         0x08004024        0xc 
 .text.chMtxLockS
                0x08004030       0xe4 C:\Users\Ridwane\AppData\Local\Temp\ccG6qa3f.ltrans0.ltrans.o
                0x08004030                chMtxLockS
 *fill*         0x08004114        0xc 
 .text.thread4B
                0x08004120       0x4c C:\Users\Ridwane\AppData\Local\Temp\ccG6qa3f.ltrans0.ltrans.o
 *fill*         0x0800416c        0x4 
 .text.chMtxUnlock
                0x08004170       0x84 C:\Users\Ridwane\AppData\Local\Temp\ccG6qa3f.ltrans0.ltrans.o
                0x08004170                chMtxUnlock
 *fill*         0x080041f4        0xc 
 .text.chHeapStatus
                0x08004200       0x6c C:\Users\Ridwane\AppData\Local\Temp\ccG6qa3f.ltrans0.ltrans.o
                0x08004200                chHeapStatus
 *fill*         0x0800426c        0x4 
 .text.thread1.lto_priv.2
                0x08004270       0x3c C:\Users\Ridwane\AppData\Local\Temp\ccG6qa3f.ltrans0.ltrans.o
 *fill*         0x080042ac        0x4 
 .text.thread4A
                0x080042b0       0x78 C:\Users\Ridwane\AppData\Local\Temp\ccG6qa3f.ltrans0.ltrans.o
 *fill*         0x08004328        0x8 
 .text.thread6  0x08004330       0xa0 C:\Users\Ridwane\AppData\Local\Temp\ccG6qa3f.ltrans0.ltrans.o
 .text.thread8  0x080043d0       0xc0 C:\Users\Ridwane\AppData\Local\Temp\ccG6qa3f.ltrans0.ltrans.o
 .text.thread9  0x08004490       0x3c C:\Users\Ridwane\AppData\Local\Temp\ccG6qa3f.ltrans0.ltrans.o
 *fill*         0x080044cc        0x4 
 .text.rt_test_008_004_execute.lto_priv.0
                0x080044d0      0x120 C:\Users\Ridwane\AppData\Local\Temp\ccG6qa3f.ltrans0.ltrans.o
                0x080044d0                rt_test_008_004_execute.lto_priv.0
 .text.rt_test_008_005_execute.lto_priv.0
                0x080045f0      0x190 C:\Users\Ridwane\AppData\Local\Temp\ccG6qa3f.ltrans0.ltrans.o
                0x080045f0                rt_test_008_005_execute.lto_priv.0
 .text.chHeapAllocAligned
                0x08004780       0xfc C:\Users\Ridwane\AppData\Local\Temp\ccG6qa3f.ltrans0.ltrans.o
                0x08004780                chHeapAllocAligned
 *fill*         0x0800487c        0x4 
 .text.chHeapFree
                0x08004880       0xa0 C:\Users\Ridwane\AppData\Local\Temp\ccG6qa3f.ltrans0.ltrans.o
                0x08004880                chHeapFree
 .text.chThdRelease.part.0
                0x08004920       0x3c C:\Users\Ridwane\AppData\Local\Temp\ccG6qa3f.ltrans0.ltrans.o
 *fill*         0x0800495c        0x4 
 .text.chThdWait
                0x08004960       0x70 C:\Users\Ridwane\AppData\Local\Temp\ccG6qa3f.ltrans0.ltrans.o
 .text.rt_test_010_003_execute.lto_priv.0
                0x080049d0      0x11c C:\Users\Ridwane\AppData\Local\Temp\ccG6qa3f.ltrans0.ltrans.o
                0x080049d0                rt_test_010_003_execute.lto_priv.0
 *fill*         0x08004aec        0x4 
 .text.rt_test_005_002_execute.lto_priv.0
                0x08004af0      0x250 C:\Users\Ridwane\AppData\Local\Temp\ccG6qa3f.ltrans0.ltrans.o
                0x08004af0                rt_test_005_002_execute.lto_priv.0
 .text.rt_test_006_001_execute.lto_priv.0
                0x08004d40      0x114 C:\Users\Ridwane\AppData\Local\Temp\ccG6qa3f.ltrans0.ltrans.o
                0x08004d40                rt_test_006_001_execute.lto_priv.0
 *fill*         0x08004e54        0xc 
 .text.rt_test_007_002_execute.lto_priv.0
                0x08004e60      0x1ac C:\Users\Ridwane\AppData\Local\Temp\ccG6qa3f.ltrans0.ltrans.o
                0x08004e60                rt_test_007_002_execute.lto_priv.0
 *fill*         0x0800500c        0x4 
 .text.rt_test_007_003_execute.lto_priv.0
                0x08005010      0x1bc C:\Users\Ridwane\AppData\Local\Temp\ccG6qa3f.ltrans0.ltrans.o
                0x08005010                rt_test_007_003_execute.lto_priv.0
 *fill*         0x080051cc        0x4 
 .text.rt_test_007_004_execute.lto_priv.0
                0x080051d0      0x100 C:\Users\Ridwane\AppData\Local\Temp\ccG6qa3f.ltrans0.ltrans.o
                0x080051d0                rt_test_007_004_execute.lto_priv.0
 .text.rt_test_007_005_teardown
                0x080052d0       0x24 C:\Users\Ridwane\AppData\Local\Temp\ccG6qa3f.ltrans0.ltrans.o
                0x080052d0                rt_test_007_005_teardown.lto_priv.0
 *fill*         0x080052f4        0xc 
 .text.rt_test_007_006_teardown.lto_priv.0
                0x08005300       0x24 C:\Users\Ridwane\AppData\Local\Temp\ccG6qa3f.ltrans0.ltrans.o
                0x08005300                rt_test_007_006_teardown.lto_priv.0
 *fill*         0x08005324        0xc 
 .text.rt_test_008_001_execute.lto_priv.0
                0x08005330      0x130 C:\Users\Ridwane\AppData\Local\Temp\ccG6qa3f.ltrans0.ltrans.o
                0x08005330                rt_test_008_001_execute.lto_priv.0
 .text.rt_test_008_004_teardown
                0x08005460       0x24 C:\Users\Ridwane\AppData\Local\Temp\ccG6qa3f.ltrans0.ltrans.o
                0x08005460                rt_test_008_004_teardown.lto_priv.0
 *fill*         0x08005484        0xc 
 .text.rt_test_008_007_execute.lto_priv.0
                0x08005490      0x1cc C:\Users\Ridwane\AppData\Local\Temp\ccG6qa3f.ltrans0.ltrans.o
                0x08005490                rt_test_008_007_execute.lto_priv.0
 *fill*         0x0800565c        0x4 
 .text.rt_test_008_008_execute.lto_priv.0
                0x08005660      0x138 C:\Users\Ridwane\AppData\Local\Temp\ccG6qa3f.ltrans0.ltrans.o
                0x08005660                rt_test_008_008_execute.lto_priv.0
 *fill*         0x08005798        0x8 
 .text.rt_test_008_009_execute.lto_priv.0
                0x080057a0      0x100 C:\Users\Ridwane\AppData\Local\Temp\ccG6qa3f.ltrans0.ltrans.o
                0x080057a0                rt_test_008_009_execute.lto_priv.0
 .text.rt_test_009_001_execute.lto_priv.0
                0x080058a0       0xe8 C:\Users\Ridwane\AppData\Local\Temp\ccG6qa3f.ltrans0.ltrans.o
                0x080058a0                rt_test_009_001_execute.lto_priv.0
 *fill*         0x08005988        0x8 
 .text.rt_test_010_004_execute.lto_priv.0
                0x08005990      0x180 C:\Users\Ridwane\AppData\Local\Temp\ccG6qa3f.ltrans0.ltrans.o
                0x08005990                rt_test_010_004_execute.lto_priv.0
 .text.rt_test_010_005_execute.lto_priv.0
                0x08005b10      0x174 C:\Users\Ridwane\AppData\Local\Temp\ccG6qa3f.ltrans0.ltrans.o
                0x08005b10                rt_test_010_005_execute.lto_priv.0
 *fill*         0x08005c84        0xc 
 .text.rt_test_010_007_execute.lto_priv.0
                0x08005c90      0x1f0 C:\Users\Ridwane\AppData\Local\Temp\ccG6qa3f.ltrans0.ltrans.o
                0x08005c90                rt_test_010_007_execute.lto_priv.0
 .text.rt_test_011_001_execute.lto_priv.0
                0x08005e80      0x1e8 C:\Users\Ridwane\AppData\Local\Temp\ccG6qa3f.ltrans0.ltrans.o
                0x08005e80                rt_test_011_001_execute.lto_priv.0
 *fill*         0x08006068        0x8 
 .text.rt_test_011_002_execute.lto_priv.0
                0x08006070      0x1a4 C:\Users\Ridwane\AppData\Local\Temp\ccG6qa3f.ltrans0.ltrans.o
                0x08006070                rt_test_011_002_execute.lto_priv.0
 *fill*         0x08006214        0xc 
 .text.oslib_test_004_001_execute.lto_priv.0
                0x08006220      0x1e4 C:\Users\Ridwane\AppData\Local\Temp\ccG6qa3f.ltrans0.ltrans.o
                0x08006220                oslib_test_004_001_execute.lto_priv.0
 *fill*         0x08006404        0xc 
 .text.oslib_test_005_001_execute.lto_priv.0
                0x08006410      0x148 C:\Users\Ridwane\AppData\Local\Temp\ccG6qa3f.ltrans0.ltrans.o
                0x08006410                oslib_test_005_001_execute.lto_priv.0
 *fill*         0x08006558        0x8 
 .text.dyn_create_object_heap.lto_priv.0
                0x08006560       0x64 C:\Users\Ridwane\AppData\Local\Temp\ccG6qa3f.ltrans0.ltrans.o
                0x08006560                dyn_create_object_heap.lto_priv.0
 *fill*         0x080065c4        0xc 
 .text.chFactoryReleaseObject
                0x080065d0       0x64 C:\Users\Ridwane\AppData\Local\Temp\ccG6qa3f.ltrans0.ltrans.o
                0x080065d0                chFactoryReleaseObject
 *fill*         0x08006634        0xc 
 .text.chFactoryReleaseBuffer
                0x08006640       0x50 C:\Users\Ridwane\AppData\Local\Temp\ccG6qa3f.ltrans0.ltrans.o
                0x08006640                chFactoryReleaseBuffer
 .text.chFactoryReleaseSemaphore
                0x08006690       0x64 C:\Users\Ridwane\AppData\Local\Temp\ccG6qa3f.ltrans0.ltrans.o
                0x08006690                chFactoryReleaseSemaphore
 *fill*         0x080066f4        0xc 
 .text.chFactoryReleaseMailbox
                0x08006700       0x50 C:\Users\Ridwane\AppData\Local\Temp\ccG6qa3f.ltrans0.ltrans.o
                0x08006700                chFactoryReleaseMailbox
 .text.chFactoryReleaseObjectsFIFO
                0x08006750       0x50 C:\Users\Ridwane\AppData\Local\Temp\ccG6qa3f.ltrans0.ltrans.o
                0x08006750                chFactoryReleaseObjectsFIFO
 .text.chFactoryReleasePipe
                0x080067a0       0x50 C:\Users\Ridwane\AppData\Local\Temp\ccG6qa3f.ltrans0.ltrans.o
                0x080067a0                chFactoryReleasePipe
 .text.SVC_Handler
                0x080067f0       0x14 C:\Users\Ridwane\AppData\Local\Temp\ccG6qa3f.ltrans0.ltrans.o
                0x080067f0                SVC_Handler
 *fill*         0x08006804        0xc 
 .text.__test_assert
                0x08006810       0x18 C:\Users\Ridwane\AppData\Local\Temp\ccG6qa3f.ltrans0.ltrans.o
                0x08006810                __test_assert
 *fill*         0x08006828        0x8 
 .text.oslib_test_002_001_execute.lto_priv.0
                0x08006830      0x320 C:\Users\Ridwane\AppData\Local\Temp\ccG6qa3f.ltrans0.ltrans.o
                0x08006830                oslib_test_002_001_execute.lto_priv.0
 .text.oslib_test_002_002_execute.lto_priv.0
                0x08006b50      0x424 C:\Users\Ridwane\AppData\Local\Temp\ccG6qa3f.ltrans0.ltrans.o
                0x08006b50                oslib_test_002_002_execute.lto_priv.0
 *fill*         0x08006f74        0xc 
 .text.oslib_test_003_001_execute.lto_priv.0
                0x08006f80      0x48c C:\Users\Ridwane\AppData\Local\Temp\ccG6qa3f.ltrans0.ltrans.o
                0x08006f80                oslib_test_003_001_execute.lto_priv.0
 *fill*         0x0800740c        0x4 
 .text.oslib_test_008_001_execute.lto_priv.0
                0x08007410      0x43c C:\Users\Ridwane\AppData\Local\Temp\ccG6qa3f.ltrans0.ltrans.o
                0x08007410                oslib_test_008_001_execute.lto_priv.0
 *fill*         0x0800784c        0x4 
 .text.test_printf
                0x08007850      0x430 C:\Users\Ridwane\AppData\Local\Temp\ccG6qa3f.ltrans0.ltrans.o
                0x08007850                test_printf
 .text.rt_test_001_001_execute.lto_priv.0
                0x08007c80       0xdc C:\Users\Ridwane\AppData\Local\Temp\ccG6qa3f.ltrans0.ltrans.o
                0x08007c80                rt_test_001_001_execute.lto_priv.0
 *fill*         0x08007d5c        0x4 
 .text.oslib_test_001_001_execute
                0x08007d60        0x4 C:\Users\Ridwane\AppData\Local\Temp\ccG6qa3f.ltrans0.ltrans.o
                0x08007d60                oslib_test_001_001_execute.lto_priv.0
 *fill*         0x08007d64        0xc 
 .text.rt_test_001_002_execute.lto_priv.0
                0x08007d70       0xbc C:\Users\Ridwane\AppData\Local\Temp\ccG6qa3f.ltrans0.ltrans.o
                0x08007d70                rt_test_001_002_execute.lto_priv.0
 *fill*         0x08007e2c        0x4 
 .text.rt_test_001_003_execute.lto_priv.0
                0x08007e30      0x3b0 C:\Users\Ridwane\AppData\Local\Temp\ccG6qa3f.ltrans0.ltrans.o
                0x08007e30                rt_test_001_003_execute.lto_priv.0
 .text.rt_test_012_001_execute.lto_priv.0
                0x080081e0       0xb0 C:\Users\Ridwane\AppData\Local\Temp\ccG6qa3f.ltrans0.ltrans.o
                0x080081e0                rt_test_012_001_execute.lto_priv.0
 .text.rt_test_012_002_execute.lto_priv.0
                0x08008290       0xb0 C:\Users\Ridwane\AppData\Local\Temp\ccG6qa3f.ltrans0.ltrans.o
                0x08008290                rt_test_012_002_execute.lto_priv.0
 .text.rt_test_012_003_execute.lto_priv.0
                0x08008340      0x124 C:\Users\Ridwane\AppData\Local\Temp\ccG6qa3f.ltrans0.ltrans.o
                0x08008340                rt_test_012_003_execute.lto_priv.0
 *fill*         0x08008464        0xc 
 .text.rt_test_012_004_execute.lto_priv.0
                0x08008470      0x114 C:\Users\Ridwane\AppData\Local\Temp\ccG6qa3f.ltrans0.ltrans.o
                0x08008470                rt_test_012_004_execute.lto_priv.0
 *fill*         0x08008584        0xc 
 .text.rt_test_012_005_execute.lto_priv.0
                0x08008590       0xb4 C:\Users\Ridwane\AppData\Local\Temp\ccG6qa3f.ltrans0.ltrans.o
                0x08008590                rt_test_012_005_execute.lto_priv.0
 *fill*         0x08008644        0xc 
 .text.rt_test_012_006_execute.lto_priv.0
                0x08008650       0xd8 C:\Users\Ridwane\AppData\Local\Temp\ccG6qa3f.ltrans0.ltrans.o
                0x08008650                rt_test_012_006_execute.lto_priv.0
 *fill*         0x08008728        0x8 
 .text.rt_test_012_007_execute.lto_priv.0
                0x08008730      0x18c C:\Users\Ridwane\AppData\Local\Temp\ccG6qa3f.ltrans0.ltrans.o
                0x08008730                rt_test_012_007_execute.lto_priv.0
 *fill*         0x080088bc        0x4 
 .text.rt_test_012_008_execute.lto_priv.0
                0x080088c0      0x144 C:\Users\Ridwane\AppData\Local\Temp\ccG6qa3f.ltrans0.ltrans.o
                0x080088c0                rt_test_012_008_execute.lto_priv.0
 *fill*         0x08008a04        0xc 
 .text.rt_test_012_009_execute.lto_priv.0
                0x08008a10       0xcc C:\Users\Ridwane\AppData\Local\Temp\ccG6qa3f.ltrans0.ltrans.o
                0x08008a10                rt_test_012_009_execute.lto_priv.0
 *fill*         0x08008adc        0x4 
 .text.rt_test_012_010_execute.lto_priv.0
                0x08008ae0      0x1f8 C:\Users\Ridwane\AppData\Local\Temp\ccG6qa3f.ltrans0.ltrans.o
                0x08008ae0                rt_test_012_010_execute.lto_priv.0
 *fill*         0x08008cd8        0x8 
 .text.rt_test_012_011_execute.lto_priv.0
                0x08008ce0       0xd8 C:\Users\Ridwane\AppData\Local\Temp\ccG6qa3f.ltrans0.ltrans.o
                0x08008ce0                rt_test_012_011_execute.lto_priv.0
 *fill*         0x08008db8        0x8 
 .text.rt_test_012_012_execute.lto_priv.0
                0x08008dc0      0x14c C:\Users\Ridwane\AppData\Local\Temp\ccG6qa3f.ltrans0.ltrans.o
                0x08008dc0                rt_test_012_012_execute.lto_priv.0
 *fill*         0x08008f0c        0x4 
 .text.oslib_test_001_002_execute.lto_priv.0
                0x08008f10       0xc4 C:\Users\Ridwane\AppData\Local\Temp\ccG6qa3f.ltrans0.ltrans.o
                0x08008f10                oslib_test_001_002_execute.lto_priv.0
 *fill*         0x08008fd4        0xc 
 .text.oslib_test_001_003_execute.lto_priv.0
                0x08008fe0      0x1ec C:\Users\Ridwane\AppData\Local\Temp\ccG6qa3f.ltrans0.ltrans.o
                0x08008fe0                oslib_test_001_003_execute.lto_priv.0
 *fill*         0x080091cc        0x4 
 .text.KeccakF1600_StatePermute
                0x080091d0     0x1154 C:\Users\Ridwane\AppData\Local\Temp\ccG6qa3f.ltrans1.ltrans.o
 *fill*         0x0800a324        0xc 
 .text.pqcrystals_fips202_ref_shake256_finalize
                0x0800a330       0x54 C:\Users\Ridwane\AppData\Local\Temp\ccG6qa3f.ltrans1.ltrans.o
 *fill*         0x0800a384        0xc 
 .text.keccak_absorb.constprop.0
                0x0800a390      0x24c C:\Users\Ridwane\AppData\Local\Temp\ccG6qa3f.ltrans1.ltrans.o
 *fill*         0x0800a5dc        0x4 
 .text.keccak_squeeze.constprop.0
                0x0800a5e0      0x258 C:\Users\Ridwane\AppData\Local\Temp\ccG6qa3f.ltrans1.ltrans.o
 *fill*         0x0800a838        0x8 
 .text.pqcrystals_fips202_ref_shake256
                0x0800a840       0x44 C:\Users\Ridwane\AppData\Local\Temp\ccG6qa3f.ltrans1.ltrans.o
 *fill*         0x0800a884        0xc 
 .text._pal_lld_setgroupmode.constprop.0
                0x0800a890       0x90 C:\Users\Ridwane\AppData\Local\Temp\ccG6qa3f.ltrans1.ltrans.o
 .text.sdObjectInit.constprop.0
                0x0800a920       0x58 C:\Users\Ridwane\AppData\Local\Temp\ccG6qa3f.ltrans1.ltrans.o
 *fill*         0x0800a978        0x8 
 .text.oslib_test_008_002_execute
                0x0800a980       0x7c C:\Users\Ridwane\AppData\Local\Temp\ccG6qa3f.ltrans1.ltrans.o
 *fill*         0x0800a9fc        0x4 
 .text.chFactoryCreateSemaphore.constprop.0
                0x0800aa00       0xc0 C:\Users\Ridwane\AppData\Local\Temp\ccG6qa3f.ltrans1.ltrans.o
 .text.oslib_test_009_005_teardown
                0x0800aac0       0xac C:\Users\Ridwane\AppData\Local\Temp\ccG6qa3f.ltrans1.ltrans.o
 *fill*         0x0800ab6c        0x4 
 .text.oslib_test_009_001_teardown
                0x0800ab70       0x68 C:\Users\Ridwane\AppData\Local\Temp\ccG6qa3f.ltrans1.ltrans.o
 *fill*         0x0800abd8        0x8 
 .text.oslib_test_009_002_teardown
                0x0800abe0       0xac C:\Users\Ridwane\AppData\Local\Temp\ccG6qa3f.ltrans1.ltrans.o
 *fill*         0x0800ac8c        0x4 
 .text.oslib_test_009_004_teardown
                0x0800ac90       0xac C:\Users\Ridwane\AppData\Local\Temp\ccG6qa3f.ltrans1.ltrans.o
 *fill*         0x0800ad3c        0x4 
 .text.oslib_test_009_006_teardown
                0x0800ad40       0xac C:\Users\Ridwane\AppData\Local\Temp\ccG6qa3f.ltrans1.ltrans.o
 *fill*         0x0800adec        0x4 
 .text.chFactoryFindPipe.constprop.0
                0x0800adf0       0x60 C:\Users\Ridwane\AppData\Local\Temp\ccG6qa3f.ltrans1.ltrans.o
 .text.chFactoryFindObjectsFIFO.constprop.0
                0x0800ae50       0x60 C:\Users\Ridwane\AppData\Local\Temp\ccG6qa3f.ltrans1.ltrans.o
 .text.chFactoryFindMailbox.constprop.0
                0x0800aeb0       0x60 C:\Users\Ridwane\AppData\Local\Temp\ccG6qa3f.ltrans1.ltrans.o
 .text.chFactoryFindSemaphore.constprop.0
                0x0800af10       0x60 C:\Users\Ridwane\AppData\Local\Temp\ccG6qa3f.ltrans1.ltrans.o
 .text.chFactoryFindBuffer.constprop.0
                0x0800af70       0x60 C:\Users\Ridwane\AppData\Local\Temp\ccG6qa3f.ltrans1.ltrans.o
 .text.chFactoryFindObject.constprop.0
                0x0800afd0       0x60 C:\Users\Ridwane\AppData\Local\Temp\ccG6qa3f.ltrans1.ltrans.o
 .text.chFactoryRegisterObject.constprop.0
                0x0800b030       0xc4 C:\Users\Ridwane\AppData\Local\Temp\ccG6qa3f.ltrans1.ltrans.o
 *fill*         0x0800b0f4        0xc 
 .text.oslib_test_009_001_execute
                0x0800b100      0x160 C:\Users\Ridwane\AppData\Local\Temp\ccG6qa3f.ltrans1.ltrans.o
 .text.chFactoryCreatePipe.constprop.0
                0x0800b260       0x70 C:\Users\Ridwane\AppData\Local\Temp\ccG6qa3f.ltrans1.ltrans.o
 .text.oslib_test_009_006_execute
                0x0800b2d0      0x120 C:\Users\Ridwane\AppData\Local\Temp\ccG6qa3f.ltrans1.ltrans.o
 .text.chFactoryCreateMailbox.constprop.0
                0x0800b3f0       0x60 C:\Users\Ridwane\AppData\Local\Temp\ccG6qa3f.ltrans1.ltrans.o
 .text.oslib_test_009_004_execute
                0x0800b450      0x120 C:\Users\Ridwane\AppData\Local\Temp\ccG6qa3f.ltrans1.ltrans.o
 .text.oslib_test_009_002_execute
                0x0800b570      0x194 C:\Users\Ridwane\AppData\Local\Temp\ccG6qa3f.ltrans1.ltrans.o
 *fill*         0x0800b704        0xc 
 .text.oslib_test_009_003_teardown
                0x0800b710       0x68 C:\Users\Ridwane\AppData\Local\Temp\ccG6qa3f.ltrans1.ltrans.o
 *fill*         0x0800b778        0x8 
 .text.oslib_test_009_003_execute
                0x0800b780      0x120 C:\Users\Ridwane\AppData\Local\Temp\ccG6qa3f.ltrans1.ltrans.o
 .text.chFactoryCreateObjectsFIFO.constprop.0
                0x0800b8a0       0xfc C:\Users\Ridwane\AppData\Local\Temp\ccG6qa3f.ltrans1.ltrans.o
 *fill*         0x0800b99c        0x4 
 .text.oslib_test_009_005_execute
                0x0800b9a0      0x120 C:\Users\Ridwane\AppData\Local\Temp\ccG6qa3f.ltrans1.ltrans.o
 .text._read_r  0x0800bac0        0xc C:\Users\Ridwane\AppData\Local\Temp\ccG6qa3f.ltrans1.ltrans.o
                0x0800bac0                _read_r
 *fill*         0x0800bacc        0x4 
 .text._lseek_r
                0x0800bad0        0x4 C:\Users\Ridwane\AppData\Local\Temp\ccG6qa3f.ltrans1.ltrans.o
                0x0800bad0                _lseek_r
 *fill*         0x0800bad4        0xc 
 .text._write_r
                0x0800bae0        0x4 C:\Users\Ridwane\AppData\Local\Temp\ccG6qa3f.ltrans1.ltrans.o
                0x0800bae0                _write_r
 *fill*         0x0800bae4        0xc 
 .text._open_r  0x0800baf0        0xc C:\Users\Ridwane\AppData\Local\Temp\ccG6qa3f.ltrans1.ltrans.o
                0x0800baf0                _open_r
 *fill*         0x0800bafc        0x4 
 .text._close_r
                0x0800bb00        0x4 C:\Users\Ridwane\AppData\Local\Temp\ccG6qa3f.ltrans1.ltrans.o
                0x0800bb00                _close_r
 *fill*         0x0800bb04        0xc 
 .text._sbrk_r  0x0800bb10       0x3c C:\Users\Ridwane\AppData\Local\Temp\ccG6qa3f.ltrans1.ltrans.o
                0x0800bb10                _sbrk_r
 *fill*         0x0800bb4c        0x4 
 .text._fstat_r
                0x0800bb50       0x18 C:\Users\Ridwane\AppData\Local\Temp\ccG6qa3f.ltrans1.ltrans.o
                0x0800bb50                _fstat_r
 *fill*         0x0800bb68        0x8 
 .text._isatty_r
                0x0800bb70        0x4 C:\Users\Ridwane\AppData\Local\Temp\ccG6qa3f.ltrans1.ltrans.o
                0x0800bb70                _isatty_r
 *fill*         0x0800bb74        0xc 
 .text._exit    0x0800bb80       0x20 C:\Users\Ridwane\AppData\Local\Temp\ccG6qa3f.ltrans1.ltrans.o
                0x0800bb80                _exit
 .text._kill    0x0800bba0       0x20 C:\Users\Ridwane\AppData\Local\Temp\ccG6qa3f.ltrans1.ltrans.o
                0x0800bba0                _kill
 .text._getpid  0x0800bbc0        0x4 C:\Users\Ridwane\AppData\Local\Temp\ccG6qa3f.ltrans1.ltrans.o
                0x0800bbc0                _getpid
 *fill*         0x0800bbc4        0xc 
 .text.chCacheGetObject.constprop.0
                0x0800bbd0      0x168 C:\Users\Ridwane\AppData\Local\Temp\ccG6qa3f.ltrans1.ltrans.o
                0x0800bbd0                chCacheGetObject.constprop.0
 *fill*         0x0800bd38        0x8 
 .text.chMBPostAheadI.constprop.0
                0x0800bd40       0x78 C:\Users\Ridwane\AppData\Local\Temp\ccG6qa3f.ltrans1.ltrans.o
                0x0800bd40                chMBPostAheadI.constprop.0
 *fill*         0x0800bdb8        0x8 
 .text.chMBPostAheadTimeout.constprop.0
                0x0800bdc0       0xc0 C:\Users\Ridwane\AppData\Local\Temp\ccG6qa3f.ltrans1.ltrans.o
                0x0800bdc0                chMBPostAheadTimeout.constprop.0
 .text.chMBReset.constprop.0
                0x0800be80       0xb0 C:\Users\Ridwane\AppData\Local\Temp\ccG6qa3f.ltrans1.ltrans.o
                0x0800be80                chMBReset.constprop.0
 .text.chThdCreateFromMemoryPool.constprop.0
                0x0800bf30       0x88 C:\Users\Ridwane\AppData\Local\Temp\ccG6qa3f.ltrans1.ltrans.o
                0x0800bf30                chThdCreateFromMemoryPool.constprop.0
 *fill*         0x0800bfb8        0x8 
 .text.chThdCreateFromHeap.constprop.0
                0x0800bfc0       0x60 C:\Users\Ridwane\AppData\Local\Temp\ccG6qa3f.ltrans1.ltrans.o
                0x0800bfc0                chThdCreateFromHeap.constprop.0
 .text.chEvtWaitOne.constprop.0
                0x0800c020       0x4c C:\Users\Ridwane\AppData\Local\Temp\ccG6qa3f.ltrans1.ltrans.o
                0x0800c020                chEvtWaitOne.constprop.0
 *fill*         0x0800c06c        0x4 
 .text.chSemResetWithMessage.constprop.0
                0x0800c070       0x60 C:\Users\Ridwane\AppData\Local\Temp\ccG6qa3f.ltrans1.ltrans.o
                0x0800c070                chSemResetWithMessage.constprop.0
 .text.vt_insert_first.constprop.0
                0x0800c0d0       0x60 C:\Users\Ridwane\AppData\Local\Temp\ccG6qa3f.ltrans1.ltrans.o
                0x0800c0d0                vt_insert_first.constprop.0
 .text.vt_enqueue.constprop.0
                0x0800c130       0x9c C:\Users\Ridwane\AppData\Local\Temp\ccG6qa3f.ltrans1.ltrans.o
                0x0800c130                vt_enqueue.constprop.0
 *fill*         0x0800c1cc        0x4 
 .text.Thread1  0x0800c1d0      0x86c C:\Users\Ridwane\AppData\Local\Temp\ccG6qa3f.ltrans1.ltrans.o
 *fill*         0x0800ca3c        0x4 
 .text.chPipeReadTimeout.part.0.constprop.0
                0x0800ca40       0xe0 C:\Users\Ridwane\AppData\Local\Temp\ccG6qa3f.ltrans1.ltrans.o
                0x0800ca40                chPipeReadTimeout.part.0.constprop.0
 .text.chPipeWriteTimeout.part.0.constprop.0
                0x0800cb20       0xe4 C:\Users\Ridwane\AppData\Local\Temp\ccG6qa3f.ltrans1.ltrans.o
                0x0800cb20                chPipeWriteTimeout.part.0.constprop.0
 *fill*         0x0800cc04        0xc 
 .text.test_execute_inner.isra.0
                0x0800cc10      0x2f0 C:\Users\Ridwane\AppData\Local\Temp\ccG6qa3f.ltrans1.ltrans.o
 .text.startup.main
                0x0800cf00      0x478 C:\Users\Ridwane\AppData\Local\Temp\ccG6qa3f.ltrans1.ltrans.o
                0x0800cf00                main
 *fill*         0x0800d378        0x8 
 .text.chSemSignalWait.constprop.0.isra.0
                0x0800d380       0x98 C:\Users\Ridwane\AppData\Local\Temp\ccG6qa3f.ltrans1.ltrans.o
                0x0800d380                chSemSignalWait.constprop.0.isra.0
 .text.rand     0x0800d418       0x7c c:/chibistudio/tools/gnu tools arm embedded/11.3 2022.08/bin/../lib/gcc/arm-none-eabi/11.3.1/thumb/v7e-m/nofp\libg_nano.a(libc_a-rand.o)
                0x0800d418                rand
 .text.__errno  0x0800d494        0xc c:/chibistudio/tools/gnu tools arm embedded/11.3 2022.08/bin/../lib/gcc/arm-none-eabi/11.3.1/thumb/v7e-m/nofp\libg_nano.a(libc_a-errno.o)
                0x0800d494                __errno
 .text.open     0x0800d4a0       0x28 c:/chibistudio/tools/gnu tools arm embedded/11.3 2022.08/bin/../lib/gcc/arm-none-eabi/11.3.1/thumb/v7e-m/nofp\libg_nano.a(libc_a-sysopen.o)
                0x0800d4a0                open
 .text.read     0x0800d4c8       0x14 c:/chibistudio/tools/gnu tools arm embedded/11.3 2022.08/bin/../lib/gcc/arm-none-eabi/11.3.1/thumb/v7e-m/nofp\libg_nano.a(libc_a-sysread.o)
                0x0800d4c8                read
 .text.__assert_func
                0x0800d4dc       0x3c c:/chibistudio/tools/gnu tools arm embedded/11.3 2022.08/bin/../lib/gcc/arm-none-eabi/11.3.1/thumb/v7e-m/nofp\libg_nano.a(libc_a-assert.o)
                0x0800d4dc                __assert_func
 .text.malloc   0x0800d518       0x10 c:/chibistudio/tools/gnu tools arm embedded/11.3 2022.08/bin/../lib/gcc/arm-none-eabi/11.3.1/thumb/v7e-m/nofp\libg_nano.a(libc_a-malloc.o)
                0x0800d518                malloc
 .text.sbrk_aligned
                0x0800d528       0x40 c:/chibistudio/tools/gnu tools arm embedded/11.3 2022.08/bin/../lib/gcc/arm-none-eabi/11.3.1/thumb/v7e-m/nofp\libg_nano.a(libc_a-mallocr.o)
 .text._malloc_r
                0x0800d568       0xec c:/chibistudio/tools/gnu tools arm embedded/11.3 2022.08/bin/../lib/gcc/arm-none-eabi/11.3.1/thumb/v7e-m/nofp\libg_nano.a(libc_a-mallocr.o)
                0x0800d568                _malloc_r
 .text.__malloc_lock
                0x0800d654        0xc c:/chibistudio/tools/gnu tools arm embedded/11.3 2022.08/bin/../lib/gcc/arm-none-eabi/11.3.1/thumb/v7e-m/nofp\libg_nano.a(libc_a-mlock.o)
                0x0800d654                __malloc_lock
 .text.__malloc_unlock
                0x0800d660        0xc c:/chibistudio/tools/gnu tools arm embedded/11.3 2022.08/bin/../lib/gcc/arm-none-eabi/11.3.1/thumb/v7e-m/nofp\libg_nano.a(libc_a-mlock.o)
                0x0800d660                __malloc_unlock
 .text.fprintf  0x0800d66c       0x24 c:/chibistudio/tools/gnu tools arm embedded/11.3 2022.08/bin/../lib/gcc/arm-none-eabi/11.3.1/thumb/v7e-m/nofp\libg_nano.a(libc_a-fprintf.o)
                0x0800d66c                fiprintf
                0x0800d66c                fprintf
 .text.__retarget_lock_acquire_recursive
                0x0800d690        0x2 c:/chibistudio/tools/gnu tools arm embedded/11.3 2022.08/bin/../lib/gcc/arm-none-eabi/11.3.1/thumb/v7e-m/nofp\libg_nano.a(libc_a-lock.o)
                0x0800d690                __retarget_lock_acquire_recursive
 .text.__retarget_lock_release_recursive
                0x0800d692        0x2 c:/chibistudio/tools/gnu tools arm embedded/11.3 2022.08/bin/../lib/gcc/arm-none-eabi/11.3.1/thumb/v7e-m/nofp\libg_nano.a(libc_a-lock.o)
                0x0800d692                __retarget_lock_release_recursive
 .text.abort    0x0800d694        0xe c:/chibistudio/tools/gnu tools arm embedded/11.3 2022.08/bin/../lib/gcc/arm-none-eabi/11.3.1/thumb/v7e-m/nofp\libg_nano.a(libc_a-abort.o)
                0x0800d694                abort
 *fill*         0x0800d6a2        0x2 
 .text._free_r  0x0800d6a4       0x94 c:/chibistudio/tools/gnu tools arm embedded/11.3 2022.08/bin/../lib/gcc/arm-none-eabi/11.3.1/thumb/v7e-m/nofp\libg_nano.a(libc_a-freer.o)
                0x0800d6a4                _free_r
 .text.__sfputc_r
                0x0800d738       0x2a c:/chibistudio/tools/gnu tools arm embedded/11.3 2022.08/bin/../lib/gcc/arm-none-eabi/11.3.1/thumb/v7e-m/nofp\libg_nano.a(libc_a-nano-vfprintf.o)
 .text.__sfputs_r
                0x0800d762       0x24 c:/chibistudio/tools/gnu tools arm embedded/11.3 2022.08/bin/../lib/gcc/arm-none-eabi/11.3.1/thumb/v7e-m/nofp\libg_nano.a(libc_a-nano-vfprintf.o)
                0x0800d762                __sfputs_r
 *fill*         0x0800d786        0x2 
 .text._vfprintf_r
                0x0800d788      0x234 c:/chibistudio/tools/gnu tools arm embedded/11.3 2022.08/bin/../lib/gcc/arm-none-eabi/11.3.1/thumb/v7e-m/nofp\libg_nano.a(libc_a-nano-vfprintf.o)
                0x0800d788                _vfprintf_r
                0x0800d788                _vfiprintf_r
 .text._printf_common
                0x0800d9bc       0xda c:/chibistudio/tools/gnu tools arm embedded/11.3 2022.08/bin/../lib/gcc/arm-none-eabi/11.3.1/thumb/v7e-m/nofp\libg_nano.a(libc_a-nano-vfprintf_i.o)
                0x0800d9bc                _printf_common
 *fill*         0x0800da96        0x2 
 .text._printf_i
                0x0800da98      0x244 c:/chibistudio/tools/gnu tools arm embedded/11.3 2022.08/bin/../lib/gcc/arm-none-eabi/11.3.1/thumb/v7e-m/nofp\libg_nano.a(libc_a-nano-vfprintf_i.o)
                0x0800da98                _printf_i
 .text.std      0x0800dcdc       0x48 c:/chibistudio/tools/gnu tools arm embedded/11.3 2022.08/bin/../lib/gcc/arm-none-eabi/11.3.1/thumb/v7e-m/nofp\libg_nano.a(libc_a-findfp.o)
 .text.stdio_exit_handler
                0x0800dd24       0x18 c:/chibistudio/tools/gnu tools arm embedded/11.3 2022.08/bin/../lib/gcc/arm-none-eabi/11.3.1/thumb/v7e-m/nofp\libg_nano.a(libc_a-findfp.o)
 .text.cleanup_stdio
                0x0800dd3c       0x40 c:/chibistudio/tools/gnu tools arm embedded/11.3 2022.08/bin/../lib/gcc/arm-none-eabi/11.3.1/thumb/v7e-m/nofp\libg_nano.a(libc_a-findfp.o)
 .text.global_stdio_init.part.0
                0x0800dd7c       0x3c c:/chibistudio/tools/gnu tools arm embedded/11.3 2022.08/bin/../lib/gcc/arm-none-eabi/11.3.1/thumb/v7e-m/nofp\libg_nano.a(libc_a-findfp.o)
 .text.__sfp_lock_acquire
                0x0800ddb8        0xc c:/chibistudio/tools/gnu tools arm embedded/11.3 2022.08/bin/../lib/gcc/arm-none-eabi/11.3.1/thumb/v7e-m/nofp\libg_nano.a(libc_a-findfp.o)
                0x0800ddb8                __sfp_lock_acquire
 .text.__sfp_lock_release
                0x0800ddc4        0xc c:/chibistudio/tools/gnu tools arm embedded/11.3 2022.08/bin/../lib/gcc/arm-none-eabi/11.3.1/thumb/v7e-m/nofp\libg_nano.a(libc_a-findfp.o)
                0x0800ddc4                __sfp_lock_release
 .text.__sinit  0x0800ddd0       0x30 c:/chibistudio/tools/gnu tools arm embedded/11.3 2022.08/bin/../lib/gcc/arm-none-eabi/11.3.1/thumb/v7e-m/nofp\libg_nano.a(libc_a-findfp.o)
                0x0800ddd0                __sinit
 .text._fwalk_sglue
                0x0800de00       0x3c c:/chibistudio/tools/gnu tools arm embedded/11.3 2022.08/bin/../lib/gcc/arm-none-eabi/11.3.1/thumb/v7e-m/nofp\libg_nano.a(libc_a-fwalk.o)
                0x0800de00                _fwalk_sglue
 .text.__sread  0x0800de3c       0x22 c:/chibistudio/tools/gnu tools arm embedded/11.3 2022.08/bin/../lib/gcc/arm-none-eabi/11.3.1/thumb/v7e-m/nofp\libg_nano.a(libc_a-stdio.o)
                0x0800de3c                __sread
 .text.__swrite
                0x0800de5e       0x38 c:/chibistudio/tools/gnu tools arm embedded/11.3 2022.08/bin/../lib/gcc/arm-none-eabi/11.3.1/thumb/v7e-m/nofp\libg_nano.a(libc_a-stdio.o)
                0x0800de5e                __swrite
 .text.__sseek  0x0800de96       0x24 c:/chibistudio/tools/gnu tools arm embedded/11.3 2022.08/bin/../lib/gcc/arm-none-eabi/11.3.1/thumb/v7e-m/nofp\libg_nano.a(libc_a-stdio.o)
                0x0800de96                __sseek
 .text.__sclose
                0x0800deba        0x8 c:/chibistudio/tools/gnu tools arm embedded/11.3 2022.08/bin/../lib/gcc/arm-none-eabi/11.3.1/thumb/v7e-m/nofp\libg_nano.a(libc_a-stdio.o)
                0x0800deba                __sclose
 .text.__swbuf_r
                0x0800dec2       0x7a c:/chibistudio/tools/gnu tools arm embedded/11.3 2022.08/bin/../lib/gcc/arm-none-eabi/11.3.1/thumb/v7e-m/nofp\libg_nano.a(libc_a-wbuf.o)
                0x0800dec2                __swbuf_r
 .text.__swsetup_r
                0x0800df3c       0xb0 c:/chibistudio/tools/gnu tools arm embedded/11.3 2022.08/bin/../lib/gcc/arm-none-eabi/11.3.1/thumb/v7e-m/nofp\libg_nano.a(libc_a-wsetup.o)
                0x0800df3c                __swsetup_r
 .text.memset   0x0800dfec       0x10 c:/chibistudio/tools/gnu tools arm embedded/11.3 2022.08/bin/../lib/gcc/arm-none-eabi/11.3.1/thumb/v7e-m/nofp\libg_nano.a(libc_a-memset.o)
                0x0800dfec                memset
 .text._raise_r
                0x0800dffc       0x50 c:/chibistudio/tools/gnu tools arm embedded/11.3 2022.08/bin/../lib/gcc/arm-none-eabi/11.3.1/thumb/v7e-m/nofp\libg_nano.a(libc_a-signal.o)
                0x0800dffc                _raise_r
 .text.raise    0x0800e04c       0x10 c:/chibistudio/tools/gnu tools arm embedded/11.3 2022.08/bin/../lib/gcc/arm-none-eabi/11.3.1/thumb/v7e-m/nofp\libg_nano.a(libc_a-signal.o)
                0x0800e04c                raise
 .text._kill_r  0x0800e05c       0x24 c:/chibistudio/tools/gnu tools arm embedded/11.3 2022.08/bin/../lib/gcc/arm-none-eabi/11.3.1/thumb/v7e-m/nofp\libg_nano.a(libc_a-signalr.o)
                0x0800e05c                _kill_r
 .text._getpid_r
                0x0800e080        0x4 c:/chibistudio/tools/gnu tools arm embedded/11.3 2022.08/bin/../lib/gcc/arm-none-eabi/11.3.1/thumb/v7e-m/nofp\libg_nano.a(libc_a-signalr.o)
                0x0800e080                _getpid_r
 .text.memcpy   0x0800e084       0x1c c:/chibistudio/tools/gnu tools arm embedded/11.3 2022.08/bin/../lib/gcc/arm-none-eabi/11.3.1/thumb/v7e-m/nofp\libg_nano.a(libc_a-memcpy-stub.o)
                0x0800e084                memcpy
 .text.__sflush_r
                0x0800e0a0      0x104 c:/chibistudio/tools/gnu tools arm embedded/11.3 2022.08/bin/../lib/gcc/arm-none-eabi/11.3.1/thumb/v7e-m/nofp\libg_nano.a(libc_a-fflush.o)
                0x0800e0a0                __sflush_r
 .text._fflush_r
                0x0800e1a4       0x50 c:/chibistudio/tools/gnu tools arm embedded/11.3 2022.08/bin/../lib/gcc/arm-none-eabi/11.3.1/thumb/v7e-m/nofp\libg_nano.a(libc_a-fflush.o)
                0x0800e1a4                _fflush_r
 .text.__swhatbuf_r
                0x0800e1f4       0x4c c:/chibistudio/tools/gnu tools arm embedded/11.3 2022.08/bin/../lib/gcc/arm-none-eabi/11.3.1/thumb/v7e-m/nofp\libg_nano.a(libc_a-makebuf.o)
                0x0800e1f4                __swhatbuf_r
 .text.__smakebuf_r
                0x0800e240       0x78 c:/chibistudio/tools/gnu tools arm embedded/11.3 2022.08/bin/../lib/gcc/arm-none-eabi/11.3.1/thumb/v7e-m/nofp\libg_nano.a(libc_a-makebuf.o)
                0x0800e240                __smakebuf_r
 .text.memcmp   0x0800e2b8       0x20 c:/chibistudio/tools/gnu tools arm embedded/11.3 2022.08/bin/../lib/gcc/arm-none-eabi/11.3.1/thumb/v7e-m/nofp\libg_nano.a(libc_a-memcmp.o)
                0x0800e2b8                memcmp
 .text.strncmp  0x0800e2d8       0x24 c:/chibistudio/tools/gnu tools arm embedded/11.3 2022.08/bin/../lib/gcc/arm-none-eabi/11.3.1/thumb/v7e-m/nofp\libg_nano.a(libc_a-strncmp.o)
                0x0800e2d8                strncmp
 *(.glue_7t)
 .glue_7t       0x0800e2fc        0x0 linker stubs
 *(.glue_7)
 .glue_7        0x0800e2fc        0x0 linker stubs
 *(.gcc*)
                0x0800e2fc                __text_end__ = .

.vfp11_veneer   0x0800e2fc        0x0
 .vfp11_veneer  0x0800e2fc        0x0 linker stubs

.v4_bx          0x0800e2fc        0x0
 .v4_bx         0x0800e2fc        0x0 linker stubs

.iplt           0x0800e2fc        0x0
 .iplt          0x0800e2fc        0x0 ./build/obj/crt0_v7m.o

.rodata         0x0800e300     0x31d4
                0x0800e300                __rodata_base__ = .
 *(.rodata)
 *(.rodata.*)
 .rodata.rt_test_002_001_execute.lto_priv.0.str1.4
                0x0800e300       0x57 C:\Users\Ridwane\AppData\Local\Temp\ccG6qa3f.ltrans0.ltrans.o
 *fill*         0x0800e357        0x1 
 .rodata.rt_test_010_001_execute.lto_priv.0.str1.4
                0x0800e358       0x1b C:\Users\Ridwane\AppData\Local\Temp\ccG6qa3f.ltrans0.ltrans.o
 *fill*         0x0800e373        0x1 
 .rodata.rt_test_010_002_execute.lto_priv.0.str1.4
                0x0800e374       0x18 C:\Users\Ridwane\AppData\Local\Temp\ccG6qa3f.ltrans0.ltrans.o
 .rodata.oslib_test_007_001_execute.lto_priv.0.str1.4
                0x0800e38c       0x35 C:\Users\Ridwane\AppData\Local\Temp\ccG6qa3f.ltrans0.ltrans.o
 *fill*         0x0800e3c1        0x3 
 .rodata.oslib_test_003_002_execute.lto_priv.0.str1.4
                0x0800e3c4       0x1f C:\Users\Ridwane\AppData\Local\Temp\ccG6qa3f.ltrans0.ltrans.o
 *fill*         0x0800e3e3        0x1 
 .rodata.rt_test_005_003_execute.lto_priv.0.str1.4
                0x0800e3e4       0x3e C:\Users\Ridwane\AppData\Local\Temp\ccG6qa3f.ltrans0.ltrans.o
 *fill*         0x0800e422        0x2 
 .rodata.rt_test_005_004_execute.lto_priv.0.str1.4
                0x0800e424       0x47 C:\Users\Ridwane\AppData\Local\Temp\ccG6qa3f.ltrans0.ltrans.o
 *fill*         0x0800e46b        0x1 
 .rodata.oslib_test_006_001_execute.lto_priv.0.str1.4
                0x0800e46c       0x5d C:\Users\Ridwane\AppData\Local\Temp\ccG6qa3f.ltrans0.ltrans.o
                                 0x69 (size before relaxing)
 *fill*         0x0800e4c9        0x3 
 .rodata.oslib_test_002_003_execute.lto_priv.0.str1.4
                0x0800e4cc       0x16 C:\Users\Ridwane\AppData\Local\Temp\ccG6qa3f.ltrans0.ltrans.o
 *fill*         0x0800e4e2        0x2 
 .rodata.rt_test_002_002_execute.lto_priv.0.str1.4
                0x0800e4e4       0x12 C:\Users\Ridwane\AppData\Local\Temp\ccG6qa3f.ltrans0.ltrans.o
 *fill*         0x0800e4f6        0x2 
 .rodata.rt_test_004_001_execute.lto_priv.0.str1.4
                0x0800e4f8        0xe C:\Users\Ridwane\AppData\Local\Temp\ccG6qa3f.ltrans0.ltrans.o
 *fill*         0x0800e506        0x2 
 .rodata.rt_test_005_001_execute.lto_priv.0.str1.4
                0x0800e508       0x13 C:\Users\Ridwane\AppData\Local\Temp\ccG6qa3f.ltrans0.ltrans.o
 *fill*         0x0800e51b        0x1 
 .rodata.rt_test_010_006_execute.lto_priv.0.str1.4
                0x0800e51c        0xf C:\Users\Ridwane\AppData\Local\Temp\ccG6qa3f.ltrans0.ltrans.o
 *fill*         0x0800e52b        0x1 
 .rodata.rt_test_007_001_execute.lto_priv.0.str1.4
                0x0800e52c       0x2b C:\Users\Ridwane\AppData\Local\Temp\ccG6qa3f.ltrans0.ltrans.o
 *fill*         0x0800e557        0x1 
 .rodata.chThdCreateStatic.str1.4
                0x0800e558        0x7 C:\Users\Ridwane\AppData\Local\Temp\ccG6qa3f.ltrans0.ltrans.o
 *fill*         0x0800e55f        0x1 
 .rodata.rt_test_007_005_execute.lto_priv.0.str1.4
                0x0800e560       0x21 C:\Users\Ridwane\AppData\Local\Temp\ccG6qa3f.ltrans0.ltrans.o
 *fill*         0x0800e581        0x3 
 .rodata.rt_test_007_006_execute.lto_priv.0.str1.4
                0x0800e584       0x3f C:\Users\Ridwane\AppData\Local\Temp\ccG6qa3f.ltrans0.ltrans.o
                                 0x46 (size before relaxing)
 *fill*         0x0800e5c3        0x1 
 .rodata.rt_test_008_004_execute.lto_priv.0.str1.4
                0x0800e5c4       0x1d C:\Users\Ridwane\AppData\Local\Temp\ccG6qa3f.ltrans0.ltrans.o
 *fill*         0x0800e5e1        0x3 
 .rodata.rt_test_008_005_execute.lto_priv.0.str1.4
                0x0800e5e4       0x28 C:\Users\Ridwane\AppData\Local\Temp\ccG6qa3f.ltrans0.ltrans.o
 .rodata.rt_test_010_003_execute.lto_priv.0.str1.4
                0x0800e60c       0x31 C:\Users\Ridwane\AppData\Local\Temp\ccG6qa3f.ltrans0.ltrans.o
 *fill*         0x0800e63d        0x3 
 .rodata.rt_test_005_002_execute.lto_priv.0.str1.4
                0x0800e640        0xe C:\Users\Ridwane\AppData\Local\Temp\ccG6qa3f.ltrans0.ltrans.o
                                 0x12 (size before relaxing)
 *fill*         0x0800e64e        0x2 
 .rodata.rt_test_006_001_execute.lto_priv.0.str1.4
                0x0800e650        0x9 C:\Users\Ridwane\AppData\Local\Temp\ccG6qa3f.ltrans0.ltrans.o
 *fill*         0x0800e659        0x3 
 .rodata.rt_test_007_004_execute.lto_priv.0.str1.4
                0x0800e65c       0x10 C:\Users\Ridwane\AppData\Local\Temp\ccG6qa3f.ltrans0.ltrans.o
 .rodata.rt_test_009_001_execute.lto_priv.0.str1.4
                0x0800e66c        0x5 C:\Users\Ridwane\AppData\Local\Temp\ccG6qa3f.ltrans0.ltrans.o
 *fill*         0x0800e671        0x3 
 .rodata.rt_test_010_004_execute.lto_priv.0.str1.4
                0x0800e674       0x17 C:\Users\Ridwane\AppData\Local\Temp\ccG6qa3f.ltrans0.ltrans.o
 *fill*         0x0800e68b        0x1 
 .rodata.rt_test_011_001_execute.lto_priv.0.str1.4
                0x0800e68c       0xb2 C:\Users\Ridwane\AppData\Local\Temp\ccG6qa3f.ltrans0.ltrans.o
 *fill*         0x0800e73e        0x2 
 .rodata.rt_test_011_002_execute.lto_priv.0.str1.4
                0x0800e740       0x34 C:\Users\Ridwane\AppData\Local\Temp\ccG6qa3f.ltrans0.ltrans.o
 .rodata.oslib_test_004_001_execute.lto_priv.0.str1.4
                0x0800e774       0x18 C:\Users\Ridwane\AppData\Local\Temp\ccG6qa3f.ltrans0.ltrans.o
 .rodata.oslib_test_005_001_execute.lto_priv.0.str1.4
                0x0800e78c       0x46 C:\Users\Ridwane\AppData\Local\Temp\ccG6qa3f.ltrans0.ltrans.o
 *fill*         0x0800e7d2        0x2 
 .rodata.oslib_test_002_001_execute.lto_priv.0.str1.4
                0x0800e7d4       0xb7 C:\Users\Ridwane\AppData\Local\Temp\ccG6qa3f.ltrans0.ltrans.o
 *fill*         0x0800e88b        0x1 
 .rodata.oslib_test_003_001_execute.lto_priv.0.str1.4
                0x0800e88c       0x1d C:\Users\Ridwane\AppData\Local\Temp\ccG6qa3f.ltrans0.ltrans.o
 *fill*         0x0800e8a9        0x3 
 .rodata.oslib_test_008_001_execute.lto_priv.0.str1.4
                0x0800e8ac       0x75 C:\Users\Ridwane\AppData\Local\Temp\ccG6qa3f.ltrans0.ltrans.o
 *fill*         0x0800e921        0x3 
 .rodata.test_printf.str1.4
                0x0800e924        0x7 C:\Users\Ridwane\AppData\Local\Temp\ccG6qa3f.ltrans0.ltrans.o
 *fill*         0x0800e92b        0x1 
 .rodata.rt_test_001_001_execute.lto_priv.0.str1.4
                0x0800e92c      0x17d C:\Users\Ridwane\AppData\Local\Temp\ccG6qa3f.ltrans0.ltrans.o
                                0x185 (size before relaxing)
 *fill*         0x0800eaa9        0x3 
 .rodata.rt_test_001_002_execute.lto_priv.0.str1.4
                0x0800eaac      0x115 C:\Users\Ridwane\AppData\Local\Temp\ccG6qa3f.ltrans0.ltrans.o
 *fill*         0x0800ebc1        0x3 
 .rodata.rt_test_001_003_execute.lto_priv.0.str1.4
                0x0800ebc4      0x57d C:\Users\Ridwane\AppData\Local\Temp\ccG6qa3f.ltrans0.ltrans.o
 *fill*         0x0800f141        0x3 
 .rodata.rt_test_012_001_execute.lto_priv.0.str1.4
                0x0800f144       0x26 C:\Users\Ridwane\AppData\Local\Temp\ccG6qa3f.ltrans0.ltrans.o
 *fill*         0x0800f16a        0x2 
 .rodata.rt_test_012_005_execute.lto_priv.0.str1.4
                0x0800f16c        0xb C:\Users\Ridwane\AppData\Local\Temp\ccG6qa3f.ltrans0.ltrans.o
 *fill*         0x0800f177        0x1 
 .rodata.rt_test_012_007_execute.lto_priv.0.str1.4
                0x0800f178       0x11 C:\Users\Ridwane\AppData\Local\Temp\ccG6qa3f.ltrans0.ltrans.o
 *fill*         0x0800f189        0x3 
 .rodata.rt_test_012_009_execute.lto_priv.0.str1.4
                0x0800f18c        0xa C:\Users\Ridwane\AppData\Local\Temp\ccG6qa3f.ltrans0.ltrans.o
 *fill*         0x0800f196        0x2 
 .rodata.rt_test_012_010_execute.lto_priv.0.str1.4
                0x0800f198        0xf C:\Users\Ridwane\AppData\Local\Temp\ccG6qa3f.ltrans0.ltrans.o
 *fill*         0x0800f1a7        0x1 
 .rodata.rt_test_012_011_execute.lto_priv.0.str1.4
                0x0800f1a8        0xf C:\Users\Ridwane\AppData\Local\Temp\ccG6qa3f.ltrans0.ltrans.o
 *fill*         0x0800f1b7        0x1 
 .rodata.rt_test_012_012_execute.lto_priv.0.str1.4
                0x0800f1b8       0x95 C:\Users\Ridwane\AppData\Local\Temp\ccG6qa3f.ltrans0.ltrans.o
 *fill*         0x0800f24d        0x3 
 .rodata.oslib_test_001_002_execute.lto_priv.0.str1.4
                0x0800f250       0x3a C:\Users\Ridwane\AppData\Local\Temp\ccG6qa3f.ltrans0.ltrans.o
 *fill*         0x0800f28a        0x2 
 .rodata.oslib_test_001_003_execute.lto_priv.0.str1.4
                0x0800f28c      0x2bd C:\Users\Ridwane\AppData\Local\Temp\ccG6qa3f.ltrans0.ltrans.o
 *fill*         0x0800f549        0x3 
 .rodata.evhndl
                0x0800f54c        0xc C:\Users\Ridwane\AppData\Local\Temp\ccG6qa3f.ltrans0.ltrans.o
 .rodata.pipe_pattern.lto_priv.0
                0x0800f558       0x11 C:\Users\Ridwane\AppData\Local\Temp\ccG6qa3f.ltrans0.ltrans.o
                0x0800f558                pipe_pattern.lto_priv.0
 *fill*         0x0800f569        0x3 
 .rodata.ram_areas
                0x0800f56c       0x80 C:\Users\Ridwane\AppData\Local\Temp\ccG6qa3f.ltrans0.ltrans.o
 .rodata.wa     0x0800f5ec       0x14 C:\Users\Ridwane\AppData\Local\Temp\ccG6qa3f.ltrans0.ltrans.o
 .rodata.oslib_test_008_002_execute.str1.4
                0x0800f600       0x2a C:\Users\Ridwane\AppData\Local\Temp\ccG6qa3f.ltrans1.ltrans.o
 .rodata.chFactoryCreateSemaphore.constprop.0.str1.4
                0x0800f600        0x6 C:\Users\Ridwane\AppData\Local\Temp\ccG6qa3f.ltrans1.ltrans.o
 *fill*         0x0800f606        0x2 
 .rodata.oslib_test_009_005_teardown.str1.4
                0x0800f608        0x7 C:\Users\Ridwane\AppData\Local\Temp\ccG6qa3f.ltrans1.ltrans.o
 *fill*         0x0800f60f        0x1 
 .rodata.oslib_test_009_001_teardown.str1.4
                0x0800f610        0x6 C:\Users\Ridwane\AppData\Local\Temp\ccG6qa3f.ltrans1.ltrans.o
 *fill*         0x0800f616        0x2 
 .rodata.oslib_test_009_002_teardown.str1.4
                0x0800f618        0x6 C:\Users\Ridwane\AppData\Local\Temp\ccG6qa3f.ltrans1.ltrans.o