Archive member included to satisfy reference by file (symbol)

c:/chibistudio/tools/gnu tools arm embedded/11.3 2022.08/bin/../lib/gcc/arm-none-eabi/11.3.1/thumb/v7e-m+fp/softfp\libg_nano.a(libc_a-rand.o)
                              ./build/obj/main.o (symbol from plugin) (rand)
c:/chibistudio/tools/gnu tools arm embedded/11.3 2022.08/bin/../lib/gcc/arm-none-eabi/11.3.1/thumb/v7e-m+fp/softfp\libg_nano.a(libc_a-impure.o)
                              c:/chibistudio/tools/gnu tools arm embedded/11.3 2022.08/bin/../lib/gcc/arm-none-eabi/11.3.1/thumb/v7e-m+fp/softfp\libg_nano.a(libc_a-rand.o) (_impure_ptr)
c:/chibistudio/tools/gnu tools arm embedded/11.3 2022.08/bin/../lib/gcc/arm-none-eabi/11.3.1/thumb/v7e-m+fp/softfp\libg_nano.a(libc_a-assert.o)
                              c:/chibistudio/tools/gnu tools arm embedded/11.3 2022.08/bin/../lib/gcc/arm-none-eabi/11.3.1/thumb/v7e-m+fp/softfp\libg_nano.a(libc_a-rand.o) (__assert_func)
c:/chibistudio/tools/gnu tools arm embedded/11.3 2022.08/bin/../lib/gcc/arm-none-eabi/11.3.1/thumb/v7e-m+fp/softfp\libg_nano.a(libc_a-malloc.o)
                              c:/chibistudio/tools/gnu tools arm embedded/11.3 2022.08/bin/../lib/gcc/arm-none-eabi/11.3.1/thumb/v7e-m+fp/softfp\libg_nano.a(libc_a-rand.o) (malloc)
c:/chibistudio/tools/gnu tools arm embedded/11.3 2022.08/bin/../lib/gcc/arm-none-eabi/11.3.1/thumb/v7e-m+fp/softfp\libg_nano.a(libc_a-mallocr.o)
                              c:/chibistudio/tools/gnu tools arm embedded/11.3 2022.08/bin/../lib/gcc/arm-none-eabi/11.3.1/thumb/v7e-m+fp/softfp\libg_nano.a(libc_a-malloc.o) (_malloc_r)
c:/chibistudio/tools/gnu tools arm embedded/11.3 2022.08/bin/../lib/gcc/arm-none-eabi/11.3.1/thumb/v7e-m+fp/softfp\libg_nano.a(libc_a-mlock.o)
                              c:/chibistudio/tools/gnu tools arm embedded/11.3 2022.08/bin/../lib/gcc/arm-none-eabi/11.3.1/thumb/v7e-m+fp/softfp\libg_nano.a(libc_a-mallocr.o) (__malloc_lock)
c:/chibistudio/tools/gnu tools arm embedded/11.3 2022.08/bin/../lib/gcc/arm-none-eabi/11.3.1/thumb/v7e-m+fp/softfp\libg_nano.a(libc_a-fprintf.o)
                              c:/chibistudio/tools/gnu tools arm embedded/11.3 2022.08/bin/../lib/gcc/arm-none-eabi/11.3.1/thumb/v7e-m+fp/softfp\libg_nano.a(libc_a-assert.o) (fiprintf)
c:/chibistudio/tools/gnu tools arm embedded/11.3 2022.08/bin/../lib/gcc/arm-none-eabi/11.3.1/thumb/v7e-m+fp/softfp\libg_nano.a(libc_a-lock.o)
                              c:/chibistudio/tools/gnu tools arm embedded/11.3 2022.08/bin/../lib/gcc/arm-none-eabi/11.3.1/thumb/v7e-m+fp/softfp\libg_nano.a(libc_a-mlock.o) (__retarget_lock_acquire_recursive)
c:/chibistudio/tools/gnu tools arm embedded/11.3 2022.08/bin/../lib/gcc/arm-none-eabi/11.3.1/thumb/v7e-m+fp/softfp\libg_nano.a(libc_a-abort.o)
                              c:/chibistudio/tools/gnu tools arm embedded/11.3 2022.08/bin/../lib/gcc/arm-none-eabi/11.3.1/thumb/v7e-m+fp/softfp\libg_nano.a(libc_a-assert.o) (abort)
c:/chibistudio/tools/gnu tools arm embedded/11.3 2022.08/bin/../lib/gcc/arm-none-eabi/11.3.1/thumb/v7e-m+fp/softfp\libg_nano.a(libc_a-freer.o)
                              c:/chibistudio/tools/gnu tools arm embedded/11.3 2022.08/bin/../lib/gcc/arm-none-eabi/11.3.1/thumb/v7e-m+fp/softfp\libg_nano.a(libc_a-malloc.o) (_free_r)
c:/chibistudio/tools/gnu tools arm embedded/11.3 2022.08/bin/../lib/gcc/arm-none-eabi/11.3.1/thumb/v7e-m+fp/softfp\libg_nano.a(libc_a-nano-vfprintf.o)
                              c:/chibistudio/tools/gnu tools arm embedded/11.3 2022.08/bin/../lib/gcc/arm-none-eabi/11.3.1/thumb/v7e-m+fp/softfp\libg_nano.a(libc_a-fprintf.o) (_vfprintf_r)
c:/chibistudio/tools/gnu tools arm embedded/11.3 2022.08/bin/../lib/gcc/arm-none-eabi/11.3.1/thumb/v7e-m+fp/softfp\libg_nano.a(libc_a-nano-vfprintf_i.o)
                              c:/chibistudio/tools/gnu tools arm embedded/11.3 2022.08/bin/../lib/gcc/arm-none-eabi/11.3.1/thumb/v7e-m+fp/softfp\libg_nano.a(libc_a-nano-vfprintf.o) (_printf_i)
c:/chibistudio/tools/gnu tools arm embedded/11.3 2022.08/bin/../lib/gcc/arm-none-eabi/11.3.1/thumb/v7e-m+fp/softfp\libg_nano.a(libc_a-findfp.o)
                              c:/chibistudio/tools/gnu tools arm embedded/11.3 2022.08/bin/../lib/gcc/arm-none-eabi/11.3.1/thumb/v7e-m+fp/softfp\libg_nano.a(libc_a-nano-vfprintf.o) (__sinit)
c:/chibistudio/tools/gnu tools arm embedded/11.3 2022.08/bin/../lib/gcc/arm-none-eabi/11.3.1/thumb/v7e-m+fp/softfp\libg_nano.a(libc_a-fvwrite.o)
                              c:/chibistudio/tools/gnu tools arm embedded/11.3 2022.08/bin/../lib/gcc/arm-none-eabi/11.3.1/thumb/v7e-m+fp/softfp\libg_nano.a(libc_a-nano-vfprintf.o) (__sfvwrite_r)
c:/chibistudio/tools/gnu tools arm embedded/11.3 2022.08/bin/../lib/gcc/arm-none-eabi/11.3.1/thumb/v7e-m+fp/softfp\libg_nano.a(libc_a-fwalk.o)
                              c:/chibistudio/tools/gnu tools arm embedded/11.3 2022.08/bin/../lib/gcc/arm-none-eabi/11.3.1/thumb/v7e-m+fp/softfp\libg_nano.a(libc_a-findfp.o) (_fwalk_sglue)
[...]
Memory Configuration

Name             Origin             Length             Attributes
flash0           0x08000000         0x00100000         xr
flash1           0x00000000         0x00000000         xr
flash2           0x00000000         0x00000000         xr
flash3           0x00000000         0x00000000         xr
flash4           0x00000000         0x00000000         xr
flash5           0x00000000         0x00000000         xr
flash6           0x00000000         0x00000000         xr
flash7           0x00000000         0x00000000         xr
ram0             0x20000000         0x00020000         xw
ram1             0x20000000         0x0001c000         xw
ram2             0x2001c000         0x00004000         xw
ram3             0x00000000         0x00000000         xw
ram4             0x10000000         0x00010000         xw
ram5             0x40024000         0x00001000         xw
ram6             0x00000000         0x00000000         xw
ram7             0x00000000         0x00000000         xw
*default*        0x00000000         0xffffffff

Linker script and memory map

LOAD ./build/obj/crt0_v7m.o
LOAD ./build/obj/vectors.o
LOAD ./build/obj/chcoreasm.o
LOAD ./build/obj/ntt.o
LOAD ./build/obj/fnt_257.o
LOAD ./build/obj/ifnt_257.o
LOAD ./build/obj/smallntt.o
LOAD ./build/obj/aes-encrypt.o
LOAD ./build/obj/aes-keyschedule.o
LOAD ./build/obj/aes-publicinputs.o
LOAD ./build/obj/basemul_257.o
LOAD ./build/obj/startup_MPS2.o
LOAD ./build/obj/keccakf1600.o
LOAD ./build/obj/vectors.o
LOAD ./build/obj/vector.o
LOAD ./build/obj/crypto_hashblocks_sha512_inner32.o
LOAD ./build/obj/pointwise_mont.o
LOAD ./build/obj/crt1.o
LOAD C:\Users\Ridwane\AppData\Local\Temp\ccDbTOak.ltrans0.ltrans.o
LOAD C:\Users\Ridwane\AppData\Local\Temp\ccDbTOak.ltrans1.ltrans.o
LOAD C:\Users\Ridwane\AppData\Local\Temp\ccAKVsIQ.debug.temp.o
LOAD C:\Users\Ridwane\AppData\Local\Temp\cckK3yod.debug.temp.o
LOAD C:\Users\Ridwane\AppData\Local\Temp\cc8BUgbA.debug.temp.o
LOAD C:\Users\Ridwane\AppData\Local\Temp\cc0hSvVW.debug.temp.o
LOAD C:\Users\Ridwane\AppData\Local\Temp\ccShIPKi.debug.temp.o
LOAD C:\Users\Ridwane\AppData\Local\Temp\ccyBPlFE.debug.temp.o
LOAD C:\Users\Ridwane\AppData\Local\Temp\ccI6egv0.debug.temp.o
LOAD C:\Users\Ridwane\AppData\Local\Temp\ccWxZQAm.debug.temp.o
LOAD C:\Users\Ridwane\AppData\Local\Temp\ccarULBI.debug.temp.o
LOAD C:\Users\Ridwane\AppData\Local\Temp\ccy9AbQ4.debug.temp.o
LOAD C:\Users\Ridwane\AppData\Local\Temp\ccS5580p.debug.temp.o
LOAD C:\Users\Ridwane\AppData\Local\Temp\ccuVet7K.debug.temp.o
LOAD C:\Users\Ridwane\AppData\Local\Temp\ccmJYir6.debug.temp.o
LOAD C:\Users\Ridwane\AppData\Local\Temp\ccuLFNJr.debug.temp.o
LOAD C:\Users\Ridwane\AppData\Local\Temp\ccckOogN.debug.temp.o
LOAD C:\Users\Ridwane\AppData\Local\Temp\cciPgyH8.debug.temp.o
LOAD C:\Users\Ridwane\AppData\Local\Temp\cciTugnu.debug.temp.o
LOAD C:\Users\Ridwane\AppData\Local\Temp\cccg4hYP.debug.temp.o
LOAD C:\Users\Ridwane\AppData\Local\Temp\ccOx7Vbf.debug.temp.o
LOAD C:\Users\Ridwane\AppData\Local\Temp\cc0bnjCE.debug.temp.o
LOAD C:\Users\Ridwane\AppData\Local\Temp\ccy5cg03.debug.temp.o
LOAD C:\Users\Ridwane\AppData\Local\Temp\cccIgHBt.debug.temp.o
LOAD C:\Users\Ridwane\AppData\Local\Temp\ccyTAP8S.debug.temp.o
LOAD C:\Users\Ridwane\AppData\Local\Temp\ccmB2aNi.debug.temp.o
LOAD C:\Users\Ridwane\AppData\Local\Temp\ccMMFluH.debug.temp.o
LOAD C:\Users\Ridwane\AppData\Local\Temp\ccskc165.debug.temp.o
LOAD C:\Users\Ridwane\AppData\Local\Temp\cc49KYMu.debug.temp.o
LOAD C:\Users\Ridwane\AppData\Local\Temp\ccwyAaTS.debug.temp.o
LOAD C:\Users\Ridwane\AppData\Local\Temp\ccadNTbh.debug.temp.o
LOAD C:\Users\Ridwane\AppData\Local\Temp\ccK9hbCF.debug.temp.o
LOAD C:\Users\Ridwane\AppData\Local\Temp\ccsM64X3.debug.temp.o
LOAD C:\Users\Ridwane\AppData\Local\Temp\cc2cxEYr.debug.temp.o
LOAD C:\Users\Ridwane\AppData\Local\Temp\cc89DZAT.debug.temp.o
LOAD C:\Users\Ridwane\AppData\Local\Temp\cc83OS9k.debug.temp.o
LOAD C:\Users\Ridwane\AppData\Local\Temp\cc4vWMWM.debug.temp.o
LOAD C:\Users\Ridwane\AppData\Local\Temp\ccuL12Fe.debug.temp.o
LOAD C:\Users\Ridwane\AppData\Local\Temp\ccYUoIEG.debug.temp.o
LOAD C:\Users\Ridwane\AppData\Local\Temp\ccqNFYJ8.debug.temp.o
LOAD C:\Users\Ridwane\AppData\Local\Temp\ccOLyGKz.debug.temp.o
LOAD C:\Users\Ridwane\AppData\Local\Temp\ccmzdTY0.debug.temp.o
LOAD C:\Users\Ridwane\AppData\Local\Temp\ccMC8yEr.debug.temp.o
LOAD C:\Users\Ridwane\AppData\Local\Temp\ccmvPJxS.debug.temp.o
LOAD C:\Users\Ridwane\AppData\Local\Temp\ccSRkknj.debug.temp.o
LOAD C:\Users\Ridwane\AppData\Local\Temp\ccY6GQnJ.debug.temp.o
LOAD C:\Users\Ridwane\AppData\Local\Temp\ccYUMSl9.debug.temp.o
LOAD C:\Users\Ridwane\AppData\Local\Temp\ccIatyzz.debug.temp.o
LOAD C:\Users\Ridwane\AppData\Local\Temp\ccwiSPTZ.debug.temp.o
LOAD C:\Users\Ridwane\AppData\Local\Temp\ccSNey9t.debug.temp.o
LOAD C:\Users\Ridwane\AppData\Local\Temp\ccImXOnY.debug.temp.o
LOAD C:\Users\Ridwane\AppData\Local\Temp\cc0FouPs.debug.temp.o
LOAD C:\Users\Ridwane\AppData\Local\Temp\cc4dhydX.debug.temp.o
LOAD C:\Users\Ridwane\AppData\Local\Temp\ccqRdHwq.debug.temp.o
LOAD C:\Users\Ridwane\AppData\Local\Temp\ccqZtnbU.debug.temp.o
LOAD C:\Users\Ridwane\AppData\Local\Temp\ccuZsFWn.debug.temp.o
LOAD C:\Users\Ridwane\AppData\Local\Temp\ccKBY3MQ.debug.temp.o
LOAD C:\Users\Ridwane\AppData\Local\Temp\ccGj6Pzj.debug.temp.o
LOAD C:\Users\Ridwane\AppData\Local\Temp\ccGTWdtM.debug.temp.o
LOAD C:\Users\Ridwane\AppData\Local\Temp\ccidL5Bf.debug.temp.o
LOAD C:\Users\Ridwane\AppData\Local\Temp\cc01bgSI.debug.temp.o
LOAD C:\Users\Ridwane\AppData\Local\Temp\cc6axh6b.debug.temp.o
LOAD C:\Users\Ridwane\AppData\Local\Temp\ccGb6jwE.debug.temp.o
LOAD C:\Users\Ridwane\AppData\Local\Temp\ccUmIm26.debug.temp.o
LOAD C:\Users\Ridwane\AppData\Local\Temp\cc8ZuJtz.debug.temp.o
LOAD C:\Users\Ridwane\AppData\Local\Temp\ccQkoWb2.debug.temp.o
LOAD C:\Users\Ridwane\AppData\Local\Temp\cc2gXQOu.debug.temp.o
LOAD C:\Users\Ridwane\AppData\Local\Temp\ccUCiN40.debug.temp.o
LOAD C:\Users\Ridwane\AppData\Local\Temp\ccU0wqAx.debug.temp.o
LOAD C:\Users\Ridwane\AppData\Local\Temp\ccUQVn13.debug.temp.o
LOAD C:\Users\Ridwane\AppData\Local\Temp\ccg8I5zA.debug.temp.o
LOAD C:\Users\Ridwane\AppData\Local\Temp\ccEiAto7.debug.temp.o
LOAD C:\Users\Ridwane\AppData\Local\Temp\ccCLvZ7D.debug.temp.o
LOAD C:\Users\Ridwane\AppData\Local\Temp\cceLTkU9.debug.temp.o
LOAD C:\Users\Ridwane\AppData\Local\Temp\cc0NSzNF.debug.temp.o
LOAD C:\Users\Ridwane\AppData\Local\Temp\ccWNNmEb.debug.temp.o
LOAD C:\Users\Ridwane\AppData\Local\Temp\ccSzTKBH.debug.temp.o
LOAD C:\Users\Ridwane\AppData\Local\Temp\cccUgYPd.debug.temp.o
LOAD C:\Users\Ridwane\AppData\Local\Temp\cceVe3YI.debug.temp.o
LOAD C:\Users\Ridwane\AppData\Local\Temp\cc6a3H3d.debug.temp.o
LOAD C:\Users\Ridwane\AppData\Local\Temp\ccYQgJoJ.debug.temp.o
LOAD C:\Users\Ridwane\AppData\Local\Temp\ccS1V4Ee.debug.temp.o
LOAD C:\Users\Ridwane\AppData\Local\Temp\ccUY5U8J.debug.temp.o
LOAD C:\Users\Ridwane\AppData\Local\Temp\cckMchJf.debug.temp.o
LOAD C:\Users\Ridwane\AppData\Local\Temp\ccMk99gL.debug.temp.o
LOAD C:\Users\Ridwane\AppData\Local\Temp\ccAi33Lf.debug.temp.o
LOAD ./build/obj/hal.o
LOAD ./build/obj/hal_st.o
LOAD ./build/obj/hal_buffered_serial.o
LOAD ./build/obj/hal_buffers.o
LOAD ./build/obj/hal_queues.o
LOAD ./build/obj/hal_flash.o
LOAD ./build/obj/hal_mmcsd.o
LOAD ./build/obj/hal_pal.o
LOAD ./build/obj/hal_serial.o
LOAD ./build/obj/nvic.o
LOAD ./build/obj/stm32_isr.o
LOAD ./build/obj/hal_lld.o
LOAD ./build/obj/hal_efl_lld.o
LOAD ./build/obj/stm32_dma.o
LOAD ./build/obj/stm32_exti.o
LOAD ./build/obj/hal_pal_lld.o
LOAD ./build/obj/hal_st_lld.o
LOAD ./build/obj/hal_serial_lld.o
LOAD ./build/obj/board.o
LOAD ./build/obj/osal.o
LOAD ./build/obj/chsys.o
LOAD ./build/obj/chrfcu.o
LOAD ./build/obj/chdebug.o
LOAD ./build/obj/chtrace.o
LOAD ./build/obj/chvt.o
LOAD ./build/obj/chschd.o
LOAD ./build/obj/chinstances.o
LOAD ./build/obj/chthreads.o
LOAD ./build/obj/chtm.o
LOAD ./build/obj/chregistry.o
LOAD ./build/obj/chsem.o
LOAD ./build/obj/chmtx.o
LOAD ./build/obj/chcond.o
LOAD ./build/obj/chevents.o
LOAD ./build/obj/chmsg.o
LOAD ./build/obj/chdynamic.o
LOAD ./build/obj/chmboxes.o
LOAD ./build/obj/chmemcore.o
LOAD ./build/obj/chmemheaps.o
LOAD ./build/obj/chmempools.o
LOAD ./build/obj/chpipes.o
LOAD ./build/obj/chobjcaches.o
LOAD ./build/obj/chdelegates.o
LOAD ./build/obj/chfactory.o
LOAD ./build/obj/chcore.o
LOAD ./build/obj/ch_test.o
LOAD ./build/obj/ch_test_printf.o
LOAD ./build/obj/rt_test_root.o
LOAD ./build/obj/rt_test_sequence_001.o
LOAD ./build/obj/rt_test_sequence_002.o
LOAD ./build/obj/rt_test_sequence_003.o
LOAD ./build/obj/rt_test_sequence_004.o
LOAD ./build/obj/rt_test_sequence_005.o
LOAD ./build/obj/rt_test_sequence_006.o
LOAD ./build/obj/rt_test_sequence_007.o
LOAD ./build/obj/rt_test_sequence_008.o
LOAD ./build/obj/rt_test_sequence_009.o
LOAD ./build/obj/rt_test_sequence_010.o
LOAD ./build/obj/rt_test_sequence_011.o
LOAD ./build/obj/rt_test_sequence_012.o
LOAD ./build/obj/oslib_test_root.o
LOAD ./build/obj/oslib_test_sequence_001.o
LOAD ./build/obj/oslib_test_sequence_002.o
LOAD ./build/obj/oslib_test_sequence_003.o
LOAD ./build/obj/oslib_test_sequence_004.o
LOAD ./build/obj/oslib_test_sequence_005.o
LOAD ./build/obj/oslib_test_sequence_006.o
LOAD ./build/obj/oslib_test_sequence_007.o
LOAD ./build/obj/oslib_test_sequence_008.o
LOAD ./build/obj/oslib_test_sequence_009.o
LOAD ./build/obj/syscalls.o
LOAD ./build/obj/chprintf.o
LOAD ./build/obj/main.o
LOAD ./build/obj/sign.o
LOAD ./build/obj/packing.o
LOAD ./build/obj/poly.o
LOAD ./build/obj/polyvec.o
LOAD ./build/obj/rounding.o
LOAD ./build/obj/smallpoly.o
LOAD ./build/obj/symmetric-shake.o
LOAD ./build/obj/fips202.o
LOAD ./build/obj/randombytes.o
LOAD ./build/obj/aes.o

.mstack         0x20000000      0x400
                0x20000000                . = ALIGN (0x8)
                0x20000000                __main_stack_base__ = .
                0x20000400                . = (. + __main_stack_size__)
 *fill*         0x20000000      0x400 
                0x20000400                . = ALIGN (0x8)
                0x20000400                __main_stack_end__ = .

.pstack         0x20000400      0x400
                0x20000400                . = ALIGN (0x8)
                0x20000400                __process_stack_base__ = .
                0x20000400                __main_thread_stack_base__ = .
                0x20000800                . = (. + __process_stack_size__)
 *fill*         0x20000400      0x400 
                0x20000800                . = ALIGN (0x8)
                0x20000800                __process_stack_end__ = .
                0x20000800                __main_thread_stack_end__ = .

.vectors        0x08000000        0x0
                0x08000000                __textvectors_base__ = LOADADDR (.vectors)
                0x08000000                __vectors_base__ = .
 *(.vectors)
                0x08000000                __vectors_end__ = .

.xtors          0x08000000        0x0
                0x08000000                __init_array_base__ = .
 *(SORT_BY_NAME(.init_array.*))
 *(.init_array)
                0x08000000                __init_array_end__ = .
                0x08000000                __fini_array_base__ = .
 *(.fini_array)
 *(SORT_BY_NAME(.fini_array.*))
                0x08000000                __fini_array_end__ = .

.text           0x08000000       0x54
                0x08000000                __text_base__ = .
 *(.text)
 *(.text.*)
 .text.Reset_Handler
                0x08000000       0x54 ./build/obj/startup_MPS2.o
                0x08000000                Reset_Handler
 *(.glue_7t)
 .glue_7t       0x08000054        0x0 linker stubs
 *(.glue_7)
 .glue_7        0x08000054        0x0 linker stubs
 *(.gcc*)
                0x08000054                __text_end__ = .

.vfp11_veneer   0x08000054        0x0
 .vfp11_veneer  0x08000054        0x0 linker stubs

.v4_bx          0x08000054        0x0
 .v4_bx         0x08000054        0x0 linker stubs

.iplt           0x08000054        0x0
 .iplt          0x08000054        0x0 ./build/obj/startup_MPS2.o

.rel.dyn        0x08000054        0x0
 .rel.iplt      0x08000054        0x0 ./build/obj/startup_MPS2.o

.rodata         0x08000054        0x0
                0x08000054                __rodata_base__ = .
 *(.rodata)
 *(.rodata.*)
                0x08000054                . = ALIGN (0x4)
                0x08000054                __rodata_end__ = .

.ARM.extab
 *(.ARM.extab* .gnu.linkonce.armextab.*)

.ARM.exidx      0x08000054        0x0
                0x08000054                __exidx_base__ = .
                0x08000054                __exidx_start = .
 *(.ARM.exidx* .gnu.linkonce.armexidx.*)
                0x08000054                __exidx_end__ = .
                0x08000054                __exidx_end = .

.eh_frame_hdr
 *(.eh_frame_hdr)

.eh_frame
 *(.eh_frame)

.data           0x20000800        0x0 load address 0x08000054
                [!provide]                PROVIDE (_textdata = LOADADDR (.data))
                [!provide]                PROVIDE (_data = .)
                0x08000054                __textdata_base__ = LOADADDR (.data)
                0x20000800                __data_base__ = .
 *(.data)
 *(.data.*)
 *(.ramtext)
                0x20000800                . = ALIGN (0x4)
                [!provide]                PROVIDE (_edata = .)
                0x20000800                __data_end__ = .

.igot.plt       0x20000800        0x0 load address 0x08000054
 .igot.plt      0x20000800        0x0 ./build/obj/startup_MPS2.o

.bss            0x20000800        0x0 load address 0x08000054
                0x20000800                __bss_base__ = .
 *(.bss)
 *(.bss.*)
 *(COMMON)
                0x20000800                . = ALIGN (0x4)
                0x20000800                __bss_end__ = .
                [!provide]                PROVIDE (end = .)
                0x20000000                __ram0_base__ = ORIGIN (ram0)
                0x00020000                __ram0_size__ = LENGTH (ram0)
                0x20020000                __ram0_end__ = (__ram0_base__ + __ram0_size__)
                0x20000000                __ram1_base__ = ORIGIN (ram1)
                0x0001c000                __ram1_size__ = LENGTH (ram1)
                0x2001c000                __ram1_end__ = (__ram1_base__ + __ram1_size__)
                0x2001c000                __ram2_base__ = ORIGIN (ram2)
                0x00004000                __ram2_size__ = LENGTH (ram2)
                0x20020000                __ram2_end__ = (__ram2_base__ + __ram2_size__)
                0x00000000                __ram3_base__ = ORIGIN (ram3)
                0x00000000                __ram3_size__ = LENGTH (ram3)
                0x00000000                __ram3_end__ = (__ram3_base__ + __ram3_size__)
                0x10000000                __ram4_base__ = ORIGIN (ram4)
                0x00010000                __ram4_size__ = LENGTH (ram4)
                0x10010000                __ram4_end__ = (__ram4_base__ + __ram4_size__)
                0x40024000                __ram5_base__ = ORIGIN (ram5)
                0x00001000                __ram5_size__ = LENGTH (ram5)
                0x40025000                __ram5_end__ = (__ram5_base__ + __ram5_size__)
                0x00000000                __ram6_base__ = ORIGIN (ram6)
                0x00000000                __ram6_size__ = LENGTH (ram6)
                0x00000000                __ram6_end__ = (__ram6_base__ + __ram6_size__)
                0x00000000                __ram7_base__ = ORIGIN (ram7)
                0x00000000                __ram7_size__ = LENGTH (ram7)
                0x00000000                __ram7_end__ = (__ram7_base__ + __ram7_size__)
                0x08000000                __flash0_base__ = ORIGIN (flash0)
                0x00100000                __flash0_size__ = LENGTH (flash0)
                0x08100000                __flash0_end__ = (__flash0_base__ + __flash0_size__)
                0x00000000                __flash1_base__ = ORIGIN (flash1)
                0x00000000                __flash1_size__ = LENGTH (flash1)
                0x00000000                __flash1_end__ = (__flash1_base__ + __flash1_size__)
                0x00000000                __flash2_base__ = ORIGIN (flash2)
                0x00000000                __flash2_size__ = LENGTH (flash2)
                0x00000000                __flash2_end__ = (__flash2_base__ + __flash2_size__)
                0x00000000                __flash3_base__ = ORIGIN (flash3)
                0x00000000                __flash3_size__ = LENGTH (flash3)
                0x00000000                __flash3_end__ = (__flash3_base__ + __flash3_size__)
                0x00000000                __flash4_base__ = ORIGIN (flash4)
                0x00000000                __flash4_size__ = LENGTH (flash4)
                0x00000000                __flash4_end__ = (__flash4_base__ + __flash4_size__)
                0x00000000                __flash5_base__ = ORIGIN (flash5)
                0x00000000                __flash5_size__ = LENGTH (flash5)
                0x00000000                __flash5_end__ = (__flash5_base__ + __flash5_size__)
                0x00000000                __flash6_base__ = ORIGIN (flash6)
                0x00000000                __flash6_size__ = LENGTH (flash6)
                0x00000000                __flash6_end__ = (__flash6_base__ + __flash6_size__)
                0x00000000                __flash7_base__ = ORIGIN (flash7)
                0x00000000                __flash7_size__ = LENGTH (flash7)
                0x00000000                __flash7_end__ = (__flash7_base__ + __flash7_size__)

.ram0_init      0x20000800        0x0 load address 0x08000054
                0x08000054                __ram0_init_text__ = LOADADDR (.ram0_init)
                0x20000800                __ram0_init__ = .
 *(.ram0_init)
 *(.ram0_init.*)
                0x20000800                . = ALIGN (0x4)

.ram0           0x20000800        0x0 load address 0x08000054
                0x20000800                __ram0_clear__ = .
 *(.ram0_clear)
 *(.ram0_clear.*)
                0x20000800                . = ALIGN (0x4)
                0x20000800                __ram0_noinit__ = .
 *(.ram0)
 *(.ram0.*)
                0x20000800                . = ALIGN (0x4)
                0x20000800                __ram0_free__ = .

.ram1_init      0x20000000        0x0 load address 0x08000054
                0x08000054                __ram1_init_text__ = LOADADDR (.ram1_init)
                0x20000000                __ram1_init__ = .
 *(.ram1_init)
 *(.ram1_init.*)
                0x20000000                . = ALIGN (0x4)

.ram1           0x20000000        0x0 load address 0x08000054
                0x20000000                __ram1_clear__ = .
 *(.ram1_clear)
 *(.ram1_clear.*)
                0x20000000                . = ALIGN (0x4)
                0x20000000                __ram1_noinit__ = .
 *(.ram1)
 *(.ram1.*)
                0x20000000                . = ALIGN (0x4)
                0x20000000                __ram1_free__ = .

.ram2_init      0x2001c000        0x0 load address 0x08000054
                0x08000054                __ram2_init_text__ = LOADADDR (.ram2_init)
                0x2001c000                __ram2_init__ = .
 *(.ram2_init)
 *(.ram2_init.*)
                0x2001c000                . = ALIGN (0x4)

.ram2           0x2001c000        0x0 load address 0x08000054
                0x2001c000                __ram2_clear__ = .
 *(.ram2_clear)
 *(.ram2_clear.*)
                0x2001c000                . = ALIGN (0x4)
                0x2001c000                __ram2_noinit__ = .
 *(.ram2)
 *(.ram2.*)
                0x2001c000                . = ALIGN (0x4)
                0x2001c000                __ram2_free__ = .

.ram3_init      0x00000000        0x0 load address 0x08000054
                0x08000054                __ram3_init_text__ = LOADADDR (.ram3_init)
                0x00000000                __ram3_init__ = .
 *(.ram3_init)
 *(.ram3_init.*)
                0x00000000                . = ALIGN (0x4)

.ram3           0x00000000        0x0 load address 0x08000054
                0x00000000                __ram3_clear__ = .
 *(.ram3_clear)
 *(.ram3_clear.*)
                0x00000000                . = ALIGN (0x4)
                0x00000000                __ram3_noinit__ = .
 *(.ram3)
 *(.ram3.*)
                0x00000000                . = ALIGN (0x4)
                0x00000000                __ram3_free__ = .

.ram4_init      0x10000000        0x0 load address 0x08000054
                0x08000054                __ram4_init_text__ = LOADADDR (.ram4_init)
                0x10000000                __ram4_init__ = .
 *(.ram4_init)
 *(.ram4_init.*)
                0x10000000                . = ALIGN (0x4)

.ram4           0x10000000        0x0 load address 0x08000054
                0x10000000                __ram4_clear__ = .
 *(.ram4_clear)
 *(.ram4_clear.*)
                0x10000000                . = ALIGN (0x4)
                0x10000000                __ram4_noinit__ = .
 *(.ram4)
 *(.ram4.*)
                0x10000000                . = ALIGN (0x4)
                0x10000000                __ram4_free__ = .

.ram5_init      0x40024000        0x0 load address 0x08000054
                0x08000054                __ram5_init_text__ = LOADADDR (.ram5_init)
                0x40024000                __ram5_init__ = .
 *(.ram5_init)
 *(.ram5_init.*)
                0x40024000                . = ALIGN (0x4)

.ram5           0x40024000        0x0 load address 0x08000054
                0x40024000                __ram5_clear__ = .
 *(.ram5_clear)
 *(.ram5_clear.*)
                0x40024000                . = ALIGN (0x4)
                0x40024000                __ram5_noinit__ = .
 *(.ram5)
 *(.ram5.*)
                0x40024000                . = ALIGN (0x4)
                0x40024000                __ram5_free__ = .

.ram6_init      0x00000000        0x0 load address 0x08000054
                0x08000054                __ram6_init_text__ = LOADADDR (.ram6_init)
                0x00000000                __ram6_init__ = .
 *(.ram6_init)
 *(.ram6_init.*)
                0x00000000                . = ALIGN (0x4)

.ram6           0x00000000        0x0 load address 0x08000054
                0x00000000                __ram6_clear__ = .
 *(.ram6_clear)
 *(.ram6_clear.*)
                0x00000000                . = ALIGN (0x4)
                0x00000000                __ram6_noinit__ = .
 *(.ram6)
 *(.ram6.*)
                0x00000000                . = ALIGN (0x4)
                0x00000000                __ram6_free__ = .

.ram7_init      0x00000000        0x0 load address 0x08000054
                0x08000054                __ram7_init_text__ = LOADADDR (.ram7_init)
                0x00000000                __ram7_init__ = .
 *(.ram7_init)
 *(.ram7_init.*)
                0x00000000                . = ALIGN (0x4)

.ram7           0x00000000        0x0 load address 0x08000054
                0x00000000                __ram7_clear__ = .
 *(.ram7_clear)
 *(.ram7_clear.*)
                0x00000000                . = ALIGN (0x4)
                0x00000000                __ram7_noinit__ = .
 *(.ram7)
 *(.ram7.*)
                0x00000000                . = ALIGN (0x4)
                0x00000000                __ram7_free__ = .

.flash0         0x08000054        0x0
                0x08000054                __flash0_init__ = .
 *(.flash0_init)
 *(.flash0_init.*)
                0x08000054                __flash0_free__ = .

.flash1         0x00000000        0x0
                0x00000000                __flash1_init__ = .
 *(.flash1_init)
 *(.flash1_init.*)
                0x00000000                __flash1_free__ = .

.flash2         0x00000000        0x0
                0x00000000                __flash2_init__ = .
 *(.flash2_init)
 *(.flash2_init.*)
                0x00000000                __flash2_free__ = .

.flash3         0x00000000        0x0
                0x00000000                __flash3_init__ = .
 *(.flash3_init)
 *(.flash3_init.*)
                0x00000000                __flash3_free__ = .

.flash4         0x00000000        0x0
                0x00000000                __flash4_init__ = .
 *(.flash4_init)
 *(.flash4_init.*)
                0x00000000                __flash4_free__ = .

.flash5         0x00000000        0x0
                0x00000000                __flash5_init__ = .
 *(.flash5_init)
 *(.flash5_init.*)
                0x00000000                __flash5_free__ = .

.flash6         0x00000000        0x0
                0x00000000                __flash6_init__ = .
 *(.flash6_init)
 *(.flash6_init.*)
                0x00000000                __flash6_free__ = .

.flash7         0x00000000        0x0
                0x00000000                __flash7_init__ = .
 *(.flash7_init)
 *(.flash7_init.*)
                0x00000000                __flash7_free__ = .

.heap           0x20000800    0x1f800
                0x20000800                . = ALIGN (0x8)
                0x20000800                __heap_base__ = .
                0x20020000                . = (ORIGIN (HEAP_RAM) + LENGTH (HEAP_RAM))
 *fill*         0x20000800    0x1f800 
                0x20020000                __heap_end__ = .
                0x00000400                __process_stack_size__ = 0x400
                0x00000400                __main_stack_size__ = 0x400
START GROUP
LOAD c:/chibistudio/tools/gnu tools arm embedded/11.3 2022.08/bin/../lib/gcc/arm-none-eabi/11.3.1/thumb/v7e-m+fp/softfp\libgcc.a
LOAD c:/chibistudio/tools/gnu tools arm embedded/11.3 2022.08/bin/../lib/gcc/arm-none-eabi/11.3.1/thumb/v7e-m+fp/softfp\libg_nano.a
LOAD c:/chibistudio/tools/gnu tools arm embedded/11.3 2022.08/bin/../lib/gcc/arm-none-eabi/11.3.1/thumb/v7e-m+fp/softfp\libc_nano.a
END GROUP
START GROUP
LOAD c:/chibistudio/tools/gnu tools arm embedded/11.3 2022.08/bin/../lib/gcc/arm-none-eabi/11.3.1/thumb/v7e-m+fp/softfp\libgcc.a
LOAD c:/chibistudio/tools/gnu tools arm embedded/11.3 2022.08/bin/../lib/gcc/arm-none-eabi/11.3.1/thumb/v7e-m+fp/softfp\libc_nano.a
LOAD c:/chibistudio/tools/gnu tools arm embedded/11.3 2022.08/bin/../lib/gcc/arm-none-eabi/11.3.1/thumb/v7e-m+fp/softfp\libnosys.a
END GROUP
START GROUP
LOAD c:/chibistudio/tools/gnu tools arm embedded/11.3 2022.08/bin/../lib/gcc/arm-none-eabi/11.3.1/thumb/v7e-m+fp/softfp\libgcc.a
LOAD c:/chibistudio/tools/gnu tools arm embedded/11.3 2022.08/bin/../lib/gcc/arm-none-eabi/11.3.1/thumb/v7e-m+fp/softfp\libc_nano.a
LOAD c:/chibistudio/tools/gnu tools arm embedded/11.3 2022.08/bin/../lib/gcc/arm-none-eabi/11.3.1/thumb/v7e-m+fp/softfp\libnosys.a
END GROUP
OUTPUT(build/ch.elf elf32-littlearm)
LOAD linker stubs

.ARM.attributes
                0x00000000       0x2e
 .ARM.attributes
                0x00000000       0x1f ./build/obj/startup_MPS2.o

.debug_line     0x00000000       0x84
 .debug_line    0x00000000       0x84 ./build/obj/startup_MPS2.o

.debug_line_str
                0x00000000       0x40
 .debug_line_str
                0x00000000       0x40 ./build/obj/startup_MPS2.o
                                 0x4f (size before relaxing)

.debug_info     0x00000000       0x23
 .debug_info    0x00000000       0x23 ./build/obj/startup_MPS2.o

.debug_abbrev   0x00000000       0x12
 .debug_abbrev  0x00000000       0x12 ./build/obj/startup_MPS2.o

.debug_aranges  0x00000000       0x28
 .debug_aranges
                0x00000000       0x28 ./build/obj/startup_MPS2.o

.debug_str      0x00000000       0x4c
 .debug_str     0x00000000       0x4c ./build/obj/startup_MPS2.o

.debug_rnglists
                0x00000000       0x19
 .debug_rnglists
                0x00000000       0x19 ./build/obj/startup_MPS2.o

Cross Reference Table

Symbol                                            File
ADCSPI_Handler                                    ./build/obj/startup_MPS2.o
AES_Te0                                           ./build/obj/aes-publicinputs.o
BusFault_Handler                                  ./build/obj/startup_MPS2.o
DUALTIMER_HANDLER                                 ./build/obj/startup_MPS2.o
DebugMon_Handler                                  ./build/obj/startup_MPS2.o
Default_Handler                                   ./build/obj/startup_MPS2.o
ETHERNET_Handler                                  ./build/obj/startup_MPS2.o
HardFault_Handler                                 ./build/obj/startup_MPS2.o
I2S_Handler                                       ./build/obj/startup_MPS2.o
KeccakF1600_Initialize                            ./build/obj/keccakf1600.o
KeccakF1600_StateExtractBytes                     ./build/obj/keccakf1600.o
KeccakF1600_StatePermute                          ./build/obj/keccakf1600.o
KeccakF1600_StateXORBytes                         ./build/obj/keccakf1600.o
MemManage_Handler                                 ./build/obj/startup_MPS2.o
NMI_Handler                                       ./build/obj/startup_MPS2.o
PORT0_0_Handler                                   ./build/obj/startup_MPS2.o
PORT0_1_Handler                                   ./build/obj/startup_MPS2.o
PORT0_2_Handler                                   ./build/obj/startup_MPS2.o
PORT0_3_Handler                                   ./build/obj/startup_MPS2.o
PORT0_4_Handler                                   ./build/obj/startup_MPS2.o
PORT0_5_Handler                                   ./build/obj/startup_MPS2.o
PORT0_6_Handler                                   ./build/obj/startup_MPS2.o
PORT0_7_Handler                                   ./build/obj/startup_MPS2.o
PORT0_COMB_Handler                                ./build/obj/startup_MPS2.o
PORT1_COMB_Handler                                ./build/obj/startup_MPS2.o
PORT2_COMB_Handler                                ./build/obj/startup_MPS2.o
PORT3_COMB_Handler                                ./build/obj/startup_MPS2.o
PQCLEAN_randombytes                               ./build/obj/randombytes.o (symbol from plugin)
                                                  ./build/obj/sign.o (symbol from plugin)
PendSV_Handler                                    ./build/obj/startup_MPS2.o
Reset_Handler                                     ./build/obj/startup_MPS2.o
SD1                                               ./build/obj/hal_serial_lld.o (symbol from plugin)
                                                  ./build/obj/main.o (symbol from plugin)
                                                  ./build/obj/stm32_isr.o (symbol from plugin)
SD2                                               ./build/obj/hal_serial_lld.o (symbol from plugin)
                                                  ./build/obj/main.o (symbol from plugin)
                                                  ./build/obj/stm32_isr.o (symbol from plugin)
SHIELDSPI_Handler                                 ./build/obj/startup_MPS2.o
SPI_Handler                                       ./build/obj/startup_MPS2.o
SVC_Handler                                       C:\Users\Ridwane\AppData\Local\Temp\ccDbTOak.ltrans0.ltrans.o
                                                  ./build/obj/chcore.o (symbol from plugin)
                                                  ./build/obj/startup_MPS2.o
SysTick_Handler                                   ./build/obj/startup_MPS2.o
SystemCoreClock                                   ./build/obj/hal_lld.o (symbol from plugin)
SystemInit                                        ./build/obj/startup_MPS2.o
TIMER0_Handler                                    ./build/obj/startup_MPS2.o
TIMER1_Handler                                    ./build/obj/startup_MPS2.o
TSC_Handler                                       ./build/obj/startup_MPS2.o
UARTOVF_Handler                                   ./build/obj/startup_MPS2.o
UARTRX0_Handler                                   ./build/obj/startup_MPS2.o
UARTRX1_Handler                                   ./build/obj/startup_MPS2.o
UARTRX2_Handler                                   ./build/obj/startup_MPS2.o
UARTRX3_Handler                                   ./build/obj/startup_MPS2.o
UARTRX4_Handler                                   ./build/obj/startup_MPS2.o
UARTTX0_Handler                                   ./build/obj/startup_MPS2.o
UARTTX1_Handler                                   ./build/obj/startup_MPS2.o
UARTTX2_Handler                                   ./build/obj/startup_MPS2.o
UARTTX3_Handler                                   ./build/obj/startup_MPS2.o
UARTTX4_Handler                                   ./build/obj/startup_MPS2.o
UsageFault_Handler                                ./build/obj/startup_MPS2.o
VectorB0                                          ./build/obj/stm32_isr.o (symbol from plugin)
VectorD4                                          ./build/obj/stm32_isr.o (symbol from plugin)
VectorD8                                          ./build/obj/stm32_isr.o (symbol from plugin)
__StackTop                                        ./build/obj/startup_MPS2.o
__aeabi_idiv0                                     c:/chibistudio/tools/gnu tools arm embedded/11.3 2022.08/bin/../lib/gcc/arm-none-eabi/11.3.1/thumb/v7e-m+fp/softfp\libgcc.a(_dvmd_tls.o)
__aeabi_ldiv0                                     c:/chibistudio/tools/gnu tools arm embedded/11.3 2022.08/bin/../lib/gcc/arm-none-eabi/11.3.1/thumb/v7e-m+fp/softfp\libgcc.a(_dvmd_tls.o)
                                                  c:/chibistudio/tools/gnu tools arm embedded/11.3 2022.08/bin/../lib/gcc/arm-none-eabi/11.3.1/thumb/v7e-m+fp/softfp\libgcc.a(_aeabi_uldivmod.o)
__aeabi_uldivmod                                  c:/chibistudio/tools/gnu tools arm embedded/11.3 2022.08/bin/../lib/gcc/arm-none-eabi/11.3.1/thumb/v7e-m+fp/softfp\libgcc.a(_aeabi_uldivmod.o)
                                                  C:\Users\Ridwane\AppData\Local\Temp\ccDbTOak.ltrans1.ltrans.o
__asm_asymmetric_mul_257_16                       ./build/obj/basemul_257.o
                                                  C:\Users\Ridwane\AppData\Local\Temp\ccDbTOak.ltrans1.ltrans.o
                                                  ./build/obj/smallpoly.o (symbol from plugin)
__asm_fnt_257                                     ./build/obj/fnt_257.o
                                                  C:\Users\Ridwane\AppData\Local\Temp\ccDbTOak.ltrans1.ltrans.o
                                                  ./build/obj/smallpoly.o (symbol from plugin)
__asm_ifnt_257                                    ./build/obj/ifnt_257.o
                                                  C:\Users\Ridwane\AppData\Local\Temp\ccDbTOak.ltrans1.ltrans.o
                                                  ./build/obj/smallpoly.o (symbol from plugin)
__asm_point_mul_257_16                            ./build/obj/basemul_257.o
                                                  C:\Users\Ridwane\AppData\Local\Temp\ccDbTOak.ltrans1.ltrans.o
                                                  ./build/obj/smallpoly.o (symbol from plugin)
__assert                                          c:/chibistudio/tools/gnu tools arm embedded/11.3 2022.08/bin/../lib/gcc/arm-none-eabi/11.3.1/thumb/v7e-m+fp/softfp\libg_nano.a(libc_a-assert.o)
__assert_func                                     c:/chibistudio/tools/gnu tools arm embedded/11.3 2022.08/bin/../lib/gcc/arm-none-eabi/11.3.1/thumb/v7e-m+fp/softfp\libg_nano.a(libc_a-assert.o)
                                                  c:/chibistudio/tools/gnu tools arm embedded/11.3 2022.08/bin/../lib/gcc/arm-none-eabi/11.3.1/thumb/v7e-m+fp/softfp\libg_nano.a(libc_a-rand.o)
__bss_base__                                      C:\Users\Ridwane\AppData\Local\Temp\ccDbTOak.ltrans1.ltrans.o
                                                  ./build/obj/ch_test.o (symbol from plugin)
                                                  ./build/obj/crt0_v7m.o
__bss_end__                                       C:\Users\Ridwane\AppData\Local\Temp\ccDbTOak.ltrans1.ltrans.o
                                                  ./build/obj/ch_test.o (symbol from plugin)
                                                  ./build/obj/startup_MPS2.o
                                                  ./build/obj/crt0_v7m.o
__bss_start__                                     ./build/obj/startup_MPS2.o
__call_exitprocs                                  c:/chibistudio/tools/gnu tools arm embedded/11.3 2022.08/bin/../lib/gcc/arm-none-eabi/11.3.1/thumb/v7e-m+fp/softfp\libg_nano.a(libc_a-exit.o)
__ch_delegate_fn0                                 ./build/obj/chdelegates.o (symbol from plugin)
                                                  ./build/obj/oslib_test_sequence_005.o (symbol from plugin)
__ch_delegate_fn1                                 ./build/obj/chdelegates.o (symbol from plugin)
                                                  ./build/obj/oslib_test_sequence_005.o (symbol from plugin)
__ch_delegate_fn2                                 ./build/obj/chdelegates.o (symbol from plugin)
                                                  ./build/obj/oslib_test_sequence_005.o (symbol from plugin)
__ch_delegate_fn3                                 ./build/obj/chdelegates.o (symbol from plugin)
                                                  ./build/obj/oslib_test_sequence_005.o (symbol from plugin)
__ch_delegate_fn4                                 ./build/obj/chdelegates.o (symbol from plugin)
                                                  ./build/obj/oslib_test_sequence_005.o (symbol from plugin)
__core_init                                       ./build/obj/chmemcore.o (symbol from plugin)
                                                  ./build/obj/chsys.o (symbol from plugin)
__cpu_init                                        C:\Users\Ridwane\AppData\Local\Temp\ccDbTOak.ltrans0.ltrans.o
                                                  ./build/obj/crt1.o (symbol from plugin)
                                                  ./build/obj/crt0_v7m.o
__cxa_pure_virtual                                ./build/obj/syscalls.o (symbol from plugin)
__data_base__                                     C:\Users\Ridwane\AppData\Local\Temp\ccDbTOak.ltrans1.ltrans.o
                                                  ./build/obj/ch_test.o (symbol from plugin)
                                                  ./build/obj/crt0_v7m.o
__data_end__                                      C:\Users\Ridwane\AppData\Local\Temp\ccDbTOak.ltrans1.ltrans.o
                                                  ./build/obj/ch_test.o (symbol from plugin)
                                                  ./build/obj/startup_MPS2.o
                                                  ./build/obj/crt0_v7m.o
__data_start__                                    ./build/obj/startup_MPS2.o
__default_exit                                    C:\Users\Ridwane\AppData\Local\Temp\ccDbTOak.ltrans0.ltrans.o
                                                  ./build/obj/crt1.o (symbol from plugin)
                                                  ./build/obj/crt0_v7m.o
__early_init                                      C:\Users\Ridwane\AppData\Local\Temp\ccDbTOak.ltrans0.ltrans.o
                                                  ./build/obj/board.o (symbol from plugin)
                                                  ./build/obj/crt1.o (symbol from plugin)
                                                  ./build/obj/crt0_v7m.o
__etext                                           ./build/obj/startup_MPS2.o
__factory_init                                    ./build/obj/chfactory.o (symbol from plugin)
                                                  ./build/obj/chsys.o (symbol from plugin)
__fini_array_base__                               ./build/obj/crt0_v7m.o
__fini_array_end__                                ./build/obj/crt0_v7m.o
__fp_lock_all                                     c:/chibistudio/tools/gnu tools arm embedded/11.3 2022.08/bin/../lib/gcc/arm-none-eabi/11.3.1/thumb/v7e-m+fp/softfp\libg_nano.a(libc_a-findfp.o)
__fp_unlock_all                                   c:/chibistudio/tools/gnu tools arm embedded/11.3 2022.08/bin/../lib/gcc/arm-none-eabi/11.3.1/thumb/v7e-m+fp/softfp\libg_nano.a(libc_a-findfp.o)
__heap_base__                                     C:\Users\Ridwane\AppData\Local\Temp\ccDbTOak.ltrans1.ltrans.o
                                                  ./build/obj/chmemcore.o (symbol from plugin)
__heap_end__                                      C:\Users\Ridwane\AppData\Local\Temp\ccDbTOak.ltrans1.ltrans.o
                                                  ./build/obj/chmemcore.o (symbol from plugin)
__heap_init                                       ./build/obj/chmemheaps.o (symbol from plugin)
                                                  ./build/obj/chsys.o (symbol from plugin)
__idle_thread.lto_priv.0                          C:\Users\Ridwane\AppData\Local\Temp\ccDbTOak.ltrans0.ltrans.o
                                                  C:\Users\Ridwane\AppData\Local\Temp\ccDbTOak.ltrans1.ltrans.o
__init_array_base__                               ./build/obj/crt0_v7m.o
__init_array_end__                                ./build/obj/crt0_v7m.o
__init_ram_areas                                  C:\Users\Ridwane\AppData\Local\Temp\ccDbTOak.ltrans0.ltrans.o
                                                  ./build/obj/crt1.o (symbol from plugin)
                                                  ./build/obj/crt0_v7m.o
__isr_vector                                      ./build/obj/startup_MPS2.o
__late_init                                       C:\Users\Ridwane\AppData\Local\Temp\ccDbTOak.ltrans0.ltrans.o
                                                  ./build/obj/crt1.o (symbol from plugin)
                                                  ./build/obj/crt0_v7m.o
__lock___arc4random_mutex                         c:/chibistudio/tools/gnu tools arm embedded/11.3 2022.08/bin/../lib/gcc/arm-none-eabi/11.3.1/thumb/v7e-m+fp/softfp\libg_nano.a(libc_a-lock.o)
__lock___at_quick_exit_mutex                      c:/chibistudio/tools/gnu tools arm embedded/11.3 2022.08/bin/../lib/gcc/arm-none-eabi/11.3.1/thumb/v7e-m+fp/softfp\libg_nano.a(libc_a-lock.o)
__lock___atexit_recursive_mutex                   c:/chibistudio/tools/gnu tools arm embedded/11.3 2022.08/bin/../lib/gcc/arm-none-eabi/11.3.1/thumb/v7e-m+fp/softfp\libg_nano.a(libc_a-lock.o)
__lock___dd_hash_mutex                            c:/chibistudio/tools/gnu tools arm embedded/11.3 2022.08/bin/../lib/gcc/arm-none-eabi/11.3.1/thumb/v7e-m+fp/softfp\libg_nano.a(libc_a-lock.o)
__lock___env_recursive_mutex                      c:/chibistudio/tools/gnu tools arm embedded/11.3 2022.08/bin/../lib/gcc/arm-none-eabi/11.3.1/thumb/v7e-m+fp/softfp\libg_nano.a(libc_a-lock.o)
__lock___malloc_recursive_mutex                   c:/chibistudio/tools/gnu tools arm embedded/11.3 2022.08/bin/../lib/gcc/arm-none-eabi/11.3.1/thumb/v7e-m+fp/softfp\libg_nano.a(libc_a-lock.o)
                                                  c:/chibistudio/tools/gnu tools arm embedded/11.3 2022.08/bin/../lib/gcc/arm-none-eabi/11.3.1/thumb/v7e-m+fp/softfp\libg_nano.a(libc_a-mlock.o)
__lock___sfp_recursive_mutex                      c:/chibistudio/tools/gnu tools arm embedded/11.3 2022.08/bin/../lib/gcc/arm-none-eabi/11.3.1/thumb/v7e-m+fp/softfp\libg_nano.a(libc_a-lock.o)
                                                  c:/chibistudio/tools/gnu tools arm embedded/11.3 2022.08/bin/../lib/gcc/arm-none-eabi/11.3.1/thumb/v7e-m+fp/softfp\libg_nano.a(libc_a-findfp.o)
__lock___tz_mutex                                 c:/chibistudio/tools/gnu tools arm embedded/11.3 2022.08/bin/../lib/gcc/arm-none-eabi/11.3.1/thumb/v7e-m+fp/softfp\libg_nano.a(libc_a-lock.o)
__main_stack_base__                               ./build/obj/crt0_v7m.o
__main_stack_end__                                ./build/obj/crt0_v7m.o
__malloc_free_list                                c:/chibistudio/tools/gnu tools arm embedded/11.3 2022.08/bin/../lib/gcc/arm-none-eabi/11.3.1/thumb/v7e-m+fp/softfp\libg_nano.a(libc_a-mallocr.o)
                                                  c:/chibistudio/tools/gnu tools arm embedded/11.3 2022.08/bin/../lib/gcc/arm-none-eabi/11.3.1/thumb/v7e-m+fp/softfp\libg_nano.a(libc_a-freer.o)
__malloc_lock                                     c:/chibistudio/tools/gnu tools arm embedded/11.3 2022.08/bin/../lib/gcc/arm-none-eabi/11.3.1/thumb/v7e-m+fp/softfp\libg_nano.a(libc_a-mlock.o)
                                                  c:/chibistudio/tools/gnu tools arm embedded/11.3 2022.08/bin/../lib/gcc/arm-none-eabi/11.3.1/thumb/v7e-m+fp/softfp\libg_nano.a(libc_a-freer.o)
                                                  c:/chibistudio/tools/gnu tools arm embedded/11.3 2022.08/bin/../lib/gcc/arm-none-eabi/11.3.1/thumb/v7e-m+fp/softfp\libg_nano.a(libc_a-mallocr.o)
__malloc_sbrk_start                               c:/chibistudio/tools/gnu tools arm embedded/11.3 2022.08/bin/../lib/gcc/arm-none-eabi/11.3.1/thumb/v7e-m+fp/softfp\libg_nano.a(libc_a-mallocr.o)
__malloc_unlock                                   c:/chibistudio/tools/gnu tools arm embedded/11.3 2022.08/bin/../lib/gcc/arm-none-eabi/11.3.1/thumb/v7e-m+fp/softfp\libg_nano.a(libc_a-mlock.o)
                                                  c:/chibistudio/tools/gnu tools arm embedded/11.3 2022.08/bin/../lib/gcc/arm-none-eabi/11.3.1/thumb/v7e-m+fp/softfp\libg_nano.a(libc_a-freer.o)
                                                  c:/chibistudio/tools/gnu tools arm embedded/11.3 2022.08/bin/../lib/gcc/arm-none-eabi/11.3.1/thumb/v7e-m+fp/softfp\libg_nano.a(libc_a-mallocr.o)
__port_exit_from_isr                              ./build/obj/chcoreasm.o
                                                  ./build/obj/chcore.o (symbol from plugin)
__port_irq_epilogue                               ./build/obj/chcore.o (symbol from plugin)
                                                  ./build/obj/stm32_isr.o (symbol from plugin)
__port_switch                                     ./build/obj/chcoreasm.o
                                                  C:\Users\Ridwane\AppData\Local\Temp\ccDbTOak.ltrans1.ltrans.o
                                                  C:\Users\Ridwane\AppData\Local\Temp\ccDbTOak.ltrans0.ltrans.o
                                                  ./build/obj/chschd.o (symbol from plugin)
__port_switch_from_isr                            ./build/obj/chcoreasm.o
                                                  ./build/obj/chcore.o (symbol from plugin)
__port_thread_start                               ./build/obj/chcoreasm.o
                                                  C:\Users\Ridwane\AppData\Local\Temp\ccDbTOak.ltrans0.ltrans.o
                                                  ./build/obj/chthreads.o (symbol from plugin)
__process_stack_base__                            ./build/obj/crt0_v7m.o
__process_stack_end__                             ./build/obj/crt0_v7m.o
__ram0_clear__                                    C:\Users\Ridwane\AppData\Local\Temp\ccDbTOak.ltrans0.ltrans.o
                                                  ./build/obj/crt1.o (symbol from plugin)
__ram0_init__                                     C:\Users\Ridwane\AppData\Local\Temp\ccDbTOak.ltrans0.ltrans.o
                                                  ./build/obj/crt1.o (symbol from plugin)
__ram0_init_text__                                C:\Users\Ridwane\AppData\Local\Temp\ccDbTOak.ltrans0.ltrans.o
                                                  ./build/obj/crt1.o (symbol from plugin)
__ram0_noinit__                                   C:\Users\Ridwane\AppData\Local\Temp\ccDbTOak.ltrans0.ltrans.o
                                                  ./build/obj/crt1.o (symbol from plugin)
__ram1_clear__                                    C:\Users\Ridwane\AppData\Local\Temp\ccDbTOak.ltrans0.ltrans.o
                                                  ./build/obj/crt1.o (symbol from plugin)
__ram1_init__                                     C:\Users\Ridwane\AppData\Local\Temp\ccDbTOak.ltrans0.ltrans.o
                                                  ./build/obj/crt1.o (symbol from plugin)
__ram1_init_text__                                C:\Users\Ridwane\AppData\Local\Temp\ccDbTOak.ltrans0.ltrans.o
                                                  ./build/obj/crt1.o (symbol from plugin)
__ram1_noinit__                                   C:\Users\Ridwane\AppData\Local\Temp\ccDbTOak.ltrans0.ltrans.o
                                                  ./build/obj/crt1.o (symbol from plugin)
__ram2_clear__                                    C:\Users\Ridwane\AppData\Local\Temp\ccDbTOak.ltrans0.ltrans.o
                                                  ./build/obj/crt1.o (symbol from plugin)
__ram2_init__                                     C:\Users\Ridwane\AppData\Local\Temp\ccDbTOak.ltrans0.ltrans.o
                                                  ./build/obj/crt1.o (symbol from plugin)
__ram2_init_text__                                C:\Users\Ridwane\AppData\Local\Temp\ccDbTOak.ltrans0.ltrans.o
                                                  ./build/obj/crt1.o (symbol from plugin)
__ram2_noinit__                                   C:\Users\Ridwane\AppData\Local\Temp\ccDbTOak.ltrans0.ltrans.o
                                                  ./build/obj/crt1.o (symbol from plugin)
__ram3_clear__                                    C:\Users\Ridwane\AppData\Local\Temp\ccDbTOak.ltrans0.ltrans.o
                                                  ./build/obj/crt1.o (symbol from plugin)
__ram3_init__                                     C:\Users\Ridwane\AppData\Local\Temp\ccDbTOak.ltrans0.ltrans.o
                                                  ./build/obj/crt1.o (symbol from plugin)
__ram3_init_text__                                C:\Users\Ridwane\AppData\Local\Temp\ccDbTOak.ltrans0.ltrans.o
                                                  ./build/obj/crt1.o (symbol from plugin)
__ram3_noinit__                                   C:\Users\Ridwane\AppData\Local\Temp\ccDbTOak.ltrans0.ltrans.o
                                                  ./build/obj/crt1.o (symbol from plugin)
__ram4_clear__                                    C:\Users\Ridwane\AppData\Local\Temp\ccDbTOak.ltrans0.ltrans.o
                                                  ./build/obj/crt1.o (symbol from plugin)
__ram4_init__                                     C:\Users\Ridwane\AppData\Local\Temp\ccDbTOak.ltrans0.ltrans.o
                                                  ./build/obj/crt1.o (symbol from plugin)
__ram4_init_text__                                C:\Users\Ridwane\AppData\Local\Temp\ccDbTOak.ltrans0.ltrans.o
                                                  ./build/obj/crt1.o (symbol from plugin)
__ram4_noinit__                                   C:\Users\Ridwane\AppData\Local\Temp\ccDbTOak.ltrans0.ltrans.o
                                                  ./build/obj/crt1.o (symbol from plugin)
__ram5_clear__                                    C:\Users\Ridwane\AppData\Local\Temp\ccDbTOak.ltrans0.ltrans.o
                                                  ./build/obj/crt1.o (symbol from plugin)
__ram5_init__                                     C:\Users\Ridwane\AppData\Local\Temp\ccDbTOak.ltrans0.ltrans.o
                                                  ./build/obj/crt1.o (symbol from plugin)
__ram5_init_text__                                C:\Users\Ridwane\AppData\Local\Temp\ccDbTOak.ltrans0.ltrans.o
                                                  ./build/obj/crt1.o (symbol from plugin)
__ram5_noinit__                                   C:\Users\Ridwane\AppData\Local\Temp\ccDbTOak.ltrans0.ltrans.o
                                                  ./build/obj/crt1.o (symbol from plugin)
__ram6_clear__                                    C:\Users\Ridwane\AppData\Local\Temp\ccDbTOak.ltrans0.ltrans.o
                                                  ./build/obj/crt1.o (symbol from plugin)
__ram6_init__                                     C:\Users\Ridwane\AppData\Local\Temp\ccDbTOak.ltrans0.ltrans.o
                                                  ./build/obj/crt1.o (symbol from plugin)
__ram6_init_text__                                C:\Users\Ridwane\AppData\Local\Temp\ccDbTOak.ltrans0.ltrans.o
                                                  ./build/obj/crt1.o (symbol from plugin)
__ram6_noinit__                                   C:\Users\Ridwane\AppData\Local\Temp\ccDbTOak.ltrans0.ltrans.o
                                                  ./build/obj/crt1.o (symbol from plugin)
__ram7_clear__                                    C:\Users\Ridwane\AppData\Local\Temp\ccDbTOak.ltrans0.ltrans.o
                                                  ./build/obj/crt1.o (symbol from plugin)
__ram7_init__                                     C:\Users\Ridwane\AppData\Local\Temp\ccDbTOak.ltrans0.ltrans.o
                                                  ./build/obj/crt1.o (symbol from plugin)
__ram7_init_text__                                C:\Users\Ridwane\AppData\Local\Temp\ccDbTOak.ltrans0.ltrans.o
                                                  ./build/obj/crt1.o (symbol from plugin)
__ram7_noinit__                                   C:\Users\Ridwane\AppData\Local\Temp\ccDbTOak.ltrans0.ltrans.o
                                                  ./build/obj/crt1.o (symbol from plugin)
__retarget_lock_acquire                           c:/chibistudio/tools/gnu tools arm embedded/11.3 2022.08/bin/../lib/gcc/arm-none-eabi/11.3.1/thumb/v7e-m+fp/softfp\libg_nano.a(libc_a-lock.o)
__retarget_lock_acquire_recursive                 c:/chibistudio/tools/gnu tools arm embedded/11.3 2022.08/bin/../lib/gcc/arm-none-eabi/11.3.1/thumb/v7e-m+fp/softfp\libg_nano.a(libc_a-lock.o)
                                                  c:/chibistudio/tools/gnu tools arm embedded/11.3 2022.08/bin/../lib/gcc/arm-none-eabi/11.3.1/thumb/v7e-m+fp/softfp\libg_nano.a(libc_a-fflush.o)
                                                  c:/chibistudio/tools/gnu tools arm embedded/11.3 2022.08/bin/../lib/gcc/arm-none-eabi/11.3.1/thumb/v7e-m+fp/softfp\libg_nano.a(libc_a-findfp.o)
                                                  c:/chibistudio/tools/gnu tools arm embedded/11.3 2022.08/bin/../lib/gcc/arm-none-eabi/11.3.1/thumb/v7e-m+fp/softfp\libg_nano.a(libc_a-nano-vfprintf.o)
                                                  c:/chibistudio/tools/gnu tools arm embedded/11.3 2022.08/bin/../lib/gcc/arm-none-eabi/11.3.1/thumb/v7e-m+fp/softfp\libg_nano.a(libc_a-mlock.o)
__retarget_lock_close                             c:/chibistudio/tools/gnu tools arm embedded/11.3 2022.08/bin/../lib/gcc/arm-none-eabi/11.3.1/thumb/v7e-m+fp/softfp\libg_nano.a(libc_a-lock.o)
__retarget_lock_close_recursive                   c:/chibistudio/tools/gnu tools arm embedded/11.3 2022.08/bin/../lib/gcc/arm-none-eabi/11.3.1/thumb/v7e-m+fp/softfp\libg_nano.a(libc_a-lock.o)
__retarget_lock_init                              c:/chibistudio/tools/gnu tools arm embedded/11.3 2022.08/bin/../lib/gcc/arm-none-eabi/11.3.1/thumb/v7e-m+fp/softfp\libg_nano.a(libc_a-lock.o)
__retarget_lock_init_recursive                    c:/chibistudio/tools/gnu tools arm embedded/11.3 2022.08/bin/../lib/gcc/arm-none-eabi/11.3.1/thumb/v7e-m+fp/softfp\libg_nano.a(libc_a-lock.o)
                                                  c:/chibistudio/tools/gnu tools arm embedded/11.3 2022.08/bin/../lib/gcc/arm-none-eabi/11.3.1/thumb/v7e-m+fp/softfp\libg_nano.a(libc_a-findfp.o)
__retarget_lock_release                           c:/chibistudio/tools/gnu tools arm embedded/11.3 2022.08/bin/../lib/gcc/arm-none-eabi/11.3.1/thumb/v7e-m+fp/softfp\libg_nano.a(libc_a-lock.o)
__retarget_lock_release_recursive                 c:/chibistudio/tools/gnu tools arm embedded/11.3 2022.08/bin/../lib/gcc/arm-none-eabi/11.3.1/thumb/v7e-m+fp/softfp\libg_nano.a(libc_a-lock.o)
                                                  c:/chibistudio/tools/gnu tools arm embedded/11.3 2022.08/bin/../lib/gcc/arm-none-eabi/11.3.1/thumb/v7e-m+fp/softfp\libg_nano.a(libc_a-fflush.o)
                                                  c:/chibistudio/tools/gnu tools arm embedded/11.3 2022.08/bin/../lib/gcc/arm-none-eabi/11.3.1/thumb/v7e-m+fp/softfp\libg_nano.a(libc_a-findfp.o)
                                                  c:/chibistudio/tools/gnu tools arm embedded/11.3 2022.08/bin/../lib/gcc/arm-none-eabi/11.3.1/thumb/v7e-m+fp/softfp\libg_nano.a(libc_a-nano-vfprintf.o)
                                                  c:/chibistudio/tools/gnu tools arm embedded/11.3 2022.08/bin/../lib/gcc/arm-none-eabi/11.3.1/thumb/v7e-m+fp/softfp\libg_nano.a(libc_a-mlock.o)
__retarget_lock_try_acquire                       c:/chibistudio/tools/gnu tools arm embedded/11.3 2022.08/bin/../lib/gcc/arm-none-eabi/11.3.1/thumb/v7e-m+fp/softfp\libg_nano.a(libc_a-lock.o)
__retarget_lock_try_acquire_recursive             c:/chibistudio/tools/gnu tools arm embedded/11.3 2022.08/bin/../lib/gcc/arm-none-eabi/11.3.1/thumb/v7e-m+fp/softfp\libg_nano.a(libc_a-lock.o)
__rodata_base__                                   C:\Users\Ridwane\AppData\Local\Temp\ccDbTOak.ltrans1.ltrans.o
                                                  ./build/obj/ch_test.o (symbol from plugin)
__rodata_end__                                    C:\Users\Ridwane\AppData\Local\Temp\ccDbTOak.ltrans1.ltrans.o
                                                  ./build/obj/ch_test.o (symbol from plugin)
__sch_reschedule_ahead.lto_priv.0                 C:\Users\Ridwane\AppData\Local\Temp\ccDbTOak.ltrans0.ltrans.o
                                                  C:\Users\Ridwane\AppData\Local\Temp\ccDbTOak.ltrans1.ltrans.o
__sch_wakeup.lto_priv.0                           C:\Users\Ridwane\AppData\Local\Temp\ccDbTOak.ltrans0.ltrans.o
                                                  C:\Users\Ridwane\AppData\Local\Temp\ccDbTOak.ltrans1.ltrans.o
__sclose                                          c:/chibistudio/tools/gnu tools arm embedded/11.3 2022.08/bin/../lib/gcc/arm-none-eabi/11.3.1/thumb/v7e-m+fp/softfp\libg_nano.a(libc_a-stdio.o)
                                                  c:/chibistudio/tools/gnu tools arm embedded/11.3 2022.08/bin/../lib/gcc/arm-none-eabi/11.3.1/thumb/v7e-m+fp/softfp\libg_nano.a(libc_a-findfp.o)
__seofread                                        c:/chibistudio/tools/gnu tools arm embedded/11.3 2022.08/bin/../lib/gcc/arm-none-eabi/11.3.1/thumb/v7e-m+fp/softfp\libg_nano.a(libc_a-stdio.o)
__sf                                              c:/chibistudio/tools/gnu tools arm embedded/11.3 2022.08/bin/../lib/gcc/arm-none-eabi/11.3.1/thumb/v7e-m+fp/softfp\libg_nano.a(libc_a-findfp.o)
                                                  c:/chibistudio/tools/gnu tools arm embedded/11.3 2022.08/bin/../lib/gcc/arm-none-eabi/11.3.1/thumb/v7e-m+fp/softfp\libg_nano.a(libc_a-impure.o)
__sflush_r                                        c:/chibistudio/tools/gnu tools arm embedded/11.3 2022.08/bin/../lib/gcc/arm-none-eabi/11.3.1/thumb/v7e-m+fp/softfp\libg_nano.a(libc_a-fflush.o)
__sfp                                             c:/chibistudio/tools/gnu tools arm embedded/11.3 2022.08/bin/../lib/gcc/arm-none-eabi/11.3.1/thumb/v7e-m+fp/softfp\libg_nano.a(libc_a-findfp.o)
__sfp_lock_acquire                                c:/chibistudio/tools/gnu tools arm embedded/11.3 2022.08/bin/../lib/gcc/arm-none-eabi/11.3.1/thumb/v7e-m+fp/softfp\libg_nano.a(libc_a-findfp.o)
__sfp_lock_release                                c:/chibistudio/tools/gnu tools arm embedded/11.3 2022.08/bin/../lib/gcc/arm-none-eabi/11.3.1/thumb/v7e-m+fp/softfp\libg_nano.a(libc_a-findfp.o)
__sfputs_r                                        c:/chibistudio/tools/gnu tools arm embedded/11.3 2022.08/bin/../lib/gcc/arm-none-eabi/11.3.1/thumb/v7e-m+fp/softfp\libg_nano.a(libc_a-nano-vfprintf.o)
__sfvwrite_r                                      c:/chibistudio/tools/gnu tools arm embedded/11.3 2022.08/bin/../lib/gcc/arm-none-eabi/11.3.1/thumb/v7e-m+fp/softfp\libg_nano.a(libc_a-fvwrite.o)
                                                  c:/chibistudio/tools/gnu tools arm embedded/11.3 2022.08/bin/../lib/gcc/arm-none-eabi/11.3.1/thumb/v7e-m+fp/softfp\libg_nano.a(libc_a-nano-vfprintf.o)
__sglue                                           c:/chibistudio/tools/gnu tools arm embedded/11.3 2022.08/bin/../lib/gcc/arm-none-eabi/11.3.1/thumb/v7e-m+fp/softfp\libg_nano.a(libc_a-findfp.o)
                                                  c:/chibistudio/tools/gnu tools arm embedded/11.3 2022.08/bin/../lib/gcc/arm-none-eabi/11.3.1/thumb/v7e-m+fp/softfp\libg_nano.a(libc_a-fflush.o)
__sigtramp                                        c:/chibistudio/tools/gnu tools arm embedded/11.3 2022.08/bin/../lib/gcc/arm-none-eabi/11.3.1/thumb/v7e-m+fp/softfp\libg_nano.a(libc_a-signal.o)
__sigtramp_r                                      c:/chibistudio/tools/gnu tools arm embedded/11.3 2022.08/bin/../lib/gcc/arm-none-eabi/11.3.1/thumb/v7e-m+fp/softfp\libg_nano.a(libc_a-signal.o)
__sinit                                           c:/chibistudio/tools/gnu tools arm embedded/11.3 2022.08/bin/../lib/gcc/arm-none-eabi/11.3.1/thumb/v7e-m+fp/softfp\libg_nano.a(libc_a-findfp.o)
                                                  c:/chibistudio/tools/gnu tools arm embedded/11.3 2022.08/bin/../lib/gcc/arm-none-eabi/11.3.1/thumb/v7e-m+fp/softfp\libg_nano.a(libc_a-fflush.o)
                                                  c:/chibistudio/tools/gnu tools arm embedded/11.3 2022.08/bin/../lib/gcc/arm-none-eabi/11.3.1/thumb/v7e-m+fp/softfp\libg_nano.a(libc_a-wsetup.o)
                                                  c:/chibistudio/tools/gnu tools arm embedded/11.3 2022.08/bin/../lib/gcc/arm-none-eabi/11.3.1/thumb/v7e-m+fp/softfp\libg_nano.a(libc_a-wbuf.o)
                                                  c:/chibistudio/tools/gnu tools arm embedded/11.3 2022.08/bin/../lib/gcc/arm-none-eabi/11.3.1/thumb/v7e-m+fp/softfp\libg_nano.a(libc_a-nano-vfprintf.o)
__smakebuf_r                                      c:/chibistudio/tools/gnu tools arm embedded/11.3 2022.08/bin/../lib/gcc/arm-none-eabi/11.3.1/thumb/v7e-m+fp/softfp\libg_nano.a(libc_a-makebuf.o)
                                                  c:/chibistudio/tools/gnu tools arm embedded/11.3 2022.08/bin/../lib/gcc/arm-none-eabi/11.3.1/thumb/v7e-m+fp/softfp\libg_nano.a(libc_a-wsetup.o)
__sprint_r                                        c:/chibistudio/tools/gnu tools arm embedded/11.3 2022.08/bin/../lib/gcc/arm-none-eabi/11.3.1/thumb/v7e-m+fp/softfp\libg_nano.a(libc_a-nano-vfprintf.o)
__sread                                           c:/chibistudio/tools/gnu tools arm embedded/11.3 2022.08/bin/../lib/gcc/arm-none-eabi/11.3.1/thumb/v7e-m+fp/softfp\libg_nano.a(libc_a-stdio.o)
                                                  c:/chibistudio/tools/gnu tools arm embedded/11.3 2022.08/bin/../lib/gcc/arm-none-eabi/11.3.1/thumb/v7e-m+fp/softfp\libg_nano.a(libc_a-findfp.o)
__sseek                                           c:/chibistudio/tools/gnu tools arm embedded/11.3 2022.08/bin/../lib/gcc/arm-none-eabi/11.3.1/thumb/v7e-m+fp/softfp\libg_nano.a(libc_a-stdio.o)
                                                  c:/chibistudio/tools/gnu tools arm embedded/11.3 2022.08/bin/../lib/gcc/arm-none-eabi/11.3.1/thumb/v7e-m+fp/softfp\libg_nano.a(libc_a-findfp.o)
__stdio_exit_handler                              c:/chibistudio/tools/gnu tools arm embedded/11.3 2022.08/bin/../lib/gcc/arm-none-eabi/11.3.1/thumb/v7e-m+fp/softfp\libg_nano.a(libc_a-findfp.o)
                                                  c:/chibistudio/tools/gnu tools arm embedded/11.3 2022.08/bin/../lib/gcc/arm-none-eabi/11.3.1/thumb/v7e-m+fp/softfp\libg_nano.a(libc_a-exit.o)
__swbuf                                           c:/chibistudio/tools/gnu tools arm embedded/11.3 2022.08/bin/../lib/gcc/arm-none-eabi/11.3.1/thumb/v7e-m+fp/softfp\libg_nano.a(libc_a-wbuf.o)
__swbuf_r                                         c:/chibistudio/tools/gnu tools arm embedded/11.3 2022.08/bin/../lib/gcc/arm-none-eabi/11.3.1/thumb/v7e-m+fp/softfp\libg_nano.a(libc_a-wbuf.o)
                                                  c:/chibistudio/tools/gnu tools arm embedded/11.3 2022.08/bin/../lib/gcc/arm-none-eabi/11.3.1/thumb/v7e-m+fp/softfp\libg_nano.a(libc_a-nano-vfprintf.o)
__swhatbuf_r                                      c:/chibistudio/tools/gnu tools arm embedded/11.3 2022.08/bin/../lib/gcc/arm-none-eabi/11.3.1/thumb/v7e-m+fp/softfp\libg_nano.a(libc_a-makebuf.o)
__swrite                                          c:/chibistudio/tools/gnu tools arm embedded/11.3 2022.08/bin/../lib/gcc/arm-none-eabi/11.3.1/thumb/v7e-m+fp/softfp\libg_nano.a(libc_a-stdio.o)
                                                  c:/chibistudio/tools/gnu tools arm embedded/11.3 2022.08/bin/../lib/gcc/arm-none-eabi/11.3.1/thumb/v7e-m+fp/softfp\libg_nano.a(libc_a-findfp.o)
__swsetup_r                                       c:/chibistudio/tools/gnu tools arm embedded/11.3 2022.08/bin/../lib/gcc/arm-none-eabi/11.3.1/thumb/v7e-m+fp/softfp\libg_nano.a(libc_a-wsetup.o)
                                                  c:/chibistudio/tools/gnu tools arm embedded/11.3 2022.08/bin/../lib/gcc/arm-none-eabi/11.3.1/thumb/v7e-m+fp/softfp\libg_nano.a(libc_a-wbuf.o)
                                                  c:/chibistudio/tools/gnu tools arm embedded/11.3 2022.08/bin/../lib/gcc/arm-none-eabi/11.3.1/thumb/v7e-m+fp/softfp\libg_nano.a(libc_a-fvwrite.o)
                                                  c:/chibistudio/tools/gnu tools arm embedded/11.3 2022.08/bin/../lib/gcc/arm-none-eabi/11.3.1/thumb/v7e-m+fp/softfp\libg_nano.a(libc_a-nano-vfprintf.o)
__test_assert                                     C:\Users\Ridwane\AppData\Local\Temp\ccDbTOak.ltrans0.ltrans.o
                                                  ./build/obj/ch_test.o (symbol from plugin)
                                                  C:\Users\Ridwane\AppData\Local\Temp\ccDbTOak.ltrans1.ltrans.o
                                                  ./build/obj/oslib_test_sequence_009.o (symbol from plugin)
                                                  ./build/obj/oslib_test_sequence_008.o (symbol from plugin)
                                                  ./build/obj/oslib_test_sequence_007.o (symbol from plugin)
                                                  ./build/obj/oslib_test_sequence_006.o (symbol from plugin)
                                                  ./build/obj/oslib_test_sequence_005.o (symbol from plugin)
                                                  ./build/obj/oslib_test_sequence_003.o (symbol from plugin)
                                                  ./build/obj/oslib_test_sequence_002.o (symbol from plugin)
                                                  ./build/obj/rt_test_sequence_011.o (symbol from plugin)
                                                  ./build/obj/rt_test_sequence_010.o (symbol from plugin)
                                                  ./build/obj/rt_test_sequence_008.o (symbol from plugin)
                                                  ./build/obj/rt_test_sequence_007.o (symbol from plugin)
                                                  ./build/obj/rt_test_sequence_006.o (symbol from plugin)
                                                  ./build/obj/rt_test_sequence_005.o (symbol from plugin)
                                                  ./build/obj/rt_test_sequence_004.o (symbol from plugin)
                                                  ./build/obj/rt_test_sequence_003.o (symbol from plugin)
                                                  ./build/obj/rt_test_sequence_002.o (symbol from plugin)
__test_assert_sequence                            ./build/obj/ch_test.o (symbol from plugin)
                                                  ./build/obj/oslib_test_sequence_006.o (symbol from plugin)
                                                  ./build/obj/oslib_test_sequence_005.o (symbol from plugin)
                                                  ./build/obj/oslib_test_sequence_004.o (symbol from plugin)
                                                  ./build/obj/oslib_test_sequence_002.o (symbol from plugin)
                                                  ./build/obj/rt_test_sequence_011.o (symbol from plugin)
                                                  ./build/obj/rt_test_sequence_010.o (symbol from plugin)
                                                  ./build/obj/rt_test_sequence_009.o (symbol from plugin)
                                                  ./build/obj/rt_test_sequence_008.o (symbol from plugin)
                                                  ./build/obj/rt_test_sequence_007.o (symbol from plugin)
                                                  ./build/obj/rt_test_sequence_005.o (symbol from plugin)
__test_assert_time_window                         ./build/obj/ch_test.o (symbol from plugin)
                                                  ./build/obj/rt_test_sequence_010.o (symbol from plugin)
                                                  ./build/obj/rt_test_sequence_007.o (symbol from plugin)
                                                  ./build/obj/rt_test_sequence_006.o (symbol from plugin)
                                                  ./build/obj/rt_test_sequence_005.o (symbol from plugin)
__test_fail                                       ./build/obj/ch_test.o (symbol from plugin)
__text_base__                                     C:\Users\Ridwane\AppData\Local\Temp\ccDbTOak.ltrans1.ltrans.o
                                                  ./build/obj/ch_test.o (symbol from plugin)
__text_end__                                      C:\Users\Ridwane\AppData\Local\Temp\ccDbTOak.ltrans1.ltrans.o
                                                  ./build/obj/ch_test.o (symbol from plugin)
__textdata_base__                                 ./build/obj/crt0_v7m.o
__thd_object_init                                 ./build/obj/chthreads.o (symbol from plugin)
                                                  ./build/obj/chinstances.o (symbol from plugin)
__udivmoddi4                                      c:/chibistudio/tools/gnu tools arm embedded/11.3 2022.08/bin/../lib/gcc/arm-none-eabi/11.3.1/thumb/v7e-m+fp/softfp\libgcc.a(_udivmoddi4.o)
                                                  c:/chibistudio/tools/gnu tools arm embedded/11.3 2022.08/bin/../lib/gcc/arm-none-eabi/11.3.1/thumb/v7e-m+fp/softfp\libgcc.a(_aeabi_uldivmod.o)
_calloc_r                                         c:/chibistudio/tools/gnu tools arm embedded/11.3 2022.08/bin/../lib/gcc/arm-none-eabi/11.3.1/thumb/v7e-m+fp/softfp\libg_nano.a(libc_a-callocr.o)
                                                  c:/chibistudio/tools/gnu tools arm embedded/11.3 2022.08/bin/../lib/gcc/arm-none-eabi/11.3.1/thumb/v7e-m+fp/softfp\libg_nano.a(libc_a-calloc.o)
_close_r                                          C:\Users\Ridwane\AppData\Local\Temp\ccDbTOak.ltrans1.ltrans.o
                                                  ./build/obj/syscalls.o (symbol from plugin)
                                                  c:/chibistudio/tools/gnu tools arm embedded/11.3 2022.08/bin/../lib/gcc/arm-none-eabi/11.3.1/thumb/v7e-m+fp/softfp\libg_nano.a(libc_a-stdio.o)
_crt0_entry                                       ./build/obj/crt0_v7m.o
_ctl.lto_priv.0                                   C:\Users\Ridwane\AppData\Local\Temp\ccDbTOak.ltrans0.ltrans.o
                                                  C:\Users\Ridwane\AppData\Local\Temp\ccDbTOak.ltrans1.ltrans.o
_exit                                             C:\Users\Ridwane\AppData\Local\Temp\ccDbTOak.ltrans1.ltrans.o
                                                  ./build/obj/syscalls.o (symbol from plugin)
                                                  c:/chibistudio/tools/gnu tools arm embedded/11.3 2022.08/bin/../lib/gcc/arm-none-eabi/11.3.1/thumb/v7e-m+fp/softfp\libg_nano.a(libc_a-exit.o)
                                                  c:/chibistudio/tools/gnu tools arm embedded/11.3 2022.08/bin/../lib/gcc/arm-none-eabi/11.3.1/thumb/v7e-m+fp/softfp\libg_nano.a(libc_a-abort.o)
_fflush_r                                         c:/chibistudio/tools/gnu tools arm embedded/11.3 2022.08/bin/../lib/gcc/arm-none-eabi/11.3.1/thumb/v7e-m+fp/softfp\libg_nano.a(libc_a-fflush.o)
                                                  c:/chibistudio/tools/gnu tools arm embedded/11.3 2022.08/bin/../lib/gcc/arm-none-eabi/11.3.1/thumb/v7e-m+fp/softfp\libg_nano.a(libc_a-wbuf.o)
                                                  c:/chibistudio/tools/gnu tools arm embedded/11.3 2022.08/bin/../lib/gcc/arm-none-eabi/11.3.1/thumb/v7e-m+fp/softfp\libg_nano.a(libc_a-fvwrite.o)
                                                  c:/chibistudio/tools/gnu tools arm embedded/11.3 2022.08/bin/../lib/gcc/arm-none-eabi/11.3.1/thumb/v7e-m+fp/softfp\libg_nano.a(libc_a-findfp.o)
_fiprintf_r                                       c:/chibistudio/tools/gnu tools arm embedded/11.3 2022.08/bin/../lib/gcc/arm-none-eabi/11.3.1/thumb/v7e-m+fp/softfp\libg_nano.a(libc_a-fprintf.o)
_fprintf_r                                        c:/chibistudio/tools/gnu tools arm embedded/11.3 2022.08/bin/../lib/gcc/arm-none-eabi/11.3.1/thumb/v7e-m+fp/softfp\libg_nano.a(libc_a-fprintf.o)
_free_r                                           c:/chibistudio/tools/gnu tools arm embedded/11.3 2022.08/bin/../lib/gcc/arm-none-eabi/11.3.1/thumb/v7e-m+fp/softfp\libg_nano.a(libc_a-freer.o)
                                                  c:/chibistudio/tools/gnu tools arm embedded/11.3 2022.08/bin/../lib/gcc/arm-none-eabi/11.3.1/thumb/v7e-m+fp/softfp\libg_nano.a(libc_a-reent.o)
                                                  c:/chibistudio/tools/gnu tools arm embedded/11.3 2022.08/bin/../lib/gcc/arm-none-eabi/11.3.1/thumb/v7e-m+fp/softfp\libg_nano.a(libc_a-fflush.o)
                                                  c:/chibistudio/tools/gnu tools arm embedded/11.3 2022.08/bin/../lib/gcc/arm-none-eabi/11.3.1/thumb/v7e-m+fp/softfp\libg_nano.a(libc_a-reallocr.o)
                                                  c:/chibistudio/tools/gnu tools arm embedded/11.3 2022.08/bin/../lib/gcc/arm-none-eabi/11.3.1/thumb/v7e-m+fp/softfp\libg_nano.a(libc_a-wsetup.o)
                                                  c:/chibistudio/tools/gnu tools arm embedded/11.3 2022.08/bin/../lib/gcc/arm-none-eabi/11.3.1/thumb/v7e-m+fp/softfp\libg_nano.a(libc_a-fvwrite.o)
                                                  c:/chibistudio/tools/gnu tools arm embedded/11.3 2022.08/bin/../lib/gcc/arm-none-eabi/11.3.1/thumb/v7e-m+fp/softfp\libg_nano.a(libc_a-malloc.o)
_fstat_r                                          C:\Users\Ridwane\AppData\Local\Temp\ccDbTOak.ltrans1.ltrans.o
                                                  ./build/obj/syscalls.o (symbol from plugin)
                                                  c:/chibistudio/tools/gnu tools arm embedded/11.3 2022.08/bin/../lib/gcc/arm-none-eabi/11.3.1/thumb/v7e-m+fp/softfp\libg_nano.a(libc_a-makebuf.o)
_fwalk_sglue                                      c:/chibistudio/tools/gnu tools arm embedded/11.3 2022.08/bin/../lib/gcc/arm-none-eabi/11.3.1/thumb/v7e-m+fp/softfp\libg_nano.a(libc_a-fwalk.o)
                                                  c:/chibistudio/tools/gnu tools arm embedded/11.3 2022.08/bin/../lib/gcc/arm-none-eabi/11.3.1/thumb/v7e-m+fp/softfp\libg_nano.a(libc_a-fflush.o)
                                                  c:/chibistudio/tools/gnu tools arm embedded/11.3 2022.08/bin/../lib/gcc/arm-none-eabi/11.3.1/thumb/v7e-m+fp/softfp\libg_nano.a(libc_a-findfp.o)
_get.lto_priv.0                                   C:\Users\Ridwane\AppData\Local\Temp\ccDbTOak.ltrans0.ltrans.o
                                                  C:\Users\Ridwane\AppData\Local\Temp\ccDbTOak.ltrans1.ltrans.o
_getpid                                           C:\Users\Ridwane\AppData\Local\Temp\ccDbTOak.ltrans1.ltrans.o
                                                  ./build/obj/syscalls.o (symbol from plugin)
                                                  c:/chibistudio/tools/gnu tools arm embedded/11.3 2022.08/bin/../lib/gcc/arm-none-eabi/11.3.1/thumb/v7e-m+fp/softfp\libg_nano.a(libc_a-signalr.o)
_getpid_r                                         c:/chibistudio/tools/gnu tools arm embedded/11.3 2022.08/bin/../lib/gcc/arm-none-eabi/11.3.1/thumb/v7e-m+fp/softfp\libg_nano.a(libc_a-signalr.o)
                                                  c:/chibistudio/tools/gnu tools arm embedded/11.3 2022.08/bin/../lib/gcc/arm-none-eabi/11.3.1/thumb/v7e-m+fp/softfp\libg_nano.a(libc_a-signal.o)
_gett.lto_priv.0                                  C:\Users\Ridwane\AppData\Local\Temp\ccDbTOak.ltrans0.ltrans.o
                                                  C:\Users\Ridwane\AppData\Local\Temp\ccDbTOak.ltrans1.ltrans.o
_impure_data                                      c:/chibistudio/tools/gnu tools arm embedded/11.3 2022.08/bin/../lib/gcc/arm-none-eabi/11.3.1/thumb/v7e-m+fp/softfp\libg_nano.a(libc_a-impure.o)
                                                  c:/chibistudio/tools/gnu tools arm embedded/11.3 2022.08/bin/../lib/gcc/arm-none-eabi/11.3.1/thumb/v7e-m+fp/softfp\libg_nano.a(libc_a-fflush.o)
                                                  c:/chibistudio/tools/gnu tools arm embedded/11.3 2022.08/bin/../lib/gcc/arm-none-eabi/11.3.1/thumb/v7e-m+fp/softfp\libg_nano.a(libc_a-findfp.o)
_impure_ptr                                       c:/chibistudio/tools/gnu tools arm embedded/11.3 2022.08/bin/../lib/gcc/arm-none-eabi/11.3.1/thumb/v7e-m+fp/softfp\libg_nano.a(libc_a-impure.o)
                                                  c:/chibistudio/tools/gnu tools arm embedded/11.3 2022.08/bin/../lib/gcc/arm-none-eabi/11.3.1/thumb/v7e-m+fp/softfp\libg_nano.a(libc_a-calloc.o)
                                                  c:/chibistudio/tools/gnu tools arm embedded/11.3 2022.08/bin/../lib/gcc/arm-none-eabi/11.3.1/thumb/v7e-m+fp/softfp\libg_nano.a(libc_a-reent.o)
                                                  c:/chibistudio/tools/gnu tools arm embedded/11.3 2022.08/bin/../lib/gcc/arm-none-eabi/11.3.1/thumb/v7e-m+fp/softfp\libg_nano.a(libc_a-fflush.o)
                                                  c:/chibistudio/tools/gnu tools arm embedded/11.3 2022.08/bin/../lib/gcc/arm-none-eabi/11.3.1/thumb/v7e-m+fp/softfp\libg_nano.a(libc_a-signal.o)
                                                  c:/chibistudio/tools/gnu tools arm embedded/11.3 2022.08/bin/../lib/gcc/arm-none-eabi/11.3.1/thumb/v7e-m+fp/softfp\libg_nano.a(libc_a-wsetup.o)
                                                  c:/chibistudio/tools/gnu tools arm embedded/11.3 2022.08/bin/../lib/gcc/arm-none-eabi/11.3.1/thumb/v7e-m+fp/softfp\libg_nano.a(libc_a-wbuf.o)
                                                  c:/chibistudio/tools/gnu tools arm embedded/11.3 2022.08/bin/../lib/gcc/arm-none-eabi/11.3.1/thumb/v7e-m+fp/softfp\libg_nano.a(libc_a-nano-vfprintf.o)
                                                  c:/chibistudio/tools/gnu tools arm embedded/11.3 2022.08/bin/../lib/gcc/arm-none-eabi/11.3.1/thumb/v7e-m+fp/softfp\libg_nano.a(libc_a-fprintf.o)
                                                  c:/chibistudio/tools/gnu tools arm embedded/11.3 2022.08/bin/../lib/gcc/arm-none-eabi/11.3.1/thumb/v7e-m+fp/softfp\libg_nano.a(libc_a-malloc.o)
                                                  c:/chibistudio/tools/gnu tools arm embedded/11.3 2022.08/bin/../lib/gcc/arm-none-eabi/11.3.1/thumb/v7e-m+fp/softfp\libg_nano.a(libc_a-assert.o)
                                                  c:/chibistudio/tools/gnu tools arm embedded/11.3 2022.08/bin/../lib/gcc/arm-none-eabi/11.3.1/thumb/v7e-m+fp/softfp\libg_nano.a(libc_a-rand.o)
_init_signal                                      c:/chibistudio/tools/gnu tools arm embedded/11.3 2022.08/bin/../lib/gcc/arm-none-eabi/11.3.1/thumb/v7e-m+fp/softfp\libg_nano.a(libc_a-signal.o)
_init_signal_r                                    c:/chibistudio/tools/gnu tools arm embedded/11.3 2022.08/bin/../lib/gcc/arm-none-eabi/11.3.1/thumb/v7e-m+fp/softfp\libg_nano.a(libc_a-signal.o)
_isatty_r                                         C:\Users\Ridwane\AppData\Local\Temp\ccDbTOak.ltrans1.ltrans.o
                                                  ./build/obj/syscalls.o (symbol from plugin)
                                                  c:/chibistudio/tools/gnu tools arm embedded/11.3 2022.08/bin/../lib/gcc/arm-none-eabi/11.3.1/thumb/v7e-m+fp/softfp\libg_nano.a(libc_a-makebuf.o)
_kill                                             C:\Users\Ridwane\AppData\Local\Temp\ccDbTOak.ltrans1.ltrans.o
                                                  ./build/obj/syscalls.o (symbol from plugin)
                                                  c:/chibistudio/tools/gnu tools arm embedded/11.3 2022.08/bin/../lib/gcc/arm-none-eabi/11.3.1/thumb/v7e-m+fp/softfp\libg_nano.a(libc_a-signalr.o)
_kill_r                                           c:/chibistudio/tools/gnu tools arm embedded/11.3 2022.08/bin/../lib/gcc/arm-none-eabi/11.3.1/thumb/v7e-m+fp/softfp\libg_nano.a(libc_a-signalr.o)
                                                  c:/chibistudio/tools/gnu tools arm embedded/11.3 2022.08/bin/../lib/gcc/arm-none-eabi/11.3.1/thumb/v7e-m+fp/softfp\libg_nano.a(libc_a-signal.o)
_lseek_r                                          C:\Users\Ridwane\AppData\Local\Temp\ccDbTOak.ltrans1.ltrans.o
                                                  ./build/obj/syscalls.o (symbol from plugin)
                                                  c:/chibistudio/tools/gnu tools arm embedded/11.3 2022.08/bin/../lib/gcc/arm-none-eabi/11.3.1/thumb/v7e-m+fp/softfp\libg_nano.a(libc_a-stdio.o)
_malloc_r                                         c:/chibistudio/tools/gnu tools arm embedded/11.3 2022.08/bin/../lib/gcc/arm-none-eabi/11.3.1/thumb/v7e-m+fp/softfp\libg_nano.a(libc_a-mallocr.o)
                                                  c:/chibistudio/tools/gnu tools arm embedded/11.3 2022.08/bin/../lib/gcc/arm-none-eabi/11.3.1/thumb/v7e-m+fp/softfp\libg_nano.a(libc_a-callocr.o)
                                                  c:/chibistudio/tools/gnu tools arm embedded/11.3 2022.08/bin/../lib/gcc/arm-none-eabi/11.3.1/thumb/v7e-m+fp/softfp\libg_nano.a(libc_a-makebuf.o)
                                                  c:/chibistudio/tools/gnu tools arm embedded/11.3 2022.08/bin/../lib/gcc/arm-none-eabi/11.3.1/thumb/v7e-m+fp/softfp\libg_nano.a(libc_a-reallocr.o)
                                                  c:/chibistudio/tools/gnu tools arm embedded/11.3 2022.08/bin/../lib/gcc/arm-none-eabi/11.3.1/thumb/v7e-m+fp/softfp\libg_nano.a(libc_a-signal.o)
                                                  c:/chibistudio/tools/gnu tools arm embedded/11.3 2022.08/bin/../lib/gcc/arm-none-eabi/11.3.1/thumb/v7e-m+fp/softfp\libg_nano.a(libc_a-fvwrite.o)
                                                  c:/chibistudio/tools/gnu tools arm embedded/11.3 2022.08/bin/../lib/gcc/arm-none-eabi/11.3.1/thumb/v7e-m+fp/softfp\libg_nano.a(libc_a-findfp.o)
                                                  c:/chibistudio/tools/gnu tools arm embedded/11.3 2022.08/bin/../lib/gcc/arm-none-eabi/11.3.1/thumb/v7e-m+fp/softfp\libg_nano.a(libc_a-malloc.o)
_malloc_usable_size_r                             c:/chibistudio/tools/gnu tools arm embedded/11.3 2022.08/bin/../lib/gcc/arm-none-eabi/11.3.1/thumb/v7e-m+fp/softfp\libg_nano.a(libc_a-msizer.o)
                                                  c:/chibistudio/tools/gnu tools arm embedded/11.3 2022.08/bin/../lib/gcc/arm-none-eabi/11.3.1/thumb/v7e-m+fp/softfp\libg_nano.a(libc_a-reallocr.o)
_open_r                                           C:\Users\Ridwane\AppData\Local\Temp\ccDbTOak.ltrans1.ltrans.o
                                                  ./build/obj/syscalls.o (symbol from plugin)
_pal_lld_init                                     ./build/obj/hal_pal_lld.o (symbol from plugin)
                                                  ./build/obj/hal.o (symbol from plugin)
_pal_lld_setgroupmode                             ./build/obj/hal_pal_lld.o (symbol from plugin)
                                                  ./build/obj/main.o (symbol from plugin)
                                                  ./build/obj/hal_pal.o (symbol from plugin)
_printf_common                                    c:/chibistudio/tools/gnu tools arm embedded/11.3 2022.08/bin/../lib/gcc/arm-none-eabi/11.3.1/thumb/v7e-m+fp/softfp\libg_nano.a(libc_a-nano-vfprintf_i.o)
_printf_float                                     c:/chibistudio/tools/gnu tools arm embedded/11.3 2022.08/bin/../lib/gcc/arm-none-eabi/11.3.1/thumb/v7e-m+fp/softfp\libg_nano.a(libc_a-nano-vfprintf.o)
_printf_i                                         c:/chibistudio/tools/gnu tools arm embedded/11.3 2022.08/bin/../lib/gcc/arm-none-eabi/11.3.1/thumb/v7e-m+fp/softfp\libg_nano.a(libc_a-nano-vfprintf_i.o)
                                                  c:/chibistudio/tools/gnu tools arm embedded/11.3 2022.08/bin/../lib/gcc/arm-none-eabi/11.3.1/thumb/v7e-m+fp/softfp\libg_nano.a(libc_a-nano-vfprintf.o)
_put.lto_priv.0                                   C:\Users\Ridwane\AppData\Local\Temp\ccDbTOak.ltrans0.ltrans.o
                                                  C:\Users\Ridwane\AppData\Local\Temp\ccDbTOak.ltrans1.ltrans.o
_putt.lto_priv.0                                  C:\Users\Ridwane\AppData\Local\Temp\ccDbTOak.ltrans0.ltrans.o
                                                  C:\Users\Ridwane\AppData\Local\Temp\ccDbTOak.ltrans1.ltrans.o
_raise_r                                          c:/chibistudio/tools/gnu tools arm embedded/11.3 2022.08/bin/../lib/gcc/arm-none-eabi/11.3.1/thumb/v7e-m+fp/softfp\libg_nano.a(libc_a-signal.o)
_read.lto_priv.0                                  C:\Users\Ridwane\AppData\Local\Temp\ccDbTOak.ltrans0.ltrans.o
                                                  C:\Users\Ridwane\AppData\Local\Temp\ccDbTOak.ltrans1.ltrans.o
_read_r                                           C:\Users\Ridwane\AppData\Local\Temp\ccDbTOak.ltrans1.ltrans.o
                                                  ./build/obj/syscalls.o (symbol from plugin)
                                                  c:/chibistudio/tools/gnu tools arm embedded/11.3 2022.08/bin/../lib/gcc/arm-none-eabi/11.3.1/thumb/v7e-m+fp/softfp\libg_nano.a(libc_a-stdio.o)
_readt.lto_priv.0                                 C:\Users\Ridwane\AppData\Local\Temp\ccDbTOak.ltrans0.ltrans.o
                                                  C:\Users\Ridwane\AppData\Local\Temp\ccDbTOak.ltrans1.ltrans.o
_realloc_r                                        c:/chibistudio/tools/gnu tools arm embedded/11.3 2022.08/bin/../lib/gcc/arm-none-eabi/11.3.1/thumb/v7e-m+fp/softfp\libg_nano.a(libc_a-reallocr.o)
                                                  c:/chibistudio/tools/gnu tools arm embedded/11.3 2022.08/bin/../lib/gcc/arm-none-eabi/11.3.1/thumb/v7e-m+fp/softfp\libg_nano.a(libc_a-fvwrite.o)
_reclaim_reent                                    c:/chibistudio/tools/gnu tools arm embedded/11.3 2022.08/bin/../lib/gcc/arm-none-eabi/11.3.1/thumb/v7e-m+fp/softfp\libg_nano.a(libc_a-reent.o)
_sbrk_r                                           C:\Users\Ridwane\AppData\Local\Temp\ccDbTOak.ltrans1.ltrans.o
                                                  ./build/obj/syscalls.o (symbol from plugin)
                                                  c:/chibistudio/tools/gnu tools arm embedded/11.3 2022.08/bin/../lib/gcc/arm-none-eabi/11.3.1/thumb/v7e-m+fp/softfp\libg_nano.a(libc_a-mallocr.o)
_signal_r                                         c:/chibistudio/tools/gnu tools arm embedded/11.3 2022.08/bin/../lib/gcc/arm-none-eabi/11.3.1/thumb/v7e-m+fp/softfp\libg_nano.a(libc_a-signal.o)
_start                                            ./build/obj/startup_MPS2.o
_vectors                                          ./build/obj/crt0_v7m.o
_vfiprintf_r                                      c:/chibistudio/tools/gnu tools arm embedded/11.3 2022.08/bin/../lib/gcc/arm-none-eabi/11.3.1/thumb/v7e-m+fp/softfp\libg_nano.a(libc_a-nano-vfprintf.o)
_vfprintf_r                                       c:/chibistudio/tools/gnu tools arm embedded/11.3 2022.08/bin/../lib/gcc/arm-none-eabi/11.3.1/thumb/v7e-m+fp/softfp\libg_nano.a(libc_a-nano-vfprintf.o)
                                                  c:/chibistudio/tools/gnu tools arm embedded/11.3 2022.08/bin/../lib/gcc/arm-none-eabi/11.3.1/thumb/v7e-m+fp/softfp\libg_nano.a(libc_a-fprintf.o)
_write.lto_priv.0                                 C:\Users\Ridwane\AppData\Local\Temp\ccDbTOak.ltrans0.ltrans.o
                                                  C:\Users\Ridwane\AppData\Local\Temp\ccDbTOak.ltrans1.ltrans.o
_write_r                                          C:\Users\Ridwane\AppData\Local\Temp\ccDbTOak.ltrans1.ltrans.o
                                                  ./build/obj/syscalls.o (symbol from plugin)
                                                  c:/chibistudio/tools/gnu tools arm embedded/11.3 2022.08/bin/../lib/gcc/arm-none-eabi/11.3.1/thumb/v7e-m+fp/softfp\libg_nano.a(libc_a-stdio.o)
_writet.lto_priv.0                                C:\Users\Ridwane\AppData\Local\Temp\ccDbTOak.ltrans0.ltrans.o
                                                  C:\Users\Ridwane\AppData\Local\Temp\ccDbTOak.ltrans1.ltrans.o
abort                                             c:/chibistudio/tools/gnu tools arm embedded/11.3 2022.08/bin/../lib/gcc/arm-none-eabi/11.3.1/thumb/v7e-m+fp/softfp\libg_nano.a(libc_a-abort.o)
                                                  c:/chibistudio/tools/gnu tools arm embedded/11.3 2022.08/bin/../lib/gcc/arm-none-eabi/11.3.1/thumb/v7e-m+fp/softfp\libg_nano.a(libc_a-assert.o)
aes.c.79506f18                                    C:\Users\Ridwane\AppData\Local\Temp\ccAi33Lf.debug.temp.o
aes128_ctr                                        ./build/obj/aes.o (symbol from plugin)
aes128_ctr_keyexp                                 ./build/obj/aes.o (symbol from plugin)
aes128_ctx_release                                ./build/obj/aes.o (symbol from plugin)
aes128_ecb                                        ./build/obj/aes.o (symbol from plugin)
aes128_ecb_keyexp                                 ./build/obj/aes.o (symbol from plugin)
aes128_encrypt_ffs                                ./build/obj/aes-encrypt.o
                                                  ./build/obj/aes.o (symbol from plugin)
aes128_encrypt_publicinputs_asm                   ./build/obj/aes-publicinputs.o
aes128_keyexp_publicinputs_asm                    ./build/obj/aes-publicinputs.o
aes128_keyschedule_ffs                            ./build/obj/aes-keyschedule.o
                                                  ./build/obj/aes.o (symbol from plugin)
aes192_encrypt_publicinputs_asm                   ./build/obj/aes-publicinputs.o
aes192_keyexp_publicinputs_asm                    ./build/obj/aes-publicinputs.o
aes256_ctr                                        ./build/obj/aes.o (symbol from plugin)
aes256_ctr_keyexp                                 ./build/obj/aes.o (symbol from plugin)
aes256_ctx_release                                ./build/obj/aes.o (symbol from plugin)
aes256_ecb                                        ./build/obj/aes.o (symbol from plugin)
aes256_ecb_keyexp                                 ./build/obj/aes.o (symbol from plugin)
aes256_encrypt_ffs                                ./build/obj/aes-encrypt.o
                                                  ./build/obj/aes.o (symbol from plugin)
aes256_encrypt_publicinputs_asm                   ./build/obj/aes-publicinputs.o
aes256_keyexp_publicinputs_asm                    ./build/obj/aes-publicinputs.o
aes256_keyschedule_ffs                            ./build/obj/aes-keyschedule.o
                                                  ./build/obj/aes.o (symbol from plugin)
board.c.2b0d070b                                  C:\Users\Ridwane\AppData\Local\Temp\cc0bnjCE.debug.temp.o
                                                  C:\Users\Ridwane\AppData\Local\Temp\ccDbTOak.ltrans0.ltrans.o
boardInit                                         ./build/obj/board.o (symbol from plugin)
                                                  ./build/obj/hal.o (symbol from plugin)
bsIncomingDataI                                   ./build/obj/hal_buffered_serial.o (symbol from plugin)
bsRequestDataI                                    ./build/obj/hal_buffered_serial.o (symbol from plugin)
bss_size                                          ./build/obj/startup_MPS2.o
cache1.lto_priv.0                                 C:\Users\Ridwane\AppData\Local\Temp\ccDbTOak.ltrans0.ltrans.o
                                                  C:\Users\Ridwane\AppData\Local\Temp\ccDbTOak.ltrans1.ltrans.o
calloc                                            c:/chibistudio/tools/gnu tools arm embedded/11.3 2022.08/bin/../lib/gcc/arm-none-eabi/11.3.1/thumb/v7e-m+fp/softfp\libg_nano.a(libc_a-calloc.o)
                                                  C:\Users\Ridwane\AppData\Local\Temp\ccDbTOak.ltrans1.ltrans.o
ch0                                               C:\Users\Ridwane\AppData\Local\Temp\ccDbTOak.ltrans0.ltrans.o
                                                  ./build/obj/chsys.o (symbol from plugin)
                                                  C:\Users\Ridwane\AppData\Local\Temp\ccDbTOak.ltrans1.ltrans.o
                                                  ./build/obj/main.o (symbol from plugin)
                                                  ./build/obj/oslib_test_sequence_005.o (symbol from plugin)
                                                  ./build/obj/oslib_test_sequence_004.o (symbol from plugin)
                                                  ./build/obj/rt_test_sequence_012.o (symbol from plugin)
                                                  ./build/obj/rt_test_sequence_011.o (symbol from plugin)
                                                  ./build/obj/rt_test_sequence_010.o (symbol from plugin)
                                                  ./build/obj/rt_test_sequence_009.o (symbol from plugin)
                                                  ./build/obj/rt_test_sequence_008.o (symbol from plugin)
                                                  ./build/obj/rt_test_sequence_007.o (symbol from plugin)
                                                  ./build/obj/rt_test_sequence_006.o (symbol from plugin)
                                                  ./build/obj/rt_test_sequence_005.o (symbol from plugin)
                                                  ./build/obj/chmsg.o (symbol from plugin)